[2022-09-19T15:21:33.662+0700][gc] Using G1
[2022-09-19T15:21:33.668+0700][gc,init] Version: 17.0.4.1+1-LTS-2 (release)
[2022-09-19T15:21:33.668+0700][gc,init] CPUs: 12 total, 12 available
[2022-09-19T15:21:33.668+0700][gc,init] Memory: 16384M
[2022-09-19T15:21:33.668+0700][gc,init] Large Page Support: Disabled
[2022-09-19T15:21:33.668+0700][gc,init] NUMA Support: Disabled
[2022-09-19T15:21:33.668+0700][gc,init] Compressed Oops: Enabled (Zero based)
[2022-09-19T15:21:33.668+0700][gc,init] Heap Region Size: 1M
[2022-09-19T15:21:33.668+0700][gc,init] Heap Min Capacity: 1G
[2022-09-19T15:21:33.668+0700][gc,init] Heap Initial Capacity: 1G
[2022-09-19T15:21:33.668+0700][gc,init] Heap Max Capacity: 1G
[2022-09-19T15:21:33.668+0700][gc,init] Pre-touch: Disabled
[2022-09-19T15:21:33.668+0700][gc,init] Parallel Workers: 10
[2022-09-19T15:21:33.668+0700][gc,init] Concurrent Workers: 3
[2022-09-19T15:21:33.668+0700][gc,init] Concurrent Refinement Workers: 10
[2022-09-19T15:21:33.668+0700][gc,init] Periodic GC: Disabled
[2022-09-19T15:21:33.668+0700][gc,metaspace] CDS archive(s) mapped at: [0x0000000800000000-0x0000000800bd8000-0x0000000800bd8000), size 12419072, SharedBaseAddress: 0x0000000800000000, ArchiveRelocationMode: 0.
[2022-09-19T15:21:33.668+0700][gc,metaspace] Compressed class space mapped at: 0x0000000800c00000-0x0000000840c00000, reserved size: 1073741824
[2022-09-19T15:21:33.668+0700][gc,metaspace] Narrow klass base: 0x0000000800000000, Narrow klass shift: 0, Narrow klass range: 0x100000000
[2022-09-19T15:21:34.209+0700][gc,heap,exit] Heap
[2022-09-19T15:21:34.209+0700][gc,heap,exit]  garbage-first heap   total 1048576K, used 24532K [0x00000007c0000000, 0x0000000800000000)
[2022-09-19T15:21:34.209+0700][gc,heap,exit]   region size 1024K, 23 young (23552K), 0 survivors (0K)
[2022-09-19T15:21:34.209+0700][gc,heap,exit]  Metaspace       used 9082K, committed 9280K, reserved 1064960K
[2022-09-19T15:21:34.209+0700][gc,heap,exit]   class space    used 1144K, committed 1216K, reserved 1048576K
