[2022-09-19T15:21:44.578+0700][gc] Using G1
[2022-09-19T15:21:44.584+0700][gc,init] Version: 17.0.4.1+1-LTS-2 (release)
[2022-09-19T15:21:44.584+0700][gc,init] CPUs: 12 total, 12 available
[2022-09-19T15:21:44.584+0700][gc,init] Memory: 16384M
[2022-09-19T15:21:44.584+0700][gc,init] Large Page Support: Disabled
[2022-09-19T15:21:44.584+0700][gc,init] NUMA Support: Disabled
[2022-09-19T15:21:44.584+0700][gc,init] Compressed Oops: Enabled (Zero based)
[2022-09-19T15:21:44.584+0700][gc,init] Heap Region Size: 1M
[2022-09-19T15:21:44.584+0700][gc,init] Heap Min Capacity: 1G
[2022-09-19T15:21:44.584+0700][gc,init] Heap Initial Capacity: 1G
[2022-09-19T15:21:44.584+0700][gc,init] Heap Max Capacity: 1G
[2022-09-19T15:21:44.584+0700][gc,init] Pre-touch: Disabled
[2022-09-19T15:21:44.584+0700][gc,init] Parallel Workers: 10
[2022-09-19T15:21:44.584+0700][gc,init] Concurrent Workers: 3
[2022-09-19T15:21:44.584+0700][gc,init] Concurrent Refinement Workers: 10
[2022-09-19T15:21:44.584+0700][gc,init] Periodic GC: Disabled
[2022-09-19T15:21:44.584+0700][gc,metaspace] CDS archive(s) mapped at: [0x0000000800000000-0x0000000800bd8000-0x0000000800bd8000), size 12419072, SharedBaseAddress: 0x0000000800000000, ArchiveRelocationMode: 0.
[2022-09-19T15:21:44.585+0700][gc,metaspace] Compressed class space mapped at: 0x0000000800c00000-0x0000000840c00000, reserved size: 1073741824
[2022-09-19T15:21:44.585+0700][gc,metaspace] Narrow klass base: 0x0000000800000000, Narrow klass shift: 0, Narrow klass range: 0x100000000
[2022-09-19T15:21:46.020+0700][gc,start    ] GC(0) Pause Young (Normal) (G1 Evacuation Pause)
[2022-09-19T15:21:46.021+0700][gc,task     ] GC(0) Using 10 workers of 10 for evacuation
[2022-09-19T15:21:46.024+0700][gc,phases   ] GC(0)   Pre Evacuate Collection Set: 0.1ms
[2022-09-19T15:21:46.024+0700][gc,phases   ] GC(0)   Merge Heap Roots: 0.1ms
[2022-09-19T15:21:46.024+0700][gc,phases   ] GC(0)   Evacuate Collection Set: 3.0ms
[2022-09-19T15:21:46.024+0700][gc,phases   ] GC(0)   Post Evacuate Collection Set: 0.5ms
[2022-09-19T15:21:46.024+0700][gc,phases   ] GC(0)   Other: 0.6ms
[2022-09-19T15:21:46.024+0700][gc,heap     ] GC(0) Eden regions: 51->0(44)
[2022-09-19T15:21:46.024+0700][gc,heap     ] GC(0) Survivor regions: 0->7(7)
[2022-09-19T15:21:46.024+0700][gc,heap     ] GC(0) Old regions: 0->1
[2022-09-19T15:21:46.024+0700][gc,heap     ] GC(0) Archive regions: 2->2
[2022-09-19T15:21:46.024+0700][gc,heap     ] GC(0) Humongous regions: 0->0
[2022-09-19T15:21:46.024+0700][gc,metaspace] GC(0) Metaspace: 18652K(18816K)->18652K(18816K) NonClass: 16403K(16512K)->16403K(16512K) Class: 2249K(2304K)->2249K(2304K)
[2022-09-19T15:21:46.024+0700][gc          ] GC(0) Pause Young (Normal) (G1 Evacuation Pause) 51M->8M(1024M) 4.298ms
[2022-09-19T15:21:46.024+0700][gc,cpu      ] GC(0) User=0.02s Sys=0.01s Real=0.00s
[2022-09-19T15:21:46.425+0700][gc,start    ] GC(1) Pause Young (Concurrent Start) (Metadata GC Threshold)
[2022-09-19T15:21:46.425+0700][gc,task     ] GC(1) Using 10 workers of 10 for evacuation
[2022-09-19T15:21:46.431+0700][gc,phases   ] GC(1)   Pre Evacuate Collection Set: 0.1ms
[2022-09-19T15:21:46.431+0700][gc,phases   ] GC(1)   Merge Heap Roots: 0.0ms
[2022-09-19T15:21:46.431+0700][gc,phases   ] GC(1)   Evacuate Collection Set: 5.4ms
[2022-09-19T15:21:46.431+0700][gc,phases   ] GC(1)   Post Evacuate Collection Set: 0.3ms
[2022-09-19T15:21:46.431+0700][gc,phases   ] GC(1)   Other: 0.2ms
[2022-09-19T15:21:46.431+0700][gc,heap     ] GC(1) Eden regions: 12->0(49)
[2022-09-19T15:21:46.431+0700][gc,heap     ] GC(1) Survivor regions: 7->2(7)
[2022-09-19T15:21:46.431+0700][gc,heap     ] GC(1) Old regions: 1->7
[2022-09-19T15:21:46.431+0700][gc,heap     ] GC(1) Archive regions: 2->2
[2022-09-19T15:21:46.431+0700][gc,heap     ] GC(1) Humongous regions: 129->129
[2022-09-19T15:21:46.431+0700][gc,metaspace] GC(1) Metaspace: 21270K(21504K)->21270K(21504K) NonClass: 18671K(18752K)->18671K(18752K) Class: 2598K(2752K)->2598K(2752K)
[2022-09-19T15:21:46.431+0700][gc          ] GC(1) Pause Young (Concurrent Start) (Metadata GC Threshold) 148M->138M(1024M) 6.207ms
[2022-09-19T15:21:46.431+0700][gc,cpu      ] GC(1) User=0.03s Sys=0.02s Real=0.01s
[2022-09-19T15:21:46.431+0700][gc          ] GC(2) Concurrent Mark Cycle
[2022-09-19T15:21:46.431+0700][gc,marking  ] GC(2) Concurrent Clear Claimed Marks
[2022-09-19T15:21:46.431+0700][gc,marking  ] GC(2) Concurrent Clear Claimed Marks 0.017ms
[2022-09-19T15:21:46.431+0700][gc,marking  ] GC(2) Concurrent Scan Root Regions
[2022-09-19T15:21:46.433+0700][gc,marking  ] GC(2) Concurrent Scan Root Regions 2.012ms
[2022-09-19T15:21:46.434+0700][gc,marking  ] GC(2) Concurrent Mark
[2022-09-19T15:21:46.434+0700][gc,marking  ] GC(2) Concurrent Mark From Roots
[2022-09-19T15:21:46.434+0700][gc,task     ] GC(2) Using 3 workers of 3 for marking
[2022-09-19T15:21:46.436+0700][gc,marking  ] GC(2) Concurrent Mark From Roots 2.238ms
[2022-09-19T15:21:46.436+0700][gc,marking  ] GC(2) Concurrent Preclean
[2022-09-19T15:21:46.436+0700][gc,marking  ] GC(2) Concurrent Preclean 0.039ms
[2022-09-19T15:21:46.436+0700][gc,start    ] GC(2) Pause Remark
[2022-09-19T15:21:46.437+0700][gc          ] GC(2) Pause Remark 139M->139M(1024M) 1.153ms
[2022-09-19T15:21:46.437+0700][gc,cpu      ] GC(2) User=0.00s Sys=0.00s Real=0.00s
[2022-09-19T15:21:46.437+0700][gc,marking  ] GC(2) Concurrent Mark 3.607ms
[2022-09-19T15:21:46.437+0700][gc,marking  ] GC(2) Concurrent Rebuild Remembered Sets
[2022-09-19T15:21:46.437+0700][gc,marking  ] GC(2) Concurrent Rebuild Remembered Sets 0.011ms
[2022-09-19T15:21:46.437+0700][gc,start    ] GC(2) Pause Cleanup
[2022-09-19T15:21:46.437+0700][gc          ] GC(2) Pause Cleanup 139M->139M(1024M) 0.027ms
[2022-09-19T15:21:46.437+0700][gc,cpu      ] GC(2) User=0.00s Sys=0.00s Real=0.00s
[2022-09-19T15:21:46.437+0700][gc,marking  ] GC(2) Concurrent Cleanup for Next Mark
[2022-09-19T15:21:46.443+0700][gc,marking  ] GC(2) Concurrent Cleanup for Next Mark 5.749ms
[2022-09-19T15:21:46.443+0700][gc          ] GC(2) Concurrent Mark Cycle 11.829ms
[2022-09-19T15:21:47.133+0700][gc,start    ] GC(3) Pause Young (Normal) (GCLocker Initiated GC)
[2022-09-19T15:21:47.133+0700][gc,task     ] GC(3) Using 10 workers of 10 for evacuation
[2022-09-19T15:21:47.137+0700][gc,phases   ] GC(3)   Pre Evacuate Collection Set: 0.1ms
[2022-09-19T15:21:47.137+0700][gc,phases   ] GC(3)   Merge Heap Roots: 0.2ms
[2022-09-19T15:21:47.137+0700][gc,phases   ] GC(3)   Evacuate Collection Set: 3.4ms
[2022-09-19T15:21:47.137+0700][gc,phases   ] GC(3)   Post Evacuate Collection Set: 0.4ms
[2022-09-19T15:21:47.137+0700][gc,phases   ] GC(3)   Other: 0.2ms
[2022-09-19T15:21:47.137+0700][gc,heap     ] GC(3) Eden regions: 49->0(45)
[2022-09-19T15:21:47.137+0700][gc,heap     ] GC(3) Survivor regions: 2->6(7)
[2022-09-19T15:21:47.137+0700][gc,heap     ] GC(3) Old regions: 7->7
[2022-09-19T15:21:47.137+0700][gc,heap     ] GC(3) Archive regions: 2->2
[2022-09-19T15:21:47.137+0700][gc,heap     ] GC(3) Humongous regions: 129->129
[2022-09-19T15:21:47.137+0700][gc,metaspace] GC(3) Metaspace: 32896K(33152K)->32896K(33152K) NonClass: 29135K(29248K)->29135K(29248K) Class: 3761K(3904K)->3761K(3904K)
[2022-09-19T15:21:47.137+0700][gc          ] GC(3) Pause Young (Normal) (GCLocker Initiated GC) 187M->142M(1024M) 4.403ms
[2022-09-19T15:21:47.137+0700][gc,cpu      ] GC(3) User=0.03s Sys=0.01s Real=0.00s
[2022-09-19T15:29:24.593+0700][gc,start    ] GC(4) Pause Young (Concurrent Start) (Metadata GC Threshold)
[2022-09-19T15:29:24.593+0700][gc,task     ] GC(4) Using 10 workers of 10 for evacuation
[2022-09-19T15:29:24.598+0700][gc,phases   ] GC(4)   Pre Evacuate Collection Set: 0.1ms
[2022-09-19T15:29:24.598+0700][gc,phases   ] GC(4)   Merge Heap Roots: 0.1ms
[2022-09-19T15:29:24.598+0700][gc,phases   ] GC(4)   Evacuate Collection Set: 4.1ms
[2022-09-19T15:29:24.598+0700][gc,phases   ] GC(4)   Post Evacuate Collection Set: 0.4ms
[2022-09-19T15:29:24.598+0700][gc,phases   ] GC(4)   Other: 0.2ms
[2022-09-19T15:29:24.598+0700][gc,heap     ] GC(4) Eden regions: 17->0(49)
[2022-09-19T15:29:24.598+0700][gc,heap     ] GC(4) Survivor regions: 6->2(7)
[2022-09-19T15:29:24.598+0700][gc,heap     ] GC(4) Old regions: 7->13
[2022-09-19T15:29:24.598+0700][gc,heap     ] GC(4) Archive regions: 2->2
[2022-09-19T15:29:24.598+0700][gc,heap     ] GC(4) Humongous regions: 129->129
[2022-09-19T15:29:24.598+0700][gc,metaspace] GC(4) Metaspace: 35640K(35968K)->35640K(35968K) NonClass: 31406K(31616K)->31406K(31616K) Class: 4234K(4352K)->4234K(4352K)
[2022-09-19T15:29:24.598+0700][gc          ] GC(4) Pause Young (Concurrent Start) (Metadata GC Threshold) 158M->143M(1024M) 5.033ms
[2022-09-19T15:29:24.598+0700][gc,cpu      ] GC(4) User=0.03s Sys=0.01s Real=0.00s
[2022-09-19T15:29:24.598+0700][gc          ] GC(5) Concurrent Mark Cycle
[2022-09-19T15:29:24.598+0700][gc,marking  ] GC(5) Concurrent Clear Claimed Marks
[2022-09-19T15:29:24.598+0700][gc,marking  ] GC(5) Concurrent Clear Claimed Marks 0.023ms
[2022-09-19T15:29:24.598+0700][gc,marking  ] GC(5) Concurrent Scan Root Regions
[2022-09-19T15:29:24.601+0700][gc,marking  ] GC(5) Concurrent Scan Root Regions 2.791ms
[2022-09-19T15:29:24.601+0700][gc,marking  ] GC(5) Concurrent Mark
[2022-09-19T15:29:24.601+0700][gc,marking  ] GC(5) Concurrent Mark From Roots
[2022-09-19T15:29:24.601+0700][gc,task     ] GC(5) Using 3 workers of 3 for marking
[2022-09-19T15:29:24.606+0700][gc,marking  ] GC(5) Concurrent Mark From Roots 4.941ms
[2022-09-19T15:29:24.606+0700][gc,marking  ] GC(5) Concurrent Preclean
[2022-09-19T15:29:24.606+0700][gc,marking  ] GC(5) Concurrent Preclean 0.126ms
[2022-09-19T15:29:24.607+0700][gc,start    ] GC(5) Pause Remark
[2022-09-19T15:29:24.608+0700][gc          ] GC(5) Pause Remark 143M->143M(1024M) 1.662ms
[2022-09-19T15:29:24.608+0700][gc,cpu      ] GC(5) User=0.02s Sys=0.00s Real=0.00s
[2022-09-19T15:29:24.608+0700][gc,marking  ] GC(5) Concurrent Mark 7.093ms
[2022-09-19T15:29:24.608+0700][gc,marking  ] GC(5) Concurrent Rebuild Remembered Sets
[2022-09-19T15:29:24.612+0700][gc,marking  ] GC(5) Concurrent Rebuild Remembered Sets 3.357ms
[2022-09-19T15:29:24.612+0700][gc,start    ] GC(5) Pause Cleanup
[2022-09-19T15:29:24.612+0700][gc          ] GC(5) Pause Cleanup 144M->144M(1024M) 0.199ms
[2022-09-19T15:29:24.612+0700][gc,cpu      ] GC(5) User=0.00s Sys=0.00s Real=0.00s
[2022-09-19T15:29:24.612+0700][gc,marking  ] GC(5) Concurrent Cleanup for Next Mark
[2022-09-19T15:29:24.626+0700][gc,marking  ] GC(5) Concurrent Cleanup for Next Mark 13.436ms
[2022-09-19T15:29:24.626+0700][gc          ] GC(5) Concurrent Mark Cycle 27.593ms
[2022-09-19T15:51:03.880+0700][gc,start    ] GC(6) Pause Young (Normal) (G1 Evacuation Pause)
[2022-09-19T15:51:03.881+0700][gc,task     ] GC(6) Using 10 workers of 10 for evacuation
[2022-09-19T15:51:03.883+0700][gc,phases   ] GC(6)   Pre Evacuate Collection Set: 0.1ms
[2022-09-19T15:51:03.883+0700][gc,phases   ] GC(6)   Merge Heap Roots: 0.1ms
[2022-09-19T15:51:03.883+0700][gc,phases   ] GC(6)   Evacuate Collection Set: 2.1ms
[2022-09-19T15:51:03.883+0700][gc,phases   ] GC(6)   Post Evacuate Collection Set: 0.4ms
[2022-09-19T15:51:03.883+0700][gc,phases   ] GC(6)   Other: 0.4ms
[2022-09-19T15:51:03.883+0700][gc,heap     ] GC(6) Eden regions: 49->0(48)
[2022-09-19T15:51:03.883+0700][gc,heap     ] GC(6) Survivor regions: 2->3(7)
[2022-09-19T15:51:03.883+0700][gc,heap     ] GC(6) Old regions: 13->13
[2022-09-19T15:51:03.884+0700][gc,heap     ] GC(6) Archive regions: 2->2
[2022-09-19T15:51:03.884+0700][gc,heap     ] GC(6) Humongous regions: 129->129
[2022-09-19T15:51:03.884+0700][gc,metaspace] GC(6) Metaspace: 39445K(39936K)->39445K(39936K) NonClass: 34652K(34944K)->34652K(34944K) Class: 4793K(4992K)->4793K(4992K)
[2022-09-19T15:51:03.884+0700][gc          ] GC(6) Pause Young (Normal) (G1 Evacuation Pause) 192M->145M(1024M) 3.311ms
[2022-09-19T15:51:03.884+0700][gc,cpu      ] GC(6) User=0.01s Sys=0.00s Real=0.00s
[2022-09-19T15:57:32.999+0700][gc,start    ] GC(7) Pause Young (Normal) (G1 Evacuation Pause)
[2022-09-19T15:57:33.000+0700][gc,task     ] GC(7) Using 10 workers of 10 for evacuation
[2022-09-19T15:57:33.006+0700][gc,phases   ] GC(7)   Pre Evacuate Collection Set: 0.3ms
[2022-09-19T15:57:33.006+0700][gc,phases   ] GC(7)   Merge Heap Roots: 0.2ms
[2022-09-19T15:57:33.006+0700][gc,phases   ] GC(7)   Evacuate Collection Set: 4.1ms
[2022-09-19T15:57:33.006+0700][gc,phases   ] GC(7)   Post Evacuate Collection Set: 0.7ms
[2022-09-19T15:57:33.006+0700][gc,phases   ] GC(7)   Other: 1.2ms
[2022-09-19T15:57:33.006+0700][gc,heap     ] GC(7) Eden regions: 48->0(45)
[2022-09-19T15:57:33.006+0700][gc,heap     ] GC(7) Survivor regions: 3->6(7)
[2022-09-19T15:57:33.006+0700][gc,heap     ] GC(7) Old regions: 13->13
[2022-09-19T15:57:33.006+0700][gc,heap     ] GC(7) Archive regions: 2->2
[2022-09-19T15:57:33.006+0700][gc,heap     ] GC(7) Humongous regions: 129->129
[2022-09-19T15:57:33.006+0700][gc,metaspace] GC(7) Metaspace: 41713K(42304K)->41713K(42304K) NonClass: 36646K(36992K)->36646K(36992K) Class: 5067K(5312K)->5067K(5312K)
[2022-09-19T15:57:33.006+0700][gc          ] GC(7) Pause Young (Normal) (G1 Evacuation Pause) 193M->147M(1024M) 6.714ms
[2022-09-19T15:57:33.006+0700][gc,cpu      ] GC(7) User=0.03s Sys=0.00s Real=0.01s
[2022-09-19T16:03:42.950+0700][gc,start    ] GC(8) Pause Young (Normal) (G1 Evacuation Pause)
[2022-09-19T16:03:42.951+0700][gc,task     ] GC(8) Using 10 workers of 10 for evacuation
[2022-09-19T16:03:42.955+0700][gc,phases   ] GC(8)   Pre Evacuate Collection Set: 0.1ms
[2022-09-19T16:03:42.955+0700][gc,phases   ] GC(8)   Merge Heap Roots: 0.1ms
[2022-09-19T16:03:42.955+0700][gc,phases   ] GC(8)   Evacuate Collection Set: 3.9ms
[2022-09-19T16:03:42.955+0700][gc,phases   ] GC(8)   Post Evacuate Collection Set: 0.5ms
[2022-09-19T16:03:42.955+0700][gc,phases   ] GC(8)   Other: 0.6ms
[2022-09-19T16:03:42.956+0700][gc,heap     ] GC(8) Eden regions: 45->0(47)
[2022-09-19T16:03:42.956+0700][gc,heap     ] GC(8) Survivor regions: 6->4(7)
[2022-09-19T16:03:42.956+0700][gc,heap     ] GC(8) Old regions: 13->16
[2022-09-19T16:03:42.956+0700][gc,heap     ] GC(8) Archive regions: 2->2
[2022-09-19T16:03:42.956+0700][gc,heap     ] GC(8) Humongous regions: 129->129
[2022-09-19T16:03:42.956+0700][gc,metaspace] GC(8) Metaspace: 41864K(42432K)->41864K(42432K) NonClass: 36797K(37120K)->36797K(37120K) Class: 5067K(5312K)->5067K(5312K)
[2022-09-19T16:03:42.956+0700][gc          ] GC(8) Pause Young (Normal) (G1 Evacuation Pause) 192M->148M(1024M) 5.427ms
[2022-09-19T16:03:42.956+0700][gc,cpu      ] GC(8) User=0.03s Sys=0.00s Real=0.00s
[2022-09-19T16:10:27.581+0700][gc,start    ] GC(9) Pause Young (Normal) (G1 Evacuation Pause)
[2022-09-19T16:10:27.581+0700][gc,task     ] GC(9) Using 10 workers of 10 for evacuation
[2022-09-19T16:10:27.585+0700][gc,phases   ] GC(9)   Pre Evacuate Collection Set: 0.1ms
[2022-09-19T16:10:27.585+0700][gc,phases   ] GC(9)   Merge Heap Roots: 0.1ms
[2022-09-19T16:10:27.585+0700][gc,phases   ] GC(9)   Evacuate Collection Set: 2.7ms
[2022-09-19T16:10:27.585+0700][gc,phases   ] GC(9)   Post Evacuate Collection Set: 0.4ms
[2022-09-19T16:10:27.585+0700][gc,phases   ] GC(9)   Other: 1.0ms
[2022-09-19T16:10:27.585+0700][gc,heap     ] GC(9) Eden regions: 47->0(78)
[2022-09-19T16:10:27.585+0700][gc,heap     ] GC(9) Survivor regions: 4->3(7)
[2022-09-19T16:10:27.585+0700][gc,heap     ] GC(9) Old regions: 16->16
[2022-09-19T16:10:27.585+0700][gc,heap     ] GC(9) Archive regions: 2->2
[2022-09-19T16:10:27.585+0700][gc,heap     ] GC(9) Humongous regions: 129->129
[2022-09-19T16:10:27.585+0700][gc,metaspace] GC(9) Metaspace: 41982K(42560K)->41982K(42560K) NonClass: 36915K(37248K)->36915K(37248K) Class: 5067K(5312K)->5067K(5312K)
[2022-09-19T16:10:27.585+0700][gc          ] GC(9) Pause Young (Normal) (G1 Evacuation Pause) 195M->148M(1024M) 4.566ms
[2022-09-19T16:10:27.585+0700][gc,cpu      ] GC(9) User=0.02s Sys=0.01s Real=0.00s
[2022-09-19T16:21:48.124+0700][gc,start    ] GC(10) Pause Young (Normal) (G1 Evacuation Pause)
[2022-09-19T16:21:48.124+0700][gc,task     ] GC(10) Using 10 workers of 10 for evacuation
[2022-09-19T16:21:48.138+0700][gc,phases   ] GC(10)   Pre Evacuate Collection Set: 0.1ms
[2022-09-19T16:21:48.138+0700][gc,phases   ] GC(10)   Merge Heap Roots: 0.1ms
[2022-09-19T16:21:48.138+0700][gc,phases   ] GC(10)   Evacuate Collection Set: 13.1ms
[2022-09-19T16:21:48.138+0700][gc,phases   ] GC(10)   Post Evacuate Collection Set: 0.4ms
[2022-09-19T16:21:48.138+0700][gc,phases   ] GC(10)   Other: 0.4ms
[2022-09-19T16:21:48.138+0700][gc,heap     ] GC(10) Eden regions: 78->0(47)
[2022-09-19T16:21:48.138+0700][gc,heap     ] GC(10) Survivor regions: 3->5(11)
[2022-09-19T16:21:48.138+0700][gc,heap     ] GC(10) Old regions: 16->16
[2022-09-19T16:21:48.138+0700][gc,heap     ] GC(10) Archive regions: 2->2
[2022-09-19T16:21:48.138+0700][gc,heap     ] GC(10) Humongous regions: 129->129
[2022-09-19T16:21:48.138+0700][gc,metaspace] GC(10) Metaspace: 42181K(42688K)->42181K(42688K) NonClass: 37097K(37376K)->37097K(37376K) Class: 5083K(5312K)->5083K(5312K)
[2022-09-19T16:21:48.138+0700][gc          ] GC(10) Pause Young (Normal) (G1 Evacuation Pause) 226M->149M(1024M) 14.302ms
[2022-09-19T16:21:48.138+0700][gc,cpu      ] GC(10) User=0.03s Sys=0.06s Real=0.01s
[2022-09-19T16:28:39.966+0700][gc,start    ] GC(11) Pause Young (Normal) (G1 Evacuation Pause)
[2022-09-19T16:28:39.966+0700][gc,task     ] GC(11) Using 10 workers of 10 for evacuation
[2022-09-19T16:28:39.971+0700][gc,phases   ] GC(11)   Pre Evacuate Collection Set: 0.2ms
[2022-09-19T16:28:39.971+0700][gc,phases   ] GC(11)   Merge Heap Roots: 0.1ms
[2022-09-19T16:28:39.971+0700][gc,phases   ] GC(11)   Evacuate Collection Set: 3.5ms
[2022-09-19T16:28:39.971+0700][gc,phases   ] GC(11)   Post Evacuate Collection Set: 0.4ms
[2022-09-19T16:28:39.971+0700][gc,phases   ] GC(11)   Other: 1.0ms
[2022-09-19T16:28:39.971+0700][gc,heap     ] GC(11) Eden regions: 47->0(69)
[2022-09-19T16:28:39.971+0700][gc,heap     ] GC(11) Survivor regions: 5->4(7)
[2022-09-19T16:28:39.971+0700][gc,heap     ] GC(11) Old regions: 16->16
[2022-09-19T16:28:39.971+0700][gc,heap     ] GC(11) Archive regions: 2->2
[2022-09-19T16:28:39.971+0700][gc,heap     ] GC(11) Humongous regions: 129->129
[2022-09-19T16:28:39.971+0700][gc,metaspace] GC(11) Metaspace: 42256K(42816K)->42256K(42816K) NonClass: 37172K(37504K)->37172K(37504K) Class: 5083K(5312K)->5083K(5312K)
[2022-09-19T16:28:39.971+0700][gc          ] GC(11) Pause Young (Normal) (G1 Evacuation Pause) 196M->149M(1024M) 5.306ms
[2022-09-19T16:28:39.971+0700][gc,cpu      ] GC(11) User=0.03s Sys=0.00s Real=0.01s
[2022-09-19T16:39:11.945+0700][gc,start    ] GC(12) Pause Young (Normal) (G1 Evacuation Pause)
[2022-09-19T16:39:11.946+0700][gc,task     ] GC(12) Using 10 workers of 10 for evacuation
[2022-09-19T16:39:11.949+0700][gc,phases   ] GC(12)   Pre Evacuate Collection Set: 0.2ms
[2022-09-19T16:39:11.949+0700][gc,phases   ] GC(12)   Merge Heap Roots: 0.1ms
[2022-09-19T16:39:11.949+0700][gc,phases   ] GC(12)   Evacuate Collection Set: 2.0ms
[2022-09-19T16:39:11.949+0700][gc,phases   ] GC(12)   Post Evacuate Collection Set: 0.4ms
[2022-09-19T16:39:11.949+0700][gc,phases   ] GC(12)   Other: 0.9ms
[2022-09-19T16:39:11.949+0700][gc,heap     ] GC(12) Eden regions: 69->0(109)
[2022-09-19T16:39:11.949+0700][gc,heap     ] GC(12) Survivor regions: 4->3(10)
[2022-09-19T16:39:11.949+0700][gc,heap     ] GC(12) Old regions: 16->16
[2022-09-19T16:39:11.949+0700][gc,heap     ] GC(12) Archive regions: 2->2
[2022-09-19T16:39:11.949+0700][gc,heap     ] GC(12) Humongous regions: 129->129
[2022-09-19T16:39:11.949+0700][gc,metaspace] GC(12) Metaspace: 42351K(42944K)->42351K(42944K) NonClass: 37268K(37632K)->37268K(37632K) Class: 5083K(5312K)->5083K(5312K)
[2022-09-19T16:39:11.949+0700][gc          ] GC(12) Pause Young (Normal) (G1 Evacuation Pause) 218M->148M(1024M) 3.771ms
[2022-09-19T16:39:11.949+0700][gc,cpu      ] GC(12) User=0.02s Sys=0.01s Real=0.00s
[2022-09-19T16:56:00.006+0700][gc,start    ] GC(13) Pause Young (Normal) (G1 Evacuation Pause)
[2022-09-19T16:56:00.007+0700][gc,task     ] GC(13) Using 10 workers of 10 for evacuation
[2022-09-19T16:56:00.198+0700][gc,mmu      ] GC(13) MMU target violated: 21.0ms (20.0ms/21.0ms)
[2022-09-19T16:56:00.198+0700][gc,phases   ] GC(13)   Pre Evacuate Collection Set: 9.2ms
[2022-09-19T16:56:00.198+0700][gc,phases   ] GC(13)   Merge Heap Roots: 3.2ms
[2022-09-19T16:56:00.198+0700][gc,phases   ] GC(13)   Evacuate Collection Set: 171.7ms
[2022-09-19T16:56:00.198+0700][gc,phases   ] GC(13)   Post Evacuate Collection Set: 5.9ms
[2022-09-19T16:56:00.198+0700][gc,phases   ] GC(13)   Other: 4.0ms
[2022-09-19T16:56:00.198+0700][gc,heap     ] GC(13) Eden regions: 109->0(48)
[2022-09-19T16:56:00.198+0700][gc,heap     ] GC(13) Survivor regions: 3->3(14)
[2022-09-19T16:56:00.198+0700][gc,heap     ] GC(13) Old regions: 16->16
[2022-09-19T16:56:00.198+0700][gc,heap     ] GC(13) Archive regions: 2->2
[2022-09-19T16:56:00.198+0700][gc,heap     ] GC(13) Humongous regions: 129->129
[2022-09-19T16:56:00.198+0700][gc,metaspace] GC(13) Metaspace: 42404K(42944K)->42404K(42944K) NonClass: 37320K(37632K)->37320K(37632K) Class: 5083K(5312K)->5083K(5312K)
[2022-09-19T16:56:00.198+0700][gc          ] GC(13) Pause Young (Normal) (G1 Evacuation Pause) 257M->148M(1024M) 192.542ms
[2022-09-19T16:56:00.198+0700][gc,cpu      ] GC(13) User=0.02s Sys=0.18s Real=0.19s
[2022-09-19T17:03:10.245+0700][gc,start    ] GC(14) Pause Young (Normal) (G1 Evacuation Pause)
[2022-09-19T17:03:10.245+0700][gc,task     ] GC(14) Using 10 workers of 10 for evacuation
[2022-09-19T17:03:10.359+0700][gc,mmu      ] GC(14) MMU target violated: 21.0ms (20.0ms/21.0ms)
[2022-09-19T17:03:10.359+0700][gc,phases   ] GC(14)   Pre Evacuate Collection Set: 2.1ms
[2022-09-19T17:03:10.359+0700][gc,phases   ] GC(14)   Merge Heap Roots: 0.2ms
[2022-09-19T17:03:10.359+0700][gc,phases   ] GC(14)   Evacuate Collection Set: 110.8ms
[2022-09-19T17:03:10.359+0700][gc,phases   ] GC(14)   Post Evacuate Collection Set: 0.6ms
[2022-09-19T17:03:10.359+0700][gc,phases   ] GC(14)   Other: 0.6ms
[2022-09-19T17:03:10.359+0700][gc,heap     ] GC(14) Eden regions: 48->0(46)
[2022-09-19T17:03:10.359+0700][gc,heap     ] GC(14) Survivor regions: 3->5(7)
[2022-09-19T17:03:10.359+0700][gc,heap     ] GC(14) Old regions: 16->16
[2022-09-19T17:03:10.359+0700][gc,heap     ] GC(14) Archive regions: 2->2
[2022-09-19T17:03:10.359+0700][gc,heap     ] GC(14) Humongous regions: 129->129
[2022-09-19T17:03:10.359+0700][gc,metaspace] GC(14) Metaspace: 42483K(43008K)->42483K(43008K) NonClass: 37391K(37696K)->37391K(37696K) Class: 5092K(5312K)->5092K(5312K)
[2022-09-19T17:03:10.359+0700][gc          ] GC(14) Pause Young (Normal) (G1 Evacuation Pause) 196M->149M(1024M) 114.347ms
[2022-09-19T17:03:10.359+0700][gc,cpu      ] GC(14) User=0.04s Sys=0.31s Real=0.11s
[2022-09-19T17:03:13.943+0700][gc,heap,exit] Heap
[2022-09-19T17:03:13.943+0700][gc,heap,exit]  garbage-first heap   total 1048576K, used 162359K [0x00000007c0000000, 0x0000000800000000)
[2022-09-19T17:03:13.943+0700][gc,heap,exit]   region size 1024K, 14 young (14336K), 5 survivors (5120K)
[2022-09-19T17:03:13.943+0700][gc,heap,exit]  Metaspace       used 43058K, committed 43648K, reserved 1089536K
[2022-09-19T17:03:13.943+0700][gc,heap,exit]   class space    used 5242K, committed 5504K, reserved 1048576K
