[2022-09-19T17:57:25.793+0700][gc] Using G1
[2022-09-19T17:57:25.800+0700][gc,init] Version: 17.0.4.1+1-LTS-2 (release)
[2022-09-19T17:57:25.800+0700][gc,init] CPUs: 12 total, 12 available
[2022-09-19T17:57:25.800+0700][gc,init] Memory: 16384M
[2022-09-19T17:57:25.800+0700][gc,init] Large Page Support: Disabled
[2022-09-19T17:57:25.800+0700][gc,init] NUMA Support: Disabled
[2022-09-19T17:57:25.800+0700][gc,init] Compressed Oops: Enabled (Zero based)
[2022-09-19T17:57:25.800+0700][gc,init] Heap Region Size: 1M
[2022-09-19T17:57:25.800+0700][gc,init] Heap Min Capacity: 1G
[2022-09-19T17:57:25.800+0700][gc,init] Heap Initial Capacity: 1G
[2022-09-19T17:57:25.800+0700][gc,init] Heap Max Capacity: 1G
[2022-09-19T17:57:25.800+0700][gc,init] Pre-touch: Disabled
[2022-09-19T17:57:25.800+0700][gc,init] Parallel Workers: 10
[2022-09-19T17:57:25.800+0700][gc,init] Concurrent Workers: 3
[2022-09-19T17:57:25.800+0700][gc,init] Concurrent Refinement Workers: 10
[2022-09-19T17:57:25.800+0700][gc,init] Periodic GC: Disabled
[2022-09-19T17:57:25.800+0700][gc,metaspace] CDS archive(s) mapped at: [0x0000000800000000-0x0000000800bd8000-0x0000000800bd8000), size 12419072, SharedBaseAddress: 0x0000000800000000, ArchiveRelocationMode: 0.
[2022-09-19T17:57:25.800+0700][gc,metaspace] Compressed class space mapped at: 0x0000000800c00000-0x0000000840c00000, reserved size: 1073741824
[2022-09-19T17:57:25.800+0700][gc,metaspace] Narrow klass base: 0x0000000800000000, Narrow klass shift: 0, Narrow klass range: 0x100000000
[2022-09-19T17:57:26.951+0700][gc,start    ] GC(0) Pause Young (Normal) (G1 Evacuation Pause)
[2022-09-19T17:57:26.951+0700][gc,task     ] GC(0) Using 10 workers of 10 for evacuation
[2022-09-19T17:57:26.956+0700][gc,phases   ] GC(0)   Pre Evacuate Collection Set: 0.1ms
[2022-09-19T17:57:26.956+0700][gc,phases   ] GC(0)   Merge Heap Roots: 0.1ms
[2022-09-19T17:57:26.956+0700][gc,phases   ] GC(0)   Evacuate Collection Set: 3.8ms
[2022-09-19T17:57:26.956+0700][gc,phases   ] GC(0)   Post Evacuate Collection Set: 0.4ms
[2022-09-19T17:57:26.956+0700][gc,phases   ] GC(0)   Other: 0.7ms
[2022-09-19T17:57:26.956+0700][gc,heap     ] GC(0) Eden regions: 51->0(44)
[2022-09-19T17:57:26.956+0700][gc,heap     ] GC(0) Survivor regions: 0->7(7)
[2022-09-19T17:57:26.956+0700][gc,heap     ] GC(0) Old regions: 0->1
[2022-09-19T17:57:26.956+0700][gc,heap     ] GC(0) Archive regions: 2->2
[2022-09-19T17:57:26.956+0700][gc,heap     ] GC(0) Humongous regions: 0->0
[2022-09-19T17:57:26.956+0700][gc,metaspace] GC(0) Metaspace: 18621K(18752K)->18621K(18752K) NonClass: 16381K(16448K)->16381K(16448K) Class: 2239K(2304K)->2239K(2304K)
[2022-09-19T17:57:26.956+0700][gc          ] GC(0) Pause Young (Normal) (G1 Evacuation Pause) 51M->8M(1024M) 5.363ms
[2022-09-19T17:57:26.956+0700][gc,cpu      ] GC(0) User=0.02s Sys=0.01s Real=0.00s
[2022-09-19T17:57:27.209+0700][gc,start    ] GC(1) Pause Young (Concurrent Start) (Metadata GC Threshold)
[2022-09-19T17:57:27.209+0700][gc,task     ] GC(1) Using 10 workers of 10 for evacuation
[2022-09-19T17:57:27.217+0700][gc,phases   ] GC(1)   Pre Evacuate Collection Set: 0.2ms
[2022-09-19T17:57:27.217+0700][gc,phases   ] GC(1)   Merge Heap Roots: 0.1ms
[2022-09-19T17:57:27.217+0700][gc,phases   ] GC(1)   Evacuate Collection Set: 6.8ms
[2022-09-19T17:57:27.217+0700][gc,phases   ] GC(1)   Post Evacuate Collection Set: 0.5ms
[2022-09-19T17:57:27.217+0700][gc,phases   ] GC(1)   Other: 0.7ms
[2022-09-19T17:57:27.217+0700][gc,heap     ] GC(1) Eden regions: 12->0(49)
[2022-09-19T17:57:27.217+0700][gc,heap     ] GC(1) Survivor regions: 7->2(7)
[2022-09-19T17:57:27.217+0700][gc,heap     ] GC(1) Old regions: 1->7
[2022-09-19T17:57:27.217+0700][gc,heap     ] GC(1) Archive regions: 2->2
[2022-09-19T17:57:27.217+0700][gc,heap     ] GC(1) Humongous regions: 129->129
[2022-09-19T17:57:27.217+0700][gc,metaspace] GC(1) Metaspace: 21246K(21504K)->21246K(21504K) NonClass: 18646K(18752K)->18646K(18752K) Class: 2600K(2752K)->2600K(2752K)
[2022-09-19T17:57:27.217+0700][gc          ] GC(1) Pause Young (Concurrent Start) (Metadata GC Threshold) 148M->138M(1024M) 8.567ms
[2022-09-19T17:57:27.218+0700][gc,cpu      ] GC(1) User=0.03s Sys=0.02s Real=0.01s
[2022-09-19T17:57:27.218+0700][gc          ] GC(2) Concurrent Mark Cycle
[2022-09-19T17:57:27.218+0700][gc,marking  ] GC(2) Concurrent Clear Claimed Marks
[2022-09-19T17:57:27.218+0700][gc,marking  ] GC(2) Concurrent Clear Claimed Marks 0.024ms
[2022-09-19T17:57:27.218+0700][gc,marking  ] GC(2) Concurrent Scan Root Regions
[2022-09-19T17:57:27.220+0700][gc,marking  ] GC(2) Concurrent Scan Root Regions 2.713ms
[2022-09-19T17:57:27.220+0700][gc,marking  ] GC(2) Concurrent Mark
[2022-09-19T17:57:27.220+0700][gc,marking  ] GC(2) Concurrent Mark From Roots
[2022-09-19T17:57:27.220+0700][gc,task     ] GC(2) Using 3 workers of 3 for marking
[2022-09-19T17:57:27.224+0700][gc,marking  ] GC(2) Concurrent Mark From Roots 3.498ms
[2022-09-19T17:57:27.224+0700][gc,marking  ] GC(2) Concurrent Preclean
[2022-09-19T17:57:27.224+0700][gc,marking  ] GC(2) Concurrent Preclean 0.051ms
[2022-09-19T17:57:27.224+0700][gc,start    ] GC(2) Pause Remark
[2022-09-19T17:57:27.226+0700][gc          ] GC(2) Pause Remark 138M->138M(1024M) 1.441ms
[2022-09-19T17:57:27.226+0700][gc,cpu      ] GC(2) User=0.01s Sys=0.00s Real=0.00s
[2022-09-19T17:57:27.226+0700][gc,marking  ] GC(2) Concurrent Mark 5.306ms
[2022-09-19T17:57:27.226+0700][gc,marking  ] GC(2) Concurrent Rebuild Remembered Sets
[2022-09-19T17:57:27.226+0700][gc,marking  ] GC(2) Concurrent Rebuild Remembered Sets 0.016ms
[2022-09-19T17:57:27.226+0700][gc,start    ] GC(2) Pause Cleanup
[2022-09-19T17:57:27.226+0700][gc          ] GC(2) Pause Cleanup 138M->138M(1024M) 0.026ms
[2022-09-19T17:57:27.226+0700][gc,cpu      ] GC(2) User=0.00s Sys=0.00s Real=0.00s
[2022-09-19T17:57:27.226+0700][gc,marking  ] GC(2) Concurrent Cleanup for Next Mark
[2022-09-19T17:57:27.234+0700][gc,marking  ] GC(2) Concurrent Cleanup for Next Mark 7.911ms
[2022-09-19T17:57:27.234+0700][gc          ] GC(2) Concurrent Mark Cycle 16.434ms
[2022-09-19T17:57:27.920+0700][gc,start    ] GC(3) Pause Young (Normal) (G1 Evacuation Pause)
[2022-09-19T17:57:27.922+0700][gc,task     ] GC(3) Using 10 workers of 10 for evacuation
[2022-09-19T17:57:27.926+0700][gc,phases   ] GC(3)   Pre Evacuate Collection Set: 0.1ms
[2022-09-19T17:57:27.926+0700][gc,phases   ] GC(3)   Merge Heap Roots: 0.1ms
[2022-09-19T17:57:27.926+0700][gc,phases   ] GC(3)   Evacuate Collection Set: 3.1ms
[2022-09-19T17:57:27.926+0700][gc,phases   ] GC(3)   Post Evacuate Collection Set: 0.5ms
[2022-09-19T17:57:27.926+0700][gc,phases   ] GC(3)   Other: 1.5ms
[2022-09-19T17:57:27.926+0700][gc,heap     ] GC(3) Eden regions: 49->0(45)
[2022-09-19T17:57:27.926+0700][gc,heap     ] GC(3) Survivor regions: 2->6(7)
[2022-09-19T17:57:27.926+0700][gc,heap     ] GC(3) Old regions: 7->7
[2022-09-19T17:57:27.926+0700][gc,heap     ] GC(3) Archive regions: 2->2
[2022-09-19T17:57:27.926+0700][gc,heap     ] GC(3) Humongous regions: 129->129
[2022-09-19T17:57:27.926+0700][gc,metaspace] GC(3) Metaspace: 33011K(33280K)->33011K(33280K) NonClass: 29276K(29440K)->29276K(29440K) Class: 3734K(3840K)->3734K(3840K)
[2022-09-19T17:57:27.926+0700][gc          ] GC(3) Pause Young (Normal) (G1 Evacuation Pause) 187M->142M(1024M) 5.462ms
[2022-09-19T17:57:27.926+0700][gc,cpu      ] GC(3) User=0.03s Sys=0.00s Real=0.00s
[2022-09-20T10:54:55.950+0700][gc,start    ] GC(4) Pause Young (Normal) (G1 Evacuation Pause)
[2022-09-20T10:54:55.952+0700][gc,task     ] GC(4) Using 10 workers of 10 for evacuation
[2022-09-20T10:54:55.972+0700][gc,mmu      ] GC(4) MMU target violated: 20.5ms (20.0ms/21.0ms)
[2022-09-20T10:54:55.972+0700][gc,phases   ] GC(4)   Pre Evacuate Collection Set: 0.9ms
[2022-09-20T10:54:55.972+0700][gc,phases   ] GC(4)   Merge Heap Roots: 0.7ms
[2022-09-20T10:54:55.973+0700][gc,phases   ] GC(4)   Evacuate Collection Set: 17.8ms
[2022-09-20T10:54:55.973+0700][gc,phases   ] GC(4)   Post Evacuate Collection Set: 1.1ms
[2022-09-20T10:54:55.973+0700][gc,phases   ] GC(4)   Other: 1.7ms
[2022-09-20T10:54:55.973+0700][gc,heap     ] GC(4) Eden regions: 45->0(50)
[2022-09-20T10:54:55.973+0700][gc,heap     ] GC(4) Survivor regions: 6->1(7)
[2022-09-20T10:54:55.973+0700][gc,heap     ] GC(4) Old regions: 7->13
[2022-09-20T10:54:55.973+0700][gc,heap     ] GC(4) Archive regions: 2->2
[2022-09-20T10:54:55.973+0700][gc,heap     ] GC(4) Humongous regions: 129->129
[2022-09-20T10:54:55.973+0700][gc,metaspace] GC(4) Metaspace: 34336K(34624K)->34336K(34624K) NonClass: 30470K(30656K)->30470K(30656K) Class: 3866K(3968K)->3866K(3968K)
[2022-09-20T10:54:55.973+0700][gc          ] GC(4) Pause Young (Normal) (G1 Evacuation Pause) 187M->143M(1024M) 22.418ms
[2022-09-20T10:54:55.973+0700][gc,cpu      ] GC(4) User=0.04s Sys=0.10s Real=0.02s
[2022-09-20T14:08:39.825+0700][gc,start    ] GC(5) Pause Young (Normal) (G1 Evacuation Pause)
[2022-09-20T14:08:39.826+0700][gc,task     ] GC(5) Using 10 workers of 10 for evacuation
[2022-09-20T14:08:39.859+0700][gc,mmu      ] GC(5) MMU target violated: 21.0ms (20.0ms/21.0ms)
[2022-09-20T14:08:39.859+0700][gc,phases   ] GC(5)   Pre Evacuate Collection Set: 8.1ms
[2022-09-20T14:08:39.859+0700][gc,phases   ] GC(5)   Merge Heap Roots: 1.0ms
[2022-09-20T14:08:39.859+0700][gc,phases   ] GC(5)   Evacuate Collection Set: 20.8ms
[2022-09-20T14:08:39.859+0700][gc,phases   ] GC(5)   Post Evacuate Collection Set: 1.6ms
[2022-09-20T14:08:39.859+0700][gc,phases   ] GC(5)   Other: 2.8ms
[2022-09-20T14:08:39.859+0700][gc,heap     ] GC(5) Eden regions: 50->0(50)
[2022-09-20T14:08:39.859+0700][gc,heap     ] GC(5) Survivor regions: 1->1(7)
[2022-09-20T14:08:39.859+0700][gc,heap     ] GC(5) Old regions: 13->13
[2022-09-20T14:08:39.859+0700][gc,heap     ] GC(5) Archive regions: 2->2
[2022-09-20T14:08:39.859+0700][gc,heap     ] GC(5) Humongous regions: 129->129
[2022-09-20T14:08:39.859+0700][gc,metaspace] GC(5) Metaspace: 34443K(34752K)->34443K(34752K) NonClass: 30575K(30784K)->30575K(30784K) Class: 3868K(3968K)->3868K(3968K)
[2022-09-20T14:08:39.859+0700][gc          ] GC(5) Pause Young (Normal) (G1 Evacuation Pause) 193M->143M(1024M) 33.853ms
[2022-09-20T14:08:39.859+0700][gc,cpu      ] GC(5) User=0.01s Sys=0.07s Real=0.03s
[2022-09-20T16:08:15.989+0700][gc,start    ] GC(6) Pause Young (Normal) (G1 Evacuation Pause)
[2022-09-20T16:08:15.990+0700][gc,task     ] GC(6) Using 10 workers of 10 for evacuation
[2022-09-20T16:08:16.007+0700][gc,phases   ] GC(6)   Pre Evacuate Collection Set: 5.2ms
[2022-09-20T16:08:16.007+0700][gc,phases   ] GC(6)   Merge Heap Roots: 1.0ms
[2022-09-20T16:08:16.007+0700][gc,phases   ] GC(6)   Evacuate Collection Set: 9.1ms
[2022-09-20T16:08:16.007+0700][gc,phases   ] GC(6)   Post Evacuate Collection Set: 0.6ms
[2022-09-20T16:08:16.007+0700][gc,phases   ] GC(6)   Other: 2.3ms
[2022-09-20T16:08:16.007+0700][gc,heap     ] GC(6) Eden regions: 50->0(50)
[2022-09-20T16:08:16.007+0700][gc,heap     ] GC(6) Survivor regions: 1->1(7)
[2022-09-20T16:08:16.007+0700][gc,heap     ] GC(6) Old regions: 13->13
[2022-09-20T16:08:16.007+0700][gc,heap     ] GC(6) Archive regions: 2->2
[2022-09-20T16:08:16.007+0700][gc,heap     ] GC(6) Humongous regions: 129->129
[2022-09-20T16:08:16.007+0700][gc,metaspace] GC(6) Metaspace: 34466K(34752K)->34466K(34752K) NonClass: 30598K(30784K)->30598K(30784K) Class: 3868K(3968K)->3868K(3968K)
[2022-09-20T16:08:16.007+0700][gc          ] GC(6) Pause Young (Normal) (G1 Evacuation Pause) 193M->142M(1024M) 18.255ms
[2022-09-20T16:08:16.007+0700][gc,cpu      ] GC(6) User=0.01s Sys=0.04s Real=0.02s
[2022-09-20T17:36:16.967+0700][gc,heap,exit] Heap
[2022-09-20T17:36:16.967+0700][gc,heap,exit]  garbage-first heap   total 1048576K, used 184608K [0x00000007c0000000, 0x0000000800000000)
[2022-09-20T17:36:16.967+0700][gc,heap,exit]   region size 1024K, 39 young (39936K), 1 survivors (1024K)
[2022-09-20T17:36:16.967+0700][gc,heap,exit]  Metaspace       used 35128K, committed 35392K, reserved 1081344K
[2022-09-20T17:36:16.967+0700][gc,heap,exit]   class space    used 3990K, committed 4096K, reserved 1048576K
