[2022-09-19T17:57:18.124+0700][gc] Using G1
[2022-09-19T17:57:18.130+0700][gc,init] Version: 17.0.4.1+1-LTS-2 (release)
[2022-09-19T17:57:18.130+0700][gc,init] CPUs: 12 total, 12 available
[2022-09-19T17:57:18.130+0700][gc,init] Memory: 16384M
[2022-09-19T17:57:18.130+0700][gc,init] Large Page Support: Disabled
[2022-09-19T17:57:18.130+0700][gc,init] NUMA Support: Disabled
[2022-09-19T17:57:18.130+0700][gc,init] Compressed Oops: Enabled (Zero based)
[2022-09-19T17:57:18.130+0700][gc,init] Heap Region Size: 1M
[2022-09-19T17:57:18.130+0700][gc,init] Heap Min Capacity: 1G
[2022-09-19T17:57:18.130+0700][gc,init] Heap Initial Capacity: 1G
[2022-09-19T17:57:18.130+0700][gc,init] Heap Max Capacity: 1G
[2022-09-19T17:57:18.130+0700][gc,init] Pre-touch: Disabled
[2022-09-19T17:57:18.130+0700][gc,init] Parallel Workers: 10
[2022-09-19T17:57:18.130+0700][gc,init] Concurrent Workers: 3
[2022-09-19T17:57:18.130+0700][gc,init] Concurrent Refinement Workers: 10
[2022-09-19T17:57:18.130+0700][gc,init] Periodic GC: Disabled
[2022-09-19T17:57:18.131+0700][gc,metaspace] CDS archive(s) mapped at: [0x0000000800000000-0x0000000800bd8000-0x0000000800bd8000), size 12419072, SharedBaseAddress: 0x0000000800000000, ArchiveRelocationMode: 0.
[2022-09-19T17:57:18.131+0700][gc,metaspace] Compressed class space mapped at: 0x0000000800c00000-0x0000000840c00000, reserved size: 1073741824
[2022-09-19T17:57:18.131+0700][gc,metaspace] Narrow klass base: 0x0000000800000000, Narrow klass shift: 0, Narrow klass range: 0x100000000
[2022-09-19T17:57:19.711+0700][gc,start    ] GC(0) Pause Young (Normal) (G1 Evacuation Pause)
[2022-09-19T17:57:19.712+0700][gc,task     ] GC(0) Using 10 workers of 10 for evacuation
[2022-09-19T17:57:19.717+0700][gc,phases   ] GC(0)   Pre Evacuate Collection Set: 0.2ms
[2022-09-19T17:57:19.717+0700][gc,phases   ] GC(0)   Merge Heap Roots: 0.1ms
[2022-09-19T17:57:19.717+0700][gc,phases   ] GC(0)   Evacuate Collection Set: 4.2ms
[2022-09-19T17:57:19.717+0700][gc,phases   ] GC(0)   Post Evacuate Collection Set: 0.9ms
[2022-09-19T17:57:19.717+0700][gc,phases   ] GC(0)   Other: 0.9ms
[2022-09-19T17:57:19.717+0700][gc,heap     ] GC(0) Eden regions: 51->0(44)
[2022-09-19T17:57:19.717+0700][gc,heap     ] GC(0) Survivor regions: 0->7(7)
[2022-09-19T17:57:19.717+0700][gc,heap     ] GC(0) Old regions: 0->1
[2022-09-19T17:57:19.717+0700][gc,heap     ] GC(0) Archive regions: 2->2
[2022-09-19T17:57:19.717+0700][gc,heap     ] GC(0) Humongous regions: 0->0
[2022-09-19T17:57:19.717+0700][gc,metaspace] GC(0) Metaspace: 18749K(18944K)->18749K(18944K) NonClass: 16482K(16576K)->16482K(16576K) Class: 2267K(2368K)->2267K(2368K)
[2022-09-19T17:57:19.717+0700][gc          ] GC(0) Pause Young (Normal) (G1 Evacuation Pause) 51M->7M(1024M) 6.524ms
[2022-09-19T17:57:19.718+0700][gc,cpu      ] GC(0) User=0.03s Sys=0.01s Real=0.00s
[2022-09-19T17:57:20.033+0700][gc,start    ] GC(1) Pause Young (Concurrent Start) (Metadata GC Threshold)
[2022-09-19T17:57:20.033+0700][gc,task     ] GC(1) Using 10 workers of 10 for evacuation
[2022-09-19T17:57:20.040+0700][gc,phases   ] GC(1)   Pre Evacuate Collection Set: 0.1ms
[2022-09-19T17:57:20.040+0700][gc,phases   ] GC(1)   Merge Heap Roots: 0.1ms
[2022-09-19T17:57:20.040+0700][gc,phases   ] GC(1)   Evacuate Collection Set: 6.9ms
[2022-09-19T17:57:20.040+0700][gc,phases   ] GC(1)   Post Evacuate Collection Set: 0.4ms
[2022-09-19T17:57:20.040+0700][gc,phases   ] GC(1)   Other: 0.3ms
[2022-09-19T17:57:20.040+0700][gc,heap     ] GC(1) Eden regions: 12->0(49)
[2022-09-19T17:57:20.040+0700][gc,heap     ] GC(1) Survivor regions: 7->2(7)
[2022-09-19T17:57:20.040+0700][gc,heap     ] GC(1) Old regions: 1->7
[2022-09-19T17:57:20.040+0700][gc,heap     ] GC(1) Archive regions: 2->2
[2022-09-19T17:57:20.040+0700][gc,heap     ] GC(1) Humongous regions: 129->129
[2022-09-19T17:57:20.040+0700][gc,metaspace] GC(1) Metaspace: 21262K(21504K)->21262K(21504K) NonClass: 18663K(18752K)->18663K(18752K) Class: 2599K(2752K)->2599K(2752K)
[2022-09-19T17:57:20.041+0700][gc          ] GC(1) Pause Young (Concurrent Start) (Metadata GC Threshold) 148M->138M(1024M) 7.948ms
[2022-09-19T17:57:20.041+0700][gc,cpu      ] GC(1) User=0.04s Sys=0.03s Real=0.01s
[2022-09-19T17:57:20.041+0700][gc          ] GC(2) Concurrent Mark Cycle
[2022-09-19T17:57:20.041+0700][gc,marking  ] GC(2) Concurrent Clear Claimed Marks
[2022-09-19T17:57:20.041+0700][gc,marking  ] GC(2) Concurrent Clear Claimed Marks 0.032ms
[2022-09-19T17:57:20.041+0700][gc,marking  ] GC(2) Concurrent Scan Root Regions
[2022-09-19T17:57:20.044+0700][gc,marking  ] GC(2) Concurrent Scan Root Regions 3.456ms
[2022-09-19T17:57:20.044+0700][gc,marking  ] GC(2) Concurrent Mark
[2022-09-19T17:57:20.044+0700][gc,marking  ] GC(2) Concurrent Mark From Roots
[2022-09-19T17:57:20.044+0700][gc,task     ] GC(2) Using 3 workers of 3 for marking
[2022-09-19T17:57:20.046+0700][gc,marking  ] GC(2) Concurrent Mark From Roots 1.332ms
[2022-09-19T17:57:20.046+0700][gc,marking  ] GC(2) Concurrent Preclean
[2022-09-19T17:57:20.046+0700][gc,marking  ] GC(2) Concurrent Preclean 0.038ms
[2022-09-19T17:57:20.046+0700][gc,start    ] GC(2) Pause Remark
[2022-09-19T17:57:20.047+0700][gc          ] GC(2) Pause Remark 138M->138M(1024M) 1.260ms
[2022-09-19T17:57:20.047+0700][gc,cpu      ] GC(2) User=0.01s Sys=0.00s Real=0.00s
[2022-09-19T17:57:20.047+0700][gc,marking  ] GC(2) Concurrent Mark 2.866ms
[2022-09-19T17:57:20.047+0700][gc,marking  ] GC(2) Concurrent Rebuild Remembered Sets
[2022-09-19T17:57:20.047+0700][gc,marking  ] GC(2) Concurrent Rebuild Remembered Sets 0.009ms
[2022-09-19T17:57:20.048+0700][gc,start    ] GC(2) Pause Cleanup
[2022-09-19T17:57:20.048+0700][gc          ] GC(2) Pause Cleanup 138M->138M(1024M) 0.017ms
[2022-09-19T17:57:20.048+0700][gc,cpu      ] GC(2) User=0.00s Sys=0.00s Real=0.00s
[2022-09-19T17:57:20.048+0700][gc,marking  ] GC(2) Concurrent Cleanup for Next Mark
[2022-09-19T17:57:20.055+0700][gc,marking  ] GC(2) Concurrent Cleanup for Next Mark 6.995ms
[2022-09-19T17:57:20.055+0700][gc          ] GC(2) Concurrent Mark Cycle 13.962ms
[2022-09-19T17:57:20.883+0700][gc,start    ] GC(3) Pause Young (Normal) (G1 Evacuation Pause)
[2022-09-19T17:57:20.883+0700][gc,task     ] GC(3) Using 10 workers of 10 for evacuation
[2022-09-19T17:57:20.886+0700][gc,phases   ] GC(3)   Pre Evacuate Collection Set: 0.2ms
[2022-09-19T17:57:20.886+0700][gc,phases   ] GC(3)   Merge Heap Roots: 0.1ms
[2022-09-19T17:57:20.886+0700][gc,phases   ] GC(3)   Evacuate Collection Set: 2.7ms
[2022-09-19T17:57:20.886+0700][gc,phases   ] GC(3)   Post Evacuate Collection Set: 0.5ms
[2022-09-19T17:57:20.886+0700][gc,phases   ] GC(3)   Other: 0.2ms
[2022-09-19T17:57:20.886+0700][gc,heap     ] GC(3) Eden regions: 49->0(45)
[2022-09-19T17:57:20.886+0700][gc,heap     ] GC(3) Survivor regions: 2->6(7)
[2022-09-19T17:57:20.886+0700][gc,heap     ] GC(3) Old regions: 7->7
[2022-09-19T17:57:20.886+0700][gc,heap     ] GC(3) Archive regions: 2->2
[2022-09-19T17:57:20.886+0700][gc,heap     ] GC(3) Humongous regions: 129->129
[2022-09-19T17:57:20.886+0700][gc,metaspace] GC(3) Metaspace: 32769K(33024K)->32769K(33024K) NonClass: 29079K(29248K)->29079K(29248K) Class: 3690K(3776K)->3690K(3776K)
[2022-09-19T17:57:20.887+0700][gc          ] GC(3) Pause Young (Normal) (G1 Evacuation Pause) 187M->142M(1024M) 3.939ms
[2022-09-19T17:57:20.887+0700][gc,cpu      ] GC(3) User=0.02s Sys=0.00s Real=0.00s
[2022-09-20T10:53:12.078+0700][gc,start    ] GC(4) Pause Young (Normal) (G1 Evacuation Pause)
[2022-09-20T10:53:12.079+0700][gc,task     ] GC(4) Using 10 workers of 10 for evacuation
[2022-09-20T10:53:12.098+0700][gc,phases   ] GC(4)   Pre Evacuate Collection Set: 1.2ms
[2022-09-20T10:53:12.098+0700][gc,phases   ] GC(4)   Merge Heap Roots: 0.2ms
[2022-09-20T10:53:12.098+0700][gc,phases   ] GC(4)   Evacuate Collection Set: 17.0ms
[2022-09-20T10:53:12.098+0700][gc,phases   ] GC(4)   Post Evacuate Collection Set: 0.5ms
[2022-09-20T10:53:12.098+0700][gc,phases   ] GC(4)   Other: 1.2ms
[2022-09-20T10:53:12.098+0700][gc,heap     ] GC(4) Eden regions: 45->0(50)
[2022-09-20T10:53:12.098+0700][gc,heap     ] GC(4) Survivor regions: 6->1(7)
[2022-09-20T10:53:12.098+0700][gc,heap     ] GC(4) Old regions: 7->13
[2022-09-20T10:53:12.098+0700][gc,heap     ] GC(4) Archive regions: 2->2
[2022-09-20T10:53:12.098+0700][gc,heap     ] GC(4) Humongous regions: 129->129
[2022-09-20T10:53:12.098+0700][gc,metaspace] GC(4) Metaspace: 34350K(34624K)->34350K(34624K) NonClass: 30487K(30656K)->30487K(30656K) Class: 3863K(3968K)->3863K(3968K)
[2022-09-20T10:53:12.098+0700][gc          ] GC(4) Pause Young (Normal) (G1 Evacuation Pause) 187M->143M(1024M) 20.155ms
[2022-09-20T10:53:12.098+0700][gc,cpu      ] GC(4) User=0.03s Sys=0.10s Real=0.02s
[2022-09-20T14:07:41.698+0700][gc,start    ] GC(5) Pause Young (Normal) (G1 Evacuation Pause)
[2022-09-20T14:07:41.699+0700][gc,task     ] GC(5) Using 10 workers of 10 for evacuation
[2022-09-20T14:07:41.738+0700][gc,mmu      ] GC(5) MMU target violated: 21.0ms (20.0ms/21.0ms)
[2022-09-20T14:07:41.738+0700][gc,phases   ] GC(5)   Pre Evacuate Collection Set: 8.5ms
[2022-09-20T14:07:41.738+0700][gc,phases   ] GC(5)   Merge Heap Roots: 1.8ms
[2022-09-20T14:07:41.738+0700][gc,phases   ] GC(5)   Evacuate Collection Set: 25.7ms
[2022-09-20T14:07:41.738+0700][gc,phases   ] GC(5)   Post Evacuate Collection Set: 2.0ms
[2022-09-20T14:07:41.738+0700][gc,phases   ] GC(5)   Other: 2.4ms
[2022-09-20T14:07:41.738+0700][gc,heap     ] GC(5) Eden regions: 50->0(50)
[2022-09-20T14:07:41.738+0700][gc,heap     ] GC(5) Survivor regions: 1->1(7)
[2022-09-20T14:07:41.738+0700][gc,heap     ] GC(5) Old regions: 13->13
[2022-09-20T14:07:41.738+0700][gc,heap     ] GC(5) Archive regions: 2->2
[2022-09-20T14:07:41.738+0700][gc,heap     ] GC(5) Humongous regions: 129->129
[2022-09-20T14:07:41.738+0700][gc,metaspace] GC(5) Metaspace: 34457K(34752K)->34457K(34752K) NonClass: 30592K(30784K)->30592K(30784K) Class: 3864K(3968K)->3864K(3968K)
[2022-09-20T14:07:41.738+0700][gc          ] GC(5) Pause Young (Normal) (G1 Evacuation Pause) 193M->142M(1024M) 40.409ms
[2022-09-20T14:07:41.738+0700][gc,cpu      ] GC(5) User=0.01s Sys=0.07s Real=0.04s
[2022-09-20T16:07:30.701+0700][gc,start    ] GC(6) Pause Young (Normal) (G1 Evacuation Pause)
[2022-09-20T16:07:30.701+0700][gc,task     ] GC(6) Using 10 workers of 10 for evacuation
[2022-09-20T16:07:30.717+0700][gc,phases   ] GC(6)   Pre Evacuate Collection Set: 3.4ms
[2022-09-20T16:07:30.717+0700][gc,phases   ] GC(6)   Merge Heap Roots: 0.7ms
[2022-09-20T16:07:30.717+0700][gc,phases   ] GC(6)   Evacuate Collection Set: 10.0ms
[2022-09-20T16:07:30.717+0700][gc,phases   ] GC(6)   Post Evacuate Collection Set: 1.2ms
[2022-09-20T16:07:30.717+0700][gc,phases   ] GC(6)   Other: 1.1ms
[2022-09-20T16:07:30.717+0700][gc,heap     ] GC(6) Eden regions: 50->0(50)
[2022-09-20T16:07:30.717+0700][gc,heap     ] GC(6) Survivor regions: 1->1(7)
[2022-09-20T16:07:30.717+0700][gc,heap     ] GC(6) Old regions: 13->13
[2022-09-20T16:07:30.717+0700][gc,heap     ] GC(6) Archive regions: 2->2
[2022-09-20T16:07:30.717+0700][gc,heap     ] GC(6) Humongous regions: 129->129
[2022-09-20T16:07:30.717+0700][gc,metaspace] GC(6) Metaspace: 34480K(34752K)->34480K(34752K) NonClass: 30615K(30784K)->30615K(30784K) Class: 3864K(3968K)->3864K(3968K)
[2022-09-20T16:07:30.717+0700][gc          ] GC(6) Pause Young (Normal) (G1 Evacuation Pause) 192M->142M(1024M) 16.525ms
[2022-09-20T16:07:30.717+0700][gc,cpu      ] GC(6) User=0.02s Sys=0.04s Real=0.01s
[2022-09-20T17:36:17.519+0700][gc,heap,exit] Heap
[2022-09-20T17:36:17.519+0700][gc,heap,exit]  garbage-first heap   total 1048576K, used 185481K [0x00000007c0000000, 0x0000000800000000)
[2022-09-20T17:36:17.519+0700][gc,heap,exit]   region size 1024K, 40 young (40960K), 1 survivors (1024K)
[2022-09-20T17:36:17.519+0700][gc,heap,exit]  Metaspace       used 35140K, committed 35392K, reserved 1081344K
[2022-09-20T17:36:17.519+0700][gc,heap,exit]   class space    used 3987K, committed 4096K, reserved 1048576K
