[2022-09-19T17:56:51.234+0700][gc] Using G1
[2022-09-19T17:56:51.241+0700][gc,init] Version: 17.0.4.1+1-LTS-2 (release)
[2022-09-19T17:56:51.241+0700][gc,init] CPUs: 12 total, 12 available
[2022-09-19T17:56:51.241+0700][gc,init] Memory: 16384M
[2022-09-19T17:56:51.241+0700][gc,init] Large Page Support: Disabled
[2022-09-19T17:56:51.241+0700][gc,init] NUMA Support: Disabled
[2022-09-19T17:56:51.241+0700][gc,init] Compressed Oops: Enabled (Zero based)
[2022-09-19T17:56:51.241+0700][gc,init] Heap Region Size: 1M
[2022-09-19T17:56:51.241+0700][gc,init] Heap Min Capacity: 1G
[2022-09-19T17:56:51.241+0700][gc,init] Heap Initial Capacity: 1G
[2022-09-19T17:56:51.241+0700][gc,init] Heap Max Capacity: 1G
[2022-09-19T17:56:51.241+0700][gc,init] Pre-touch: Disabled
[2022-09-19T17:56:51.241+0700][gc,init] Parallel Workers: 10
[2022-09-19T17:56:51.241+0700][gc,init] Concurrent Workers: 3
[2022-09-19T17:56:51.241+0700][gc,init] Concurrent Refinement Workers: 10
[2022-09-19T17:56:51.241+0700][gc,init] Periodic GC: Disabled
[2022-09-19T17:56:51.241+0700][gc,metaspace] CDS archive(s) mapped at: [0x0000000800000000-0x0000000800bd8000-0x0000000800bd8000), size 12419072, SharedBaseAddress: 0x0000000800000000, ArchiveRelocationMode: 0.
[2022-09-19T17:56:51.241+0700][gc,metaspace] Compressed class space mapped at: 0x0000000800c00000-0x0000000840c00000, reserved size: 1073741824
[2022-09-19T17:56:51.241+0700][gc,metaspace] Narrow klass base: 0x0000000800000000, Narrow klass shift: 0, Narrow klass range: 0x100000000
[2022-09-19T17:56:52.721+0700][gc,start    ] GC(0) Pause Young (Normal) (G1 Evacuation Pause)
[2022-09-19T17:56:52.721+0700][gc,task     ] GC(0) Using 10 workers of 10 for evacuation
[2022-09-19T17:56:52.727+0700][gc,phases   ] GC(0)   Pre Evacuate Collection Set: 0.1ms
[2022-09-19T17:56:52.727+0700][gc,phases   ] GC(0)   Merge Heap Roots: 0.1ms
[2022-09-19T17:56:52.727+0700][gc,phases   ] GC(0)   Evacuate Collection Set: 5.2ms
[2022-09-19T17:56:52.727+0700][gc,phases   ] GC(0)   Post Evacuate Collection Set: 0.7ms
[2022-09-19T17:56:52.727+0700][gc,phases   ] GC(0)   Other: 0.5ms
[2022-09-19T17:56:52.727+0700][gc,heap     ] GC(0) Eden regions: 51->0(44)
[2022-09-19T17:56:52.727+0700][gc,heap     ] GC(0) Survivor regions: 0->7(7)
[2022-09-19T17:56:52.727+0700][gc,heap     ] GC(0) Old regions: 0->1
[2022-09-19T17:56:52.727+0700][gc,heap     ] GC(0) Archive regions: 2->2
[2022-09-19T17:56:52.727+0700][gc,heap     ] GC(0) Humongous regions: 0->0
[2022-09-19T17:56:52.727+0700][gc,metaspace] GC(0) Metaspace: 18593K(18752K)->18593K(18752K) NonClass: 16355K(16448K)->16355K(16448K) Class: 2238K(2304K)->2238K(2304K)
[2022-09-19T17:56:52.727+0700][gc          ] GC(0) Pause Young (Normal) (G1 Evacuation Pause) 51M->8M(1024M) 6.709ms
[2022-09-19T17:56:52.727+0700][gc,cpu      ] GC(0) User=0.02s Sys=0.01s Real=0.00s
[2022-09-19T17:56:53.092+0700][gc,start    ] GC(1) Pause Young (Concurrent Start) (Metadata GC Threshold)
[2022-09-19T17:56:53.092+0700][gc,task     ] GC(1) Using 10 workers of 10 for evacuation
[2022-09-19T17:56:53.099+0700][gc,phases   ] GC(1)   Pre Evacuate Collection Set: 0.1ms
[2022-09-19T17:56:53.099+0700][gc,phases   ] GC(1)   Merge Heap Roots: 0.1ms
[2022-09-19T17:56:53.099+0700][gc,phases   ] GC(1)   Evacuate Collection Set: 6.4ms
[2022-09-19T17:56:53.099+0700][gc,phases   ] GC(1)   Post Evacuate Collection Set: 0.4ms
[2022-09-19T17:56:53.099+0700][gc,phases   ] GC(1)   Other: 0.9ms
[2022-09-19T17:56:53.099+0700][gc,heap     ] GC(1) Eden regions: 12->0(49)
[2022-09-19T17:56:53.099+0700][gc,heap     ] GC(1) Survivor regions: 7->2(7)
[2022-09-19T17:56:53.099+0700][gc,heap     ] GC(1) Old regions: 1->7
[2022-09-19T17:56:53.099+0700][gc,heap     ] GC(1) Archive regions: 2->2
[2022-09-19T17:56:53.099+0700][gc,heap     ] GC(1) Humongous regions: 129->129
[2022-09-19T17:56:53.099+0700][gc,metaspace] GC(1) Metaspace: 21239K(21504K)->21239K(21504K) NonClass: 18639K(18752K)->18639K(18752K) Class: 2600K(2752K)->2600K(2752K)
[2022-09-19T17:56:53.100+0700][gc          ] GC(1) Pause Young (Concurrent Start) (Metadata GC Threshold) 148M->138M(1024M) 8.013ms
[2022-09-19T17:56:53.100+0700][gc,cpu      ] GC(1) User=0.03s Sys=0.02s Real=0.01s
[2022-09-19T17:56:53.100+0700][gc          ] GC(2) Concurrent Mark Cycle
[2022-09-19T17:56:53.100+0700][gc,marking  ] GC(2) Concurrent Clear Claimed Marks
[2022-09-19T17:56:53.100+0700][gc,marking  ] GC(2) Concurrent Clear Claimed Marks 0.022ms
[2022-09-19T17:56:53.100+0700][gc,marking  ] GC(2) Concurrent Scan Root Regions
[2022-09-19T17:56:53.102+0700][gc,marking  ] GC(2) Concurrent Scan Root Regions 2.663ms
[2022-09-19T17:56:53.102+0700][gc,marking  ] GC(2) Concurrent Mark
[2022-09-19T17:56:53.102+0700][gc,marking  ] GC(2) Concurrent Mark From Roots
[2022-09-19T17:56:53.102+0700][gc,task     ] GC(2) Using 3 workers of 3 for marking
[2022-09-19T17:56:53.105+0700][gc,marking  ] GC(2) Concurrent Mark From Roots 2.889ms
[2022-09-19T17:56:53.105+0700][gc,marking  ] GC(2) Concurrent Preclean
[2022-09-19T17:56:53.105+0700][gc,marking  ] GC(2) Concurrent Preclean 0.044ms
[2022-09-19T17:56:53.105+0700][gc,start    ] GC(2) Pause Remark
[2022-09-19T17:56:53.107+0700][gc          ] GC(2) Pause Remark 139M->139M(1024M) 1.491ms
[2022-09-19T17:56:53.107+0700][gc,cpu      ] GC(2) User=0.00s Sys=0.00s Real=0.00s
[2022-09-19T17:56:53.107+0700][gc,marking  ] GC(2) Concurrent Mark 4.665ms
[2022-09-19T17:56:53.107+0700][gc,marking  ] GC(2) Concurrent Rebuild Remembered Sets
[2022-09-19T17:56:53.107+0700][gc,marking  ] GC(2) Concurrent Rebuild Remembered Sets 0.010ms
[2022-09-19T17:56:53.107+0700][gc,start    ] GC(2) Pause Cleanup
[2022-09-19T17:56:53.107+0700][gc          ] GC(2) Pause Cleanup 139M->139M(1024M) 0.017ms
[2022-09-19T17:56:53.107+0700][gc,cpu      ] GC(2) User=0.00s Sys=0.00s Real=0.00s
[2022-09-19T17:56:53.107+0700][gc,marking  ] GC(2) Concurrent Cleanup for Next Mark
[2022-09-19T17:56:53.116+0700][gc,marking  ] GC(2) Concurrent Cleanup for Next Mark 8.455ms
[2022-09-19T17:56:53.116+0700][gc          ] GC(2) Concurrent Mark Cycle 16.219ms
[2022-09-19T17:56:53.842+0700][gc,start    ] GC(3) Pause Young (Normal) (G1 Evacuation Pause)
[2022-09-19T17:56:53.842+0700][gc,task     ] GC(3) Using 10 workers of 10 for evacuation
[2022-09-19T17:56:53.845+0700][gc,phases   ] GC(3)   Pre Evacuate Collection Set: 0.1ms
[2022-09-19T17:56:53.845+0700][gc,phases   ] GC(3)   Merge Heap Roots: 0.1ms
[2022-09-19T17:56:53.846+0700][gc,phases   ] GC(3)   Evacuate Collection Set: 2.8ms
[2022-09-19T17:56:53.846+0700][gc,phases   ] GC(3)   Post Evacuate Collection Set: 0.4ms
[2022-09-19T17:56:53.846+0700][gc,phases   ] GC(3)   Other: 0.1ms
[2022-09-19T17:56:53.846+0700][gc,heap     ] GC(3) Eden regions: 49->0(45)
[2022-09-19T17:56:53.846+0700][gc,heap     ] GC(3) Survivor regions: 2->6(7)
[2022-09-19T17:56:53.846+0700][gc,heap     ] GC(3) Old regions: 7->7
[2022-09-19T17:56:53.846+0700][gc,heap     ] GC(3) Archive regions: 2->2
[2022-09-19T17:56:53.846+0700][gc,heap     ] GC(3) Humongous regions: 129->129
[2022-09-19T17:56:53.846+0700][gc,metaspace] GC(3) Metaspace: 32699K(32960K)->32699K(32960K) NonClass: 28994K(29120K)->28994K(29120K) Class: 3705K(3840K)->3705K(3840K)
[2022-09-19T17:56:53.846+0700][gc          ] GC(3) Pause Young (Normal) (G1 Evacuation Pause) 187M->142M(1024M) 3.617ms
[2022-09-19T17:56:53.846+0700][gc,cpu      ] GC(3) User=0.03s Sys=0.01s Real=0.00s
[2022-09-20T01:50:40.360+0700][gc,start    ] GC(4) Pause Young (Concurrent Start) (Metadata GC Threshold)
[2022-09-20T01:50:40.361+0700][gc,task     ] GC(4) Using 10 workers of 10 for evacuation
[2022-09-20T01:50:40.392+0700][gc,mmu      ] GC(4) MMU target violated: 21.0ms (20.0ms/21.0ms)
[2022-09-20T01:50:40.392+0700][gc,phases   ] GC(4)   Pre Evacuate Collection Set: 2.3ms
[2022-09-20T01:50:40.392+0700][gc,phases   ] GC(4)   Merge Heap Roots: 0.6ms
[2022-09-20T01:50:40.392+0700][gc,phases   ] GC(4)   Evacuate Collection Set: 25.7ms
[2022-09-20T01:50:40.392+0700][gc,phases   ] GC(4)   Post Evacuate Collection Set: 1.4ms
[2022-09-20T01:50:40.392+0700][gc,phases   ] GC(4)   Other: 4.0ms
[2022-09-20T01:50:40.392+0700][gc,heap     ] GC(4) Eden regions: 40->0(49)
[2022-09-20T01:50:40.392+0700][gc,heap     ] GC(4) Survivor regions: 6->2(7)
[2022-09-20T01:50:40.392+0700][gc,heap     ] GC(4) Old regions: 7->13
[2022-09-20T01:50:40.392+0700][gc,heap     ] GC(4) Archive regions: 2->2
[2022-09-20T01:50:40.392+0700][gc,heap     ] GC(4) Humongous regions: 129->129
[2022-09-20T01:50:40.392+0700][gc,metaspace] GC(4) Metaspace: 35694K(35968K)->35694K(35968K) NonClass: 31513K(31680K)->31513K(31680K) Class: 4180K(4288K)->4180K(4288K)
[2022-09-20T01:50:40.392+0700][gc          ] GC(4) Pause Young (Concurrent Start) (Metadata GC Threshold) 182M->143M(1024M) 31.979ms
[2022-09-20T01:50:40.392+0700][gc,cpu      ] GC(4) User=0.04s Sys=0.12s Real=0.03s
[2022-09-20T01:50:40.392+0700][gc          ] GC(5) Concurrent Mark Cycle
[2022-09-20T01:50:40.392+0700][gc,marking  ] GC(5) Concurrent Clear Claimed Marks
[2022-09-20T01:50:40.392+0700][gc,marking  ] GC(5) Concurrent Clear Claimed Marks 0.031ms
[2022-09-20T01:50:40.392+0700][gc,marking  ] GC(5) Concurrent Scan Root Regions
[2022-09-20T01:50:40.396+0700][gc,marking  ] GC(5) Concurrent Scan Root Regions 3.617ms
[2022-09-20T01:50:40.397+0700][gc,marking  ] GC(5) Concurrent Mark
[2022-09-20T01:50:40.397+0700][gc,marking  ] GC(5) Concurrent Mark From Roots
[2022-09-20T01:50:40.397+0700][gc,task     ] GC(5) Using 3 workers of 3 for marking
[2022-09-20T01:50:40.405+0700][gc,marking  ] GC(5) Concurrent Mark From Roots 8.525ms
[2022-09-20T01:50:40.417+0700][gc,marking  ] GC(5) Concurrent Preclean
[2022-09-20T01:50:40.418+0700][gc,marking  ] GC(5) Concurrent Preclean 0.304ms
[2022-09-20T01:50:40.424+0700][gc,start    ] GC(5) Pause Remark
[2022-09-20T01:50:40.453+0700][gc,mmu      ] GC(5) MMU target violated: 21.0ms (20.0ms/21.0ms)
[2022-09-20T01:50:40.462+0700][gc          ] GC(5) Pause Remark 144M->144M(1024M) 38.297ms
[2022-09-20T01:50:40.462+0700][gc,cpu      ] GC(5) User=0.02s Sys=0.12s Real=0.04s
[2022-09-20T01:50:40.463+0700][gc,marking  ] GC(5) Concurrent Mark 65.877ms
[2022-09-20T01:50:40.463+0700][gc,marking  ] GC(5) Concurrent Rebuild Remembered Sets
[2022-09-20T01:50:40.467+0700][gc,marking  ] GC(5) Concurrent Rebuild Remembered Sets 4.747ms
[2022-09-20T01:50:40.484+0700][gc,start    ] GC(5) Pause Cleanup
[2022-09-20T01:50:40.485+0700][gc          ] GC(5) Pause Cleanup 144M->144M(1024M) 0.171ms
[2022-09-20T01:50:40.485+0700][gc,cpu      ] GC(5) User=0.00s Sys=0.00s Real=0.00s
[2022-09-20T01:50:40.485+0700][gc,marking  ] GC(5) Concurrent Cleanup for Next Mark
[2022-09-20T01:50:40.489+0700][gc,marking  ] GC(5) Concurrent Cleanup for Next Mark 4.805ms
[2022-09-20T01:50:40.490+0700][gc          ] GC(5) Concurrent Mark Cycle 97.072ms
[2022-09-20T11:02:21.753+0700][gc,start    ] GC(6) Pause Young (Normal) (G1 Evacuation Pause)
[2022-09-20T11:02:21.754+0700][gc,task     ] GC(6) Using 10 workers of 10 for evacuation
[2022-09-20T11:02:21.765+0700][gc,phases   ] GC(6)   Pre Evacuate Collection Set: 1.2ms
[2022-09-20T11:02:21.765+0700][gc,phases   ] GC(6)   Merge Heap Roots: 0.3ms
[2022-09-20T11:02:21.765+0700][gc,phases   ] GC(6)   Evacuate Collection Set: 8.7ms
[2022-09-20T11:02:21.765+0700][gc,phases   ] GC(6)   Post Evacuate Collection Set: 0.6ms
[2022-09-20T11:02:21.765+0700][gc,phases   ] GC(6)   Other: 0.8ms
[2022-09-20T11:02:21.765+0700][gc,heap     ] GC(6) Eden regions: 49->0(49)
[2022-09-20T11:02:21.765+0700][gc,heap     ] GC(6) Survivor regions: 2->2(7)
[2022-09-20T11:02:21.765+0700][gc,heap     ] GC(6) Old regions: 13->13
[2022-09-20T11:02:21.765+0700][gc,heap     ] GC(6) Archive regions: 2->2
[2022-09-20T11:02:21.765+0700][gc,heap     ] GC(6) Humongous regions: 129->129
[2022-09-20T11:02:21.765+0700][gc,metaspace] GC(6) Metaspace: 36112K(36416K)->36112K(36416K) NonClass: 31933K(32128K)->31933K(32128K) Class: 4179K(4288K)->4179K(4288K)
[2022-09-20T11:02:21.765+0700][gc          ] GC(6) Pause Young (Normal) (G1 Evacuation Pause) 192M->143M(1024M) 11.586ms
[2022-09-20T11:02:21.765+0700][gc,cpu      ] GC(6) User=0.01s Sys=0.05s Real=0.01s
[2022-09-20T14:06:32.115+0700][gc,start    ] GC(7) Pause Young (Normal) (G1 Evacuation Pause)
[2022-09-20T14:06:32.117+0700][gc,task     ] GC(7) Using 10 workers of 10 for evacuation
[2022-09-20T14:06:32.151+0700][gc,mmu      ] GC(7) MMU target violated: 21.0ms (20.0ms/21.0ms)
[2022-09-20T14:06:32.151+0700][gc,phases   ] GC(7)   Pre Evacuate Collection Set: 5.0ms
[2022-09-20T14:06:32.151+0700][gc,phases   ] GC(7)   Merge Heap Roots: 3.0ms
[2022-09-20T14:06:32.151+0700][gc,phases   ] GC(7)   Evacuate Collection Set: 23.5ms
[2022-09-20T14:06:32.151+0700][gc,phases   ] GC(7)   Post Evacuate Collection Set: 1.1ms
[2022-09-20T14:06:32.151+0700][gc,phases   ] GC(7)   Other: 4.9ms
[2022-09-20T14:06:32.151+0700][gc,heap     ] GC(7) Eden regions: 49->0(49)
[2022-09-20T14:06:32.151+0700][gc,heap     ] GC(7) Survivor regions: 2->2(7)
[2022-09-20T14:06:32.151+0700][gc,heap     ] GC(7) Old regions: 13->13
[2022-09-20T14:06:32.151+0700][gc,heap     ] GC(7) Archive regions: 2->2
[2022-09-20T14:06:32.151+0700][gc,heap     ] GC(7) Humongous regions: 129->129
[2022-09-20T14:06:32.151+0700][gc,metaspace] GC(7) Metaspace: 36213K(36480K)->36213K(36480K) NonClass: 32034K(32192K)->32034K(32192K) Class: 4179K(4288K)->4179K(4288K)
[2022-09-20T14:06:32.151+0700][gc          ] GC(7) Pause Young (Normal) (G1 Evacuation Pause) 192M->143M(1024M) 35.556ms
[2022-09-20T14:06:32.151+0700][gc,cpu      ] GC(7) User=0.01s Sys=0.07s Real=0.04s
[2022-09-20T15:56:48.436+0700][gc,start    ] GC(8) Pause Young (Normal) (G1 Evacuation Pause)
[2022-09-20T15:56:48.437+0700][gc,task     ] GC(8) Using 10 workers of 10 for evacuation
[2022-09-20T15:56:48.464+0700][gc,mmu      ] GC(8) MMU target violated: 21.0ms (20.0ms/21.0ms)
[2022-09-20T15:56:48.464+0700][gc,phases   ] GC(8)   Pre Evacuate Collection Set: 7.8ms
[2022-09-20T15:56:48.464+0700][gc,phases   ] GC(8)   Merge Heap Roots: 0.8ms
[2022-09-20T15:56:48.464+0700][gc,phases   ] GC(8)   Evacuate Collection Set: 16.1ms
[2022-09-20T15:56:48.464+0700][gc,phases   ] GC(8)   Post Evacuate Collection Set: 1.3ms
[2022-09-20T15:56:48.464+0700][gc,phases   ] GC(8)   Other: 2.0ms
[2022-09-20T15:56:48.464+0700][gc,heap     ] GC(8) Eden regions: 49->0(49)
[2022-09-20T15:56:48.464+0700][gc,heap     ] GC(8) Survivor regions: 2->2(7)
[2022-09-20T15:56:48.464+0700][gc,heap     ] GC(8) Old regions: 13->13
[2022-09-20T15:56:48.464+0700][gc,heap     ] GC(8) Archive regions: 2->2
[2022-09-20T15:56:48.464+0700][gc,heap     ] GC(8) Humongous regions: 129->129
[2022-09-20T15:56:48.464+0700][gc,metaspace] GC(8) Metaspace: 36247K(36480K)->36247K(36480K) NonClass: 32068K(32192K)->32068K(32192K) Class: 4179K(4288K)->4179K(4288K)
[2022-09-20T15:56:48.464+0700][gc          ] GC(8) Pause Young (Normal) (G1 Evacuation Pause) 192M->143M(1024M) 27.314ms
[2022-09-20T15:56:48.464+0700][gc,cpu      ] GC(8) User=0.02s Sys=0.06s Real=0.03s
[2022-09-20T17:36:17.218+0700][gc,heap,exit] Heap
[2022-09-20T17:36:17.221+0700][gc,heap,exit]  garbage-first heap   total 1048576K, used 195052K [0x00000007c0000000, 0x0000000800000000)
[2022-09-20T17:36:17.221+0700][gc,heap,exit]   region size 1024K, 49 young (50176K), 2 survivors (2048K)
[2022-09-20T17:36:17.221+0700][gc,heap,exit]  Metaspace       used 36868K, committed 37184K, reserved 1089536K
[2022-09-20T17:36:17.221+0700][gc,heap,exit]   class space    used 4313K, committed 4416K, reserved 1048576K
