[2022-09-20T17:50:31.581+0700][gc] Using G1
[2022-09-20T17:50:31.588+0700][gc,init] Version: 17.0.4.1+1-LTS-2 (release)
[2022-09-20T17:50:31.588+0700][gc,init] CPUs: 12 total, 12 available
[2022-09-20T17:50:31.588+0700][gc,init] Memory: 16384M
[2022-09-20T17:50:31.588+0700][gc,init] Large Page Support: Disabled
[2022-09-20T17:50:31.588+0700][gc,init] NUMA Support: Disabled
[2022-09-20T17:50:31.588+0700][gc,init] Compressed Oops: Enabled (Zero based)
[2022-09-20T17:50:31.588+0700][gc,init] Heap Region Size: 1M
[2022-09-20T17:50:31.588+0700][gc,init] Heap Min Capacity: 1G
[2022-09-20T17:50:31.588+0700][gc,init] Heap Initial Capacity: 1G
[2022-09-20T17:50:31.588+0700][gc,init] Heap Max Capacity: 1G
[2022-09-20T17:50:31.588+0700][gc,init] Pre-touch: Disabled
[2022-09-20T17:50:31.588+0700][gc,init] Parallel Workers: 10
[2022-09-20T17:50:31.588+0700][gc,init] Concurrent Workers: 3
[2022-09-20T17:50:31.588+0700][gc,init] Concurrent Refinement Workers: 10
[2022-09-20T17:50:31.588+0700][gc,init] Periodic GC: Disabled
[2022-09-20T17:50:31.589+0700][gc,metaspace] CDS archive(s) mapped at: [0x0000000800000000-0x0000000800bd8000-0x0000000800bd8000), size 12419072, SharedBaseAddress: 0x0000000800000000, ArchiveRelocationMode: 0.
[2022-09-20T17:50:31.589+0700][gc,metaspace] Compressed class space mapped at: 0x0000000800c00000-0x0000000840c00000, reserved size: 1073741824
[2022-09-20T17:50:31.589+0700][gc,metaspace] Narrow klass base: 0x0000000800000000, Narrow klass shift: 0, Narrow klass range: 0x100000000
[2022-09-20T17:50:32.977+0700][gc,start    ] GC(0) Pause Young (Normal) (G1 Evacuation Pause)
[2022-09-20T17:50:32.977+0700][gc,task     ] GC(0) Using 10 workers of 10 for evacuation
[2022-09-20T17:50:32.981+0700][gc,phases   ] GC(0)   Pre Evacuate Collection Set: 0.1ms
[2022-09-20T17:50:32.981+0700][gc,phases   ] GC(0)   Merge Heap Roots: 0.1ms
[2022-09-20T17:50:32.981+0700][gc,phases   ] GC(0)   Evacuate Collection Set: 2.8ms
[2022-09-20T17:50:32.981+0700][gc,phases   ] GC(0)   Post Evacuate Collection Set: 0.3ms
[2022-09-20T17:50:32.981+0700][gc,phases   ] GC(0)   Other: 0.6ms
[2022-09-20T17:50:32.981+0700][gc,heap     ] GC(0) Eden regions: 51->0(44)
[2022-09-20T17:50:32.981+0700][gc,heap     ] GC(0) Survivor regions: 0->7(7)
[2022-09-20T17:50:32.981+0700][gc,heap     ] GC(0) Old regions: 0->1
[2022-09-20T17:50:32.981+0700][gc,heap     ] GC(0) Archive regions: 2->2
[2022-09-20T17:50:32.981+0700][gc,heap     ] GC(0) Humongous regions: 0->0
[2022-09-20T17:50:32.981+0700][gc,metaspace] GC(0) Metaspace: 18608K(18752K)->18608K(18752K) NonClass: 16370K(16448K)->16370K(16448K) Class: 2237K(2304K)->2237K(2304K)
[2022-09-20T17:50:32.981+0700][gc          ] GC(0) Pause Young (Normal) (G1 Evacuation Pause) 51M->7M(1024M) 4.087ms
[2022-09-20T17:50:32.981+0700][gc,cpu      ] GC(0) User=0.02s Sys=0.01s Real=0.01s
[2022-09-20T17:50:33.356+0700][gc,start    ] GC(1) Pause Young (Concurrent Start) (Metadata GC Threshold)
[2022-09-20T17:50:33.356+0700][gc,task     ] GC(1) Using 10 workers of 10 for evacuation
[2022-09-20T17:50:33.363+0700][gc,phases   ] GC(1)   Pre Evacuate Collection Set: 0.1ms
[2022-09-20T17:50:33.364+0700][gc,phases   ] GC(1)   Merge Heap Roots: 0.1ms
[2022-09-20T17:50:33.364+0700][gc,phases   ] GC(1)   Evacuate Collection Set: 5.8ms
[2022-09-20T17:50:33.364+0700][gc,phases   ] GC(1)   Post Evacuate Collection Set: 0.4ms
[2022-09-20T17:50:33.364+0700][gc,phases   ] GC(1)   Other: 0.8ms
[2022-09-20T17:50:33.364+0700][gc,heap     ] GC(1) Eden regions: 12->0(49)
[2022-09-20T17:50:33.364+0700][gc,heap     ] GC(1) Survivor regions: 7->2(7)
[2022-09-20T17:50:33.364+0700][gc,heap     ] GC(1) Old regions: 1->8
[2022-09-20T17:50:33.364+0700][gc,heap     ] GC(1) Archive regions: 2->2
[2022-09-20T17:50:33.364+0700][gc,heap     ] GC(1) Humongous regions: 129->129
[2022-09-20T17:50:33.364+0700][gc,metaspace] GC(1) Metaspace: 21243K(21504K)->21243K(21504K) NonClass: 18644K(18752K)->18644K(18752K) Class: 2598K(2752K)->2598K(2752K)
[2022-09-20T17:50:33.364+0700][gc          ] GC(1) Pause Young (Concurrent Start) (Metadata GC Threshold) 148M->138M(1024M) 7.360ms
[2022-09-20T17:50:33.364+0700][gc,cpu      ] GC(1) User=0.03s Sys=0.02s Real=0.01s
[2022-09-20T17:50:33.364+0700][gc          ] GC(2) Concurrent Mark Cycle
[2022-09-20T17:50:33.364+0700][gc,marking  ] GC(2) Concurrent Clear Claimed Marks
[2022-09-20T17:50:33.364+0700][gc,marking  ] GC(2) Concurrent Clear Claimed Marks 0.017ms
[2022-09-20T17:50:33.364+0700][gc,marking  ] GC(2) Concurrent Scan Root Regions
[2022-09-20T17:50:33.366+0700][gc,marking  ] GC(2) Concurrent Scan Root Regions 2.271ms
[2022-09-20T17:50:33.366+0700][gc,marking  ] GC(2) Concurrent Mark
[2022-09-20T17:50:33.366+0700][gc,marking  ] GC(2) Concurrent Mark From Roots
[2022-09-20T17:50:33.366+0700][gc,task     ] GC(2) Using 3 workers of 3 for marking
[2022-09-20T17:50:33.369+0700][gc,marking  ] GC(2) Concurrent Mark From Roots 3.092ms
[2022-09-20T17:50:33.369+0700][gc,marking  ] GC(2) Concurrent Preclean
[2022-09-20T17:50:33.369+0700][gc,marking  ] GC(2) Concurrent Preclean 0.038ms
[2022-09-20T17:50:33.369+0700][gc,start    ] GC(2) Pause Remark
[2022-09-20T17:50:33.371+0700][gc          ] GC(2) Pause Remark 139M->139M(1024M) 1.492ms
[2022-09-20T17:50:33.371+0700][gc,cpu      ] GC(2) User=0.00s Sys=0.00s Real=0.01s
[2022-09-20T17:50:33.371+0700][gc,marking  ] GC(2) Concurrent Mark 4.851ms
[2022-09-20T17:50:33.371+0700][gc,marking  ] GC(2) Concurrent Rebuild Remembered Sets
[2022-09-20T17:50:33.373+0700][gc,marking  ] GC(2) Concurrent Rebuild Remembered Sets 2.517ms
[2022-09-20T17:50:33.374+0700][gc,start    ] GC(2) Pause Cleanup
[2022-09-20T17:50:33.374+0700][gc          ] GC(2) Pause Cleanup 139M->139M(1024M) 0.103ms
[2022-09-20T17:50:33.374+0700][gc,cpu      ] GC(2) User=0.00s Sys=0.00s Real=0.00s
[2022-09-20T17:50:33.374+0700][gc,marking  ] GC(2) Concurrent Cleanup for Next Mark
[2022-09-20T17:50:33.381+0700][gc,marking  ] GC(2) Concurrent Cleanup for Next Mark 7.263ms
[2022-09-20T17:50:33.383+0700][gc          ] GC(2) Concurrent Mark Cycle 19.131ms
[2022-09-20T17:50:34.210+0700][gc,start    ] GC(3) Pause Young (Normal) (G1 Evacuation Pause)
[2022-09-20T17:50:34.210+0700][gc,task     ] GC(3) Using 10 workers of 10 for evacuation
[2022-09-20T17:50:34.213+0700][gc,phases   ] GC(3)   Pre Evacuate Collection Set: 0.1ms
[2022-09-20T17:50:34.213+0700][gc,phases   ] GC(3)   Merge Heap Roots: 0.1ms
[2022-09-20T17:50:34.213+0700][gc,phases   ] GC(3)   Evacuate Collection Set: 2.4ms
[2022-09-20T17:50:34.213+0700][gc,phases   ] GC(3)   Post Evacuate Collection Set: 0.4ms
[2022-09-20T17:50:34.213+0700][gc,phases   ] GC(3)   Other: 0.1ms
[2022-09-20T17:50:34.213+0700][gc,heap     ] GC(3) Eden regions: 49->0(45)
[2022-09-20T17:50:34.213+0700][gc,heap     ] GC(3) Survivor regions: 2->6(7)
[2022-09-20T17:50:34.213+0700][gc,heap     ] GC(3) Old regions: 8->8
[2022-09-20T17:50:34.213+0700][gc,heap     ] GC(3) Archive regions: 2->2
[2022-09-20T17:50:34.214+0700][gc,heap     ] GC(3) Humongous regions: 129->129
[2022-09-20T17:50:34.214+0700][gc,metaspace] GC(3) Metaspace: 32739K(33024K)->32739K(33024K) NonClass: 29031K(29184K)->29031K(29184K) Class: 3708K(3840K)->3708K(3840K)
[2022-09-20T17:50:34.214+0700][gc          ] GC(3) Pause Young (Normal) (G1 Evacuation Pause) 187M->142M(1024M) 3.246ms
[2022-09-20T17:50:34.214+0700][gc,cpu      ] GC(3) User=0.02s Sys=0.00s Real=0.00s
[2022-09-20T18:03:04.667+0700][gc,start    ] GC(4) Pause Young (Concurrent Start) (Metadata GC Threshold)
[2022-09-20T18:03:04.667+0700][gc,task     ] GC(4) Using 10 workers of 10 for evacuation
[2022-09-20T18:03:04.673+0700][gc,phases   ] GC(4)   Pre Evacuate Collection Set: 0.2ms
[2022-09-20T18:03:04.673+0700][gc,phases   ] GC(4)   Merge Heap Roots: 0.1ms
[2022-09-20T18:03:04.673+0700][gc,phases   ] GC(4)   Evacuate Collection Set: 5.0ms
[2022-09-20T18:03:04.673+0700][gc,phases   ] GC(4)   Post Evacuate Collection Set: 0.4ms
[2022-09-20T18:03:04.673+0700][gc,phases   ] GC(4)   Other: 0.3ms
[2022-09-20T18:03:04.673+0700][gc,heap     ] GC(4) Eden regions: 32->0(49)
[2022-09-20T18:03:04.673+0700][gc,heap     ] GC(4) Survivor regions: 6->2(7)
[2022-09-20T18:03:04.673+0700][gc,heap     ] GC(4) Old regions: 8->13
[2022-09-20T18:03:04.673+0700][gc,heap     ] GC(4) Archive regions: 2->2
[2022-09-20T18:03:04.673+0700][gc,heap     ] GC(4) Humongous regions: 129->129
[2022-09-20T18:03:04.673+0700][gc,metaspace] GC(4) Metaspace: 35754K(36096K)->35754K(36096K) NonClass: 31549K(31744K)->31549K(31744K) Class: 4205K(4352K)->4205K(4352K)
[2022-09-20T18:03:04.673+0700][gc          ] GC(4) Pause Young (Concurrent Start) (Metadata GC Threshold) 174M->143M(1024M) 6.212ms
[2022-09-20T18:03:04.673+0700][gc,cpu      ] GC(4) User=0.03s Sys=0.00s Real=0.01s
[2022-09-20T18:03:04.673+0700][gc          ] GC(5) Concurrent Mark Cycle
[2022-09-20T18:03:04.673+0700][gc,marking  ] GC(5) Concurrent Clear Claimed Marks
[2022-09-20T18:03:04.673+0700][gc,marking  ] GC(5) Concurrent Clear Claimed Marks 0.027ms
[2022-09-20T18:03:04.673+0700][gc,marking  ] GC(5) Concurrent Scan Root Regions
[2022-09-20T18:03:04.676+0700][gc,marking  ] GC(5) Concurrent Scan Root Regions 2.328ms
[2022-09-20T18:03:04.676+0700][gc,marking  ] GC(5) Concurrent Mark
[2022-09-20T18:03:04.676+0700][gc,marking  ] GC(5) Concurrent Mark From Roots
[2022-09-20T18:03:04.676+0700][gc,task     ] GC(5) Using 3 workers of 3 for marking
[2022-09-20T18:03:04.680+0700][gc,marking  ] GC(5) Concurrent Mark From Roots 4.548ms
[2022-09-20T18:03:04.680+0700][gc,marking  ] GC(5) Concurrent Preclean
[2022-09-20T18:03:04.680+0700][gc,marking  ] GC(5) Concurrent Preclean 0.085ms
[2022-09-20T18:03:04.680+0700][gc,start    ] GC(5) Pause Remark
[2022-09-20T18:03:04.682+0700][gc          ] GC(5) Pause Remark 144M->144M(1024M) 1.483ms
[2022-09-20T18:03:04.682+0700][gc,cpu      ] GC(5) User=0.00s Sys=0.00s Real=0.00s
[2022-09-20T18:03:04.682+0700][gc,marking  ] GC(5) Concurrent Mark 6.495ms
[2022-09-20T18:03:04.682+0700][gc,marking  ] GC(5) Concurrent Rebuild Remembered Sets
[2022-09-20T18:03:04.686+0700][gc,marking  ] GC(5) Concurrent Rebuild Remembered Sets 3.624ms
[2022-09-20T18:03:04.686+0700][gc,start    ] GC(5) Pause Cleanup
[2022-09-20T18:03:04.686+0700][gc          ] GC(5) Pause Cleanup 144M->144M(1024M) 0.159ms
[2022-09-20T18:03:04.686+0700][gc,cpu      ] GC(5) User=0.00s Sys=0.00s Real=0.00s
[2022-09-20T18:03:04.686+0700][gc,marking  ] GC(5) Concurrent Cleanup for Next Mark
[2022-09-20T18:03:04.694+0700][gc,marking  ] GC(5) Concurrent Cleanup for Next Mark 7.967ms
[2022-09-20T18:03:04.694+0700][gc          ] GC(5) Concurrent Mark Cycle 20.984ms
[2022-09-20T18:06:54.056+0700][gc,start    ] GC(6) Pause Young (Prepare Mixed) (G1 Evacuation Pause)
[2022-09-20T18:06:54.056+0700][gc,task     ] GC(6) Using 10 workers of 10 for evacuation
[2022-09-20T18:06:54.059+0700][gc,phases   ] GC(6)   Pre Evacuate Collection Set: 0.2ms
[2022-09-20T18:06:54.059+0700][gc,phases   ] GC(6)   Merge Heap Roots: 0.1ms
[2022-09-20T18:06:54.060+0700][gc,phases   ] GC(6)   Evacuate Collection Set: 3.0ms
[2022-09-20T18:06:54.060+0700][gc,phases   ] GC(6)   Post Evacuate Collection Set: 0.5ms
[2022-09-20T18:06:54.060+0700][gc,phases   ] GC(6)   Other: 0.2ms
[2022-09-20T18:06:54.060+0700][gc,heap     ] GC(6) Eden regions: 49->0(47)
[2022-09-20T18:06:54.060+0700][gc,heap     ] GC(6) Survivor regions: 2->4(7)
[2022-09-20T18:06:54.060+0700][gc,heap     ] GC(6) Old regions: 13->13
[2022-09-20T18:06:54.060+0700][gc,heap     ] GC(6) Archive regions: 2->2
[2022-09-20T18:06:54.060+0700][gc,heap     ] GC(6) Humongous regions: 129->129
[2022-09-20T18:06:54.060+0700][gc,metaspace] GC(6) Metaspace: 40898K(41472K)->40898K(41472K) NonClass: 35968K(36288K)->35968K(36288K) Class: 4929K(5184K)->4929K(5184K)
[2022-09-20T18:06:54.060+0700][gc          ] GC(6) Pause Young (Prepare Mixed) (G1 Evacuation Pause) 192M->145M(1024M) 4.123ms
[2022-09-20T18:06:54.060+0700][gc,cpu      ] GC(6) User=0.03s Sys=0.00s Real=0.01s
[2022-09-20T18:12:06.027+0700][gc,start    ] GC(7) Pause Young (Mixed) (G1 Evacuation Pause)
[2022-09-20T18:12:06.027+0700][gc,task     ] GC(7) Using 10 workers of 10 for evacuation
[2022-09-20T18:12:06.038+0700][gc,phases   ] GC(7)   Pre Evacuate Collection Set: 0.1ms
[2022-09-20T18:12:06.038+0700][gc,phases   ] GC(7)   Merge Heap Roots: 0.2ms
[2022-09-20T18:12:06.038+0700][gc,phases   ] GC(7)   Evacuate Collection Set: 9.3ms
[2022-09-20T18:12:06.038+0700][gc,phases   ] GC(7)   Post Evacuate Collection Set: 1.3ms
[2022-09-20T18:12:06.038+0700][gc,phases   ] GC(7)   Other: 0.2ms
[2022-09-20T18:12:06.038+0700][gc,heap     ] GC(7) Eden regions: 47->0(46)
[2022-09-20T18:12:06.038+0700][gc,heap     ] GC(7) Survivor regions: 4->5(7)
[2022-09-20T18:12:06.038+0700][gc,heap     ] GC(7) Old regions: 13->13
[2022-09-20T18:12:06.038+0700][gc,heap     ] GC(7) Archive regions: 2->2
[2022-09-20T18:12:06.038+0700][gc,heap     ] GC(7) Humongous regions: 129->129
[2022-09-20T18:12:06.038+0700][gc,metaspace] GC(7) Metaspace: 41479K(42048K)->41479K(42048K) NonClass: 36482K(36800K)->36482K(36800K) Class: 4997K(5248K)->4997K(5248K)
[2022-09-20T18:12:06.038+0700][gc          ] GC(7) Pause Young (Mixed) (G1 Evacuation Pause) 192M->146M(1024M) 11.239ms
[2022-09-20T18:12:06.038+0700][gc,cpu      ] GC(7) User=0.05s Sys=0.01s Real=0.01s
[2022-09-20T18:18:15.434+0700][gc,start    ] GC(8) Pause Young (Normal) (G1 Evacuation Pause)
[2022-09-20T18:18:15.434+0700][gc,task     ] GC(8) Using 10 workers of 10 for evacuation
[2022-09-20T18:18:15.439+0700][gc,phases   ] GC(8)   Pre Evacuate Collection Set: 0.3ms
[2022-09-20T18:18:15.439+0700][gc,phases   ] GC(8)   Merge Heap Roots: 0.1ms
[2022-09-20T18:18:15.439+0700][gc,phases   ] GC(8)   Evacuate Collection Set: 3.8ms
[2022-09-20T18:18:15.439+0700][gc,phases   ] GC(8)   Post Evacuate Collection Set: 0.5ms
[2022-09-20T18:18:15.439+0700][gc,phases   ] GC(8)   Other: 0.2ms
[2022-09-20T18:18:15.439+0700][gc,heap     ] GC(8) Eden regions: 46->0(46)
[2022-09-20T18:18:15.439+0700][gc,heap     ] GC(8) Survivor regions: 5->5(7)
[2022-09-20T18:18:15.439+0700][gc,heap     ] GC(8) Old regions: 13->14
[2022-09-20T18:18:15.439+0700][gc,heap     ] GC(8) Archive regions: 2->2
[2022-09-20T18:18:15.439+0700][gc,heap     ] GC(8) Humongous regions: 129->129
[2022-09-20T18:18:15.439+0700][gc,metaspace] GC(8) Metaspace: 41599K(42112K)->41599K(42112K) NonClass: 36601K(36864K)->36601K(36864K) Class: 4998K(5248K)->4998K(5248K)
[2022-09-20T18:18:15.439+0700][gc          ] GC(8) Pause Young (Normal) (G1 Evacuation Pause) 192M->147M(1024M) 4.979ms
[2022-09-20T18:18:15.439+0700][gc,cpu      ] GC(8) User=0.04s Sys=0.00s Real=0.00s
[2022-09-20T18:25:27.109+0700][gc,start    ] GC(9) Pause Young (Normal) (G1 Evacuation Pause)
[2022-09-20T18:25:27.110+0700][gc,task     ] GC(9) Using 10 workers of 10 for evacuation
[2022-09-20T18:25:27.158+0700][gc,mmu      ] GC(9) MMU target violated: 21.0ms (20.0ms/21.0ms)
[2022-09-20T18:25:27.158+0700][gc,phases   ] GC(9)   Pre Evacuate Collection Set: 1.8ms
[2022-09-20T18:25:27.158+0700][gc,phases   ] GC(9)   Merge Heap Roots: 0.4ms
[2022-09-20T18:25:27.158+0700][gc,phases   ] GC(9)   Evacuate Collection Set: 42.2ms
[2022-09-20T18:25:27.158+0700][gc,phases   ] GC(9)   Post Evacuate Collection Set: 1.3ms
[2022-09-20T18:25:27.158+0700][gc,phases   ] GC(9)   Other: 2.7ms
[2022-09-20T18:25:27.158+0700][gc,heap     ] GC(9) Eden regions: 46->0(48)
[2022-09-20T18:25:27.158+0700][gc,heap     ] GC(9) Survivor regions: 5->3(7)
[2022-09-20T18:25:27.158+0700][gc,heap     ] GC(9) Old regions: 14->15
[2022-09-20T18:25:27.158+0700][gc,heap     ] GC(9) Archive regions: 2->2
[2022-09-20T18:25:27.158+0700][gc,heap     ] GC(9) Humongous regions: 129->129
[2022-09-20T18:25:27.158+0700][gc,metaspace] GC(9) Metaspace: 41637K(42176K)->41637K(42176K) NonClass: 36639K(36928K)->36639K(36928K) Class: 4998K(5248K)->4998K(5248K)
[2022-09-20T18:25:27.158+0700][gc          ] GC(9) Pause Young (Normal) (G1 Evacuation Pause) 193M->147M(1024M) 48.734ms
[2022-09-20T18:25:27.158+0700][gc,cpu      ] GC(9) User=0.03s Sys=0.06s Real=0.05s
[2022-09-20T18:33:23.717+0700][gc,start    ] GC(10) Pause Young (Normal) (G1 Evacuation Pause)
[2022-09-20T18:33:23.718+0700][gc,task     ] GC(10) Using 10 workers of 10 for evacuation
[2022-09-20T18:33:23.749+0700][gc,mmu      ] GC(10) MMU target violated: 21.0ms (20.0ms/21.0ms)
[2022-09-20T18:33:23.749+0700][gc,phases   ] GC(10)   Pre Evacuate Collection Set: 8.8ms
[2022-09-20T18:33:23.749+0700][gc,phases   ] GC(10)   Merge Heap Roots: 1.0ms
[2022-09-20T18:33:23.749+0700][gc,phases   ] GC(10)   Evacuate Collection Set: 19.5ms
[2022-09-20T18:33:23.749+0700][gc,phases   ] GC(10)   Post Evacuate Collection Set: 1.1ms
[2022-09-20T18:33:23.749+0700][gc,phases   ] GC(10)   Other: 2.1ms
[2022-09-20T18:33:23.749+0700][gc,heap     ] GC(10) Eden regions: 48->0(48)
[2022-09-20T18:33:23.749+0700][gc,heap     ] GC(10) Survivor regions: 3->3(7)
[2022-09-20T18:33:23.749+0700][gc,heap     ] GC(10) Old regions: 15->15
[2022-09-20T18:33:23.749+0700][gc,heap     ] GC(10) Archive regions: 2->2
[2022-09-20T18:33:23.749+0700][gc,heap     ] GC(10) Humongous regions: 129->129
[2022-09-20T18:33:23.749+0700][gc,metaspace] GC(10) Metaspace: 41708K(42240K)->41708K(42240K) NonClass: 36710K(36992K)->36710K(36992K) Class: 4998K(5248K)->4998K(5248K)
[2022-09-20T18:33:23.749+0700][gc          ] GC(10) Pause Young (Normal) (G1 Evacuation Pause) 195M->146M(1024M) 31.958ms
[2022-09-20T18:33:23.749+0700][gc,cpu      ] GC(10) User=0.02s Sys=0.07s Real=0.03s
[2022-09-20T18:41:21.726+0700][gc,start    ] GC(11) Pause Young (Normal) (G1 Evacuation Pause)
[2022-09-20T18:41:21.726+0700][gc,task     ] GC(11) Using 10 workers of 10 for evacuation
[2022-09-20T18:41:21.740+0700][gc,phases   ] GC(11)   Pre Evacuate Collection Set: 2.0ms
[2022-09-20T18:41:21.740+0700][gc,phases   ] GC(11)   Merge Heap Roots: 0.5ms
[2022-09-20T18:41:21.740+0700][gc,phases   ] GC(11)   Evacuate Collection Set: 9.7ms
[2022-09-20T18:41:21.740+0700][gc,phases   ] GC(11)   Post Evacuate Collection Set: 0.7ms
[2022-09-20T18:41:21.740+0700][gc,phases   ] GC(11)   Other: 1.2ms
[2022-09-20T18:41:21.740+0700][gc,heap     ] GC(11) Eden regions: 48->0(48)
[2022-09-20T18:41:21.740+0700][gc,heap     ] GC(11) Survivor regions: 3->3(7)
[2022-09-20T18:41:21.740+0700][gc,heap     ] GC(11) Old regions: 15->15
[2022-09-20T18:41:21.740+0700][gc,heap     ] GC(11) Archive regions: 2->2
[2022-09-20T18:41:21.740+0700][gc,heap     ] GC(11) Humongous regions: 129->129
[2022-09-20T18:41:21.740+0700][gc,metaspace] GC(11) Metaspace: 41730K(42240K)->41730K(42240K) NonClass: 36732K(36992K)->36732K(36992K) Class: 4998K(5248K)->4998K(5248K)
[2022-09-20T18:41:21.740+0700][gc          ] GC(11) Pause Young (Normal) (G1 Evacuation Pause) 194M->146M(1024M) 14.697ms
[2022-09-20T18:41:21.740+0700][gc,cpu      ] GC(11) User=0.02s Sys=0.05s Real=0.02s
[2022-09-20T18:49:20.530+0700][gc,start    ] GC(12) Pause Young (Normal) (G1 Evacuation Pause)
[2022-09-20T18:49:20.531+0700][gc,task     ] GC(12) Using 10 workers of 10 for evacuation
[2022-09-20T18:49:20.545+0700][gc,phases   ] GC(12)   Pre Evacuate Collection Set: 3.6ms
[2022-09-20T18:49:20.545+0700][gc,phases   ] GC(12)   Merge Heap Roots: 0.7ms
[2022-09-20T18:49:20.545+0700][gc,phases   ] GC(12)   Evacuate Collection Set: 8.7ms
[2022-09-20T18:49:20.545+0700][gc,phases   ] GC(12)   Post Evacuate Collection Set: 0.8ms
[2022-09-20T18:49:20.545+0700][gc,phases   ] GC(12)   Other: 2.0ms
[2022-09-20T18:49:20.545+0700][gc,heap     ] GC(12) Eden regions: 48->0(65)
[2022-09-20T18:49:20.545+0700][gc,heap     ] GC(12) Survivor regions: 3->2(7)
[2022-09-20T18:49:20.545+0700][gc,heap     ] GC(12) Old regions: 15->15
[2022-09-20T18:49:20.545+0700][gc,heap     ] GC(12) Archive regions: 2->2
[2022-09-20T18:49:20.545+0700][gc,heap     ] GC(12) Humongous regions: 129->129
[2022-09-20T18:49:20.545+0700][gc,metaspace] GC(12) Metaspace: 41762K(42304K)->41762K(42304K) NonClass: 36764K(37056K)->36764K(37056K) Class: 4998K(5248K)->4998K(5248K)
[2022-09-20T18:49:20.545+0700][gc          ] GC(12) Pause Young (Normal) (G1 Evacuation Pause) 194M->146M(1024M) 14.823ms
[2022-09-20T18:49:20.545+0700][gc,cpu      ] GC(12) User=0.02s Sys=0.05s Real=0.01s
[2022-09-20T18:59:50.897+0700][gc,start    ] GC(13) Pause Young (Normal) (G1 Evacuation Pause)
[2022-09-20T18:59:50.898+0700][gc,task     ] GC(13) Using 10 workers of 10 for evacuation
[2022-09-20T18:59:50.943+0700][gc,mmu      ] GC(13) MMU target violated: 21.0ms (20.0ms/21.0ms)
[2022-09-20T18:59:50.943+0700][gc,phases   ] GC(13)   Pre Evacuate Collection Set: 8.0ms
[2022-09-20T18:59:50.943+0700][gc,phases   ] GC(13)   Merge Heap Roots: 2.3ms
[2022-09-20T18:59:50.943+0700][gc,phases   ] GC(13)   Evacuate Collection Set: 28.7ms
[2022-09-20T18:59:50.943+0700][gc,phases   ] GC(13)   Post Evacuate Collection Set: 2.4ms
[2022-09-20T18:59:50.943+0700][gc,phases   ] GC(13)   Other: 4.8ms
[2022-09-20T18:59:50.943+0700][gc,heap     ] GC(13) Eden regions: 65->0(48)
[2022-09-20T18:59:50.943+0700][gc,heap     ] GC(13) Survivor regions: 2->3(9)
[2022-09-20T18:59:50.943+0700][gc,heap     ] GC(13) Old regions: 15->15
[2022-09-20T18:59:50.943+0700][gc,heap     ] GC(13) Archive regions: 2->2
[2022-09-20T18:59:50.943+0700][gc,heap     ] GC(13) Humongous regions: 129->129
[2022-09-20T18:59:50.943+0700][gc,metaspace] GC(13) Metaspace: 41819K(42368K)->41819K(42368K) NonClass: 36817K(37120K)->36817K(37120K) Class: 5001K(5248K)->5001K(5248K)
[2022-09-20T18:59:50.943+0700][gc          ] GC(13) Pause Young (Normal) (G1 Evacuation Pause) 211M->147M(1024M) 46.173ms
[2022-09-20T18:59:50.943+0700][gc,cpu      ] GC(13) User=0.03s Sys=0.11s Real=0.05s
[2022-09-20T19:11:29.768+0700][gc,start    ] GC(14) Pause Young (Normal) (G1 Evacuation Pause)
[2022-09-20T19:11:29.771+0700][gc,task     ] GC(14) Using 10 workers of 10 for evacuation
[2022-09-20T19:11:29.911+0700][gc,mmu      ] GC(14) MMU target violated: 21.0ms (20.0ms/21.0ms)
[2022-09-20T19:11:29.911+0700][gc,phases   ] GC(14)   Pre Evacuate Collection Set: 14.0ms
[2022-09-20T19:11:29.911+0700][gc,phases   ] GC(14)   Merge Heap Roots: 2.9ms
[2022-09-20T19:11:29.911+0700][gc,phases   ] GC(14)   Evacuate Collection Set: 112.7ms
[2022-09-20T19:11:29.911+0700][gc,phases   ] GC(14)   Post Evacuate Collection Set: 4.8ms
[2022-09-20T19:11:29.911+0700][gc,phases   ] GC(14)   Other: 9.7ms
[2022-09-20T19:11:29.912+0700][gc,heap     ] GC(14) Eden regions: 48->0(48)
[2022-09-20T19:11:29.912+0700][gc,heap     ] GC(14) Survivor regions: 3->3(7)
[2022-09-20T19:11:29.912+0700][gc,heap     ] GC(14) Old regions: 15->15
[2022-09-20T19:11:29.912+0700][gc,heap     ] GC(14) Archive regions: 2->2
[2022-09-20T19:11:29.912+0700][gc,heap     ] GC(14) Humongous regions: 129->129
[2022-09-20T19:11:29.912+0700][gc,metaspace] GC(14) Metaspace: 41823K(42368K)->41823K(42368K) NonClass: 36821K(37120K)->36821K(37120K) Class: 5001K(5248K)->5001K(5248K)
[2022-09-20T19:11:29.912+0700][gc          ] GC(14) Pause Young (Normal) (G1 Evacuation Pause) 195M->147M(1024M) 143.567ms
[2022-09-20T19:11:29.912+0700][gc,cpu      ] GC(14) User=0.12s Sys=0.52s Real=0.15s
[2022-09-21T09:31:51.406+0700][gc,start    ] GC(15) Pause Young (Normal) (G1 Evacuation Pause)
[2022-09-21T09:31:51.406+0700][gc,task     ] GC(15) Using 10 workers of 10 for evacuation
[2022-09-21T09:31:51.451+0700][gc,mmu      ] GC(15) MMU target violated: 21.0ms (20.0ms/21.0ms)
[2022-09-21T09:31:51.451+0700][gc,phases   ] GC(15)   Pre Evacuate Collection Set: 3.7ms
[2022-09-21T09:31:51.451+0700][gc,phases   ] GC(15)   Merge Heap Roots: 0.8ms
[2022-09-21T09:31:51.451+0700][gc,phases   ] GC(15)   Evacuate Collection Set: 38.2ms
[2022-09-21T09:31:51.451+0700][gc,phases   ] GC(15)   Post Evacuate Collection Set: 0.8ms
[2022-09-21T09:31:51.451+0700][gc,phases   ] GC(15)   Other: 2.3ms
[2022-09-21T09:31:51.451+0700][gc,heap     ] GC(15) Eden regions: 48->0(47)
[2022-09-21T09:31:51.451+0700][gc,heap     ] GC(15) Survivor regions: 3->4(7)
[2022-09-21T09:31:51.451+0700][gc,heap     ] GC(15) Old regions: 15->15
[2022-09-21T09:31:51.451+0700][gc,heap     ] GC(15) Archive regions: 2->2
[2022-09-21T09:31:51.451+0700][gc,heap     ] GC(15) Humongous regions: 129->129
[2022-09-21T09:31:51.451+0700][gc,metaspace] GC(15) Metaspace: 42436K(43008K)->42436K(43008K) NonClass: 37333K(37632K)->37333K(37632K) Class: 5102K(5376K)->5102K(5376K)
[2022-09-21T09:31:51.451+0700][gc          ] GC(15) Pause Young (Normal) (G1 Evacuation Pause) 195M->148M(1024M) 45.814ms
[2022-09-21T09:31:51.451+0700][gc,cpu      ] GC(15) User=0.03s Sys=0.18s Real=0.05s
[2022-09-21T09:39:28.825+0700][gc,start    ] GC(16) Pause Young (Normal) (G1 Evacuation Pause)
[2022-09-21T09:39:28.826+0700][gc,task     ] GC(16) Using 10 workers of 10 for evacuation
[2022-09-21T09:39:28.834+0700][gc,phases   ] GC(16)   Pre Evacuate Collection Set: 0.2ms
[2022-09-21T09:39:28.834+0700][gc,phases   ] GC(16)   Merge Heap Roots: 0.1ms
[2022-09-21T09:39:28.834+0700][gc,phases   ] GC(16)   Evacuate Collection Set: 6.3ms
[2022-09-21T09:39:28.834+0700][gc,phases   ] GC(16)   Post Evacuate Collection Set: 1.2ms
[2022-09-21T09:39:28.834+0700][gc,phases   ] GC(16)   Other: 1.7ms
[2022-09-21T09:39:28.834+0700][gc,heap     ] GC(16) Eden regions: 47->0(47)
[2022-09-21T09:39:28.834+0700][gc,heap     ] GC(16) Survivor regions: 4->4(7)
[2022-09-21T09:39:28.834+0700][gc,heap     ] GC(16) Old regions: 15->15
[2022-09-21T09:39:28.834+0700][gc,heap     ] GC(16) Archive regions: 2->2
[2022-09-21T09:39:28.834+0700][gc,heap     ] GC(16) Humongous regions: 129->129
[2022-09-21T09:39:28.834+0700][gc,metaspace] GC(16) Metaspace: 42447K(43008K)->42447K(43008K) NonClass: 37344K(37632K)->37344K(37632K) Class: 5102K(5376K)->5102K(5376K)
[2022-09-21T09:39:28.834+0700][gc          ] GC(16) Pause Young (Normal) (G1 Evacuation Pause) 195M->147M(1024M) 8.521ms
[2022-09-21T09:39:28.834+0700][gc,cpu      ] GC(16) User=0.02s Sys=0.02s Real=0.01s
[2022-09-21T09:47:17.814+0700][gc,start    ] GC(17) Pause Young (Normal) (G1 Evacuation Pause)
[2022-09-21T09:47:17.820+0700][gc,task     ] GC(17) Using 10 workers of 10 for evacuation
[2022-09-21T09:47:17.824+0700][gc,phases   ] GC(17)   Pre Evacuate Collection Set: 0.2ms
[2022-09-21T09:47:17.824+0700][gc,phases   ] GC(17)   Merge Heap Roots: 0.1ms
[2022-09-21T09:47:17.824+0700][gc,phases   ] GC(17)   Evacuate Collection Set: 2.9ms
[2022-09-21T09:47:17.824+0700][gc,phases   ] GC(17)   Post Evacuate Collection Set: 0.3ms
[2022-09-21T09:47:17.824+0700][gc,phases   ] GC(17)   Other: 6.3ms
[2022-09-21T09:47:17.824+0700][gc,heap     ] GC(17) Eden regions: 47->0(48)
[2022-09-21T09:47:17.824+0700][gc,heap     ] GC(17) Survivor regions: 4->3(7)
[2022-09-21T09:47:17.824+0700][gc,heap     ] GC(17) Old regions: 15->15
[2022-09-21T09:47:17.824+0700][gc,heap     ] GC(17) Archive regions: 2->2
[2022-09-21T09:47:17.824+0700][gc,heap     ] GC(17) Humongous regions: 129->129
[2022-09-21T09:47:17.824+0700][gc,metaspace] GC(17) Metaspace: 42465K(43008K)->42465K(43008K) NonClass: 37362K(37632K)->37362K(37632K) Class: 5102K(5376K)->5102K(5376K)
[2022-09-21T09:47:17.824+0700][gc          ] GC(17) Pause Young (Normal) (G1 Evacuation Pause) 194M->147M(1024M) 10.147ms
[2022-09-21T09:47:17.843+0700][gc,cpu      ] GC(17) User=0.02s Sys=0.00s Real=0.03s
[2022-09-21T09:55:16.023+0700][gc,start    ] GC(18) Pause Young (Normal) (G1 Evacuation Pause)
[2022-09-21T09:55:16.023+0700][gc,task     ] GC(18) Using 10 workers of 10 for evacuation
[2022-09-21T09:55:16.033+0700][gc,phases   ] GC(18)   Pre Evacuate Collection Set: 1.2ms
[2022-09-21T09:55:16.033+0700][gc,phases   ] GC(18)   Merge Heap Roots: 0.1ms
[2022-09-21T09:55:16.033+0700][gc,phases   ] GC(18)   Evacuate Collection Set: 6.6ms
[2022-09-21T09:55:16.033+0700][gc,phases   ] GC(18)   Post Evacuate Collection Set: 1.0ms
[2022-09-21T09:55:16.033+0700][gc,phases   ] GC(18)   Other: 0.7ms
[2022-09-21T09:55:16.033+0700][gc,heap     ] GC(18) Eden regions: 48->0(48)
[2022-09-21T09:55:16.033+0700][gc,heap     ] GC(18) Survivor regions: 3->3(7)
[2022-09-21T09:55:16.033+0700][gc,heap     ] GC(18) Old regions: 15->15
[2022-09-21T09:55:16.033+0700][gc,heap     ] GC(18) Archive regions: 2->2
[2022-09-21T09:55:16.033+0700][gc,heap     ] GC(18) Humongous regions: 129->129
[2022-09-21T09:55:16.033+0700][gc,metaspace] GC(18) Metaspace: 42465K(43008K)->42465K(43008K) NonClass: 37362K(37632K)->37362K(37632K) Class: 5102K(5376K)->5102K(5376K)
[2022-09-21T09:55:16.033+0700][gc          ] GC(18) Pause Young (Normal) (G1 Evacuation Pause) 195M->147M(1024M) 9.980ms
[2022-09-21T09:55:16.033+0700][gc,cpu      ] GC(18) User=0.02s Sys=0.02s Real=0.01s
[2022-09-21T10:03:17.119+0700][gc,start    ] GC(19) Pause Young (Normal) (G1 Evacuation Pause)
[2022-09-21T10:03:17.120+0700][gc,task     ] GC(19) Using 10 workers of 10 for evacuation
[2022-09-21T10:03:17.126+0700][gc,phases   ] GC(19)   Pre Evacuate Collection Set: 0.2ms
[2022-09-21T10:03:17.126+0700][gc,phases   ] GC(19)   Merge Heap Roots: 0.2ms
[2022-09-21T10:03:17.126+0700][gc,phases   ] GC(19)   Evacuate Collection Set: 4.8ms
[2022-09-21T10:03:17.126+0700][gc,phases   ] GC(19)   Post Evacuate Collection Set: 0.6ms
[2022-09-21T10:03:17.126+0700][gc,phases   ] GC(19)   Other: 1.1ms
[2022-09-21T10:03:17.126+0700][gc,heap     ] GC(19) Eden regions: 48->0(48)
[2022-09-21T10:03:17.126+0700][gc,heap     ] GC(19) Survivor regions: 3->3(7)
[2022-09-21T10:03:17.126+0700][gc,heap     ] GC(19) Old regions: 15->15
[2022-09-21T10:03:17.126+0700][gc,heap     ] GC(19) Archive regions: 2->2
[2022-09-21T10:03:17.126+0700][gc,heap     ] GC(19) Humongous regions: 129->129
[2022-09-21T10:03:17.126+0700][gc,metaspace] GC(19) Metaspace: 42467K(43008K)->42467K(43008K) NonClass: 37364K(37632K)->37364K(37632K) Class: 5102K(5376K)->5102K(5376K)
[2022-09-21T10:03:17.126+0700][gc          ] GC(19) Pause Young (Normal) (G1 Evacuation Pause) 195M->147M(1024M) 7.017ms
[2022-09-21T10:03:17.126+0700][gc,cpu      ] GC(19) User=0.02s Sys=0.01s Real=0.01s
[2022-09-21T10:10:59.770+0700][gc,start    ] GC(20) Pause Young (Normal) (G1 Evacuation Pause)
[2022-09-21T10:10:59.771+0700][gc,task     ] GC(20) Using 10 workers of 10 for evacuation
[2022-09-21T10:10:59.783+0700][gc,phases   ] GC(20)   Pre Evacuate Collection Set: 0.4ms
[2022-09-21T10:10:59.783+0700][gc,phases   ] GC(20)   Merge Heap Roots: 0.2ms
[2022-09-21T10:10:59.783+0700][gc,phases   ] GC(20)   Evacuate Collection Set: 10.7ms
[2022-09-21T10:10:59.783+0700][gc,phases   ] GC(20)   Post Evacuate Collection Set: 0.4ms
[2022-09-21T10:10:59.783+0700][gc,phases   ] GC(20)   Other: 2.3ms
[2022-09-21T10:10:59.783+0700][gc,heap     ] GC(20) Eden regions: 48->0(47)
[2022-09-21T10:10:59.783+0700][gc,heap     ] GC(20) Survivor regions: 3->4(7)
[2022-09-21T10:10:59.783+0700][gc,heap     ] GC(20) Old regions: 15->15
[2022-09-21T10:10:59.783+0700][gc,heap     ] GC(20) Archive regions: 2->2
[2022-09-21T10:10:59.783+0700][gc,heap     ] GC(20) Humongous regions: 129->129
[2022-09-21T10:10:59.783+0700][gc,metaspace] GC(20) Metaspace: 42467K(43008K)->42467K(43008K) NonClass: 37364K(37632K)->37364K(37632K) Class: 5102K(5376K)->5102K(5376K)
[2022-09-21T10:10:59.783+0700][gc          ] GC(20) Pause Young (Normal) (G1 Evacuation Pause) 195M->148M(1024M) 12.907ms
[2022-09-21T10:10:59.783+0700][gc,cpu      ] GC(20) User=0.02s Sys=0.04s Real=0.01s
[2022-09-21T10:34:14.766+0700][gc,start    ] GC(21) Pause Young (Normal) (G1 Evacuation Pause)
[2022-09-21T10:34:14.767+0700][gc,task     ] GC(21) Using 10 workers of 10 for evacuation
[2022-09-21T10:34:14.770+0700][gc,phases   ] GC(21)   Pre Evacuate Collection Set: 0.1ms
[2022-09-21T10:34:14.770+0700][gc,phases   ] GC(21)   Merge Heap Roots: 0.0ms
[2022-09-21T10:34:14.770+0700][gc,phases   ] GC(21)   Evacuate Collection Set: 2.9ms
[2022-09-21T10:34:14.770+0700][gc,phases   ] GC(21)   Post Evacuate Collection Set: 0.3ms
[2022-09-21T10:34:14.770+0700][gc,phases   ] GC(21)   Other: 0.4ms
[2022-09-21T10:34:14.770+0700][gc,heap     ] GC(21) Eden regions: 47->0(47)
[2022-09-21T10:34:14.770+0700][gc,heap     ] GC(21) Survivor regions: 4->4(7)
[2022-09-21T10:34:14.770+0700][gc,heap     ] GC(21) Old regions: 15->15
[2022-09-21T10:34:14.770+0700][gc,heap     ] GC(21) Archive regions: 2->2
[2022-09-21T10:34:14.770+0700][gc,heap     ] GC(21) Humongous regions: 129->129
[2022-09-21T10:34:14.770+0700][gc,metaspace] GC(21) Metaspace: 42479K(43008K)->42479K(43008K) NonClass: 37376K(37632K)->37376K(37632K) Class: 5102K(5376K)->5102K(5376K)
[2022-09-21T10:34:14.771+0700][gc          ] GC(21) Pause Young (Normal) (G1 Evacuation Pause) 195M->148M(1024M) 4.435ms
[2022-09-21T10:34:14.771+0700][gc,cpu      ] GC(21) User=0.01s Sys=0.00s Real=0.01s
[2022-09-21T10:41:43.848+0700][gc,start    ] GC(22) Pause Young (Normal) (G1 Evacuation Pause)
[2022-09-21T10:41:43.848+0700][gc,task     ] GC(22) Using 10 workers of 10 for evacuation
[2022-09-21T10:41:43.852+0700][gc,phases   ] GC(22)   Pre Evacuate Collection Set: 0.2ms
[2022-09-21T10:41:43.852+0700][gc,phases   ] GC(22)   Merge Heap Roots: 0.2ms
[2022-09-21T10:41:43.852+0700][gc,phases   ] GC(22)   Evacuate Collection Set: 2.7ms
[2022-09-21T10:41:43.852+0700][gc,phases   ] GC(22)   Post Evacuate Collection Set: 1.1ms
[2022-09-21T10:41:43.852+0700][gc,phases   ] GC(22)   Other: 0.9ms
[2022-09-21T10:41:43.852+0700][gc,heap     ] GC(22) Eden regions: 47->0(238)
[2022-09-21T10:41:43.852+0700][gc,heap     ] GC(22) Survivor regions: 4->3(7)
[2022-09-21T10:41:43.852+0700][gc,heap     ] GC(22) Old regions: 15->16
[2022-09-21T10:41:43.852+0700][gc,heap     ] GC(22) Archive regions: 2->2
[2022-09-21T10:41:43.852+0700][gc,heap     ] GC(22) Humongous regions: 129->129
[2022-09-21T10:41:43.853+0700][gc,metaspace] GC(22) Metaspace: 42483K(43008K)->42483K(43008K) NonClass: 37380K(37632K)->37380K(37632K) Class: 5102K(5376K)->5102K(5376K)
[2022-09-21T10:41:43.853+0700][gc          ] GC(22) Pause Young (Normal) (G1 Evacuation Pause) 195M->147M(1024M) 4.590ms
[2022-09-21T10:41:43.853+0700][gc,cpu      ] GC(22) User=0.02s Sys=0.01s Real=0.01s
[2022-09-21T11:22:56.782+0700][gc,start    ] GC(23) Pause Young (Normal) (G1 Evacuation Pause)
[2022-09-21T11:22:56.783+0700][gc,task     ] GC(23) Using 10 workers of 10 for evacuation
[2022-09-21T11:22:56.796+0700][gc,phases   ] GC(23)   Pre Evacuate Collection Set: 1.3ms
[2022-09-21T11:22:56.796+0700][gc,phases   ] GC(23)   Merge Heap Roots: 0.8ms
[2022-09-21T11:22:56.796+0700][gc,phases   ] GC(23)   Evacuate Collection Set: 7.5ms
[2022-09-21T11:22:56.796+0700][gc,phases   ] GC(23)   Post Evacuate Collection Set: 1.2ms
[2022-09-21T11:22:56.796+0700][gc,phases   ] GC(23)   Other: 3.4ms
[2022-09-21T11:22:56.796+0700][gc,heap     ] GC(23) Eden regions: 238->0(610)
[2022-09-21T11:22:56.796+0700][gc,heap     ] GC(23) Survivor regions: 3->4(31)
[2022-09-21T11:22:56.796+0700][gc,heap     ] GC(23) Old regions: 16->16
[2022-09-21T11:22:56.796+0700][gc,heap     ] GC(23) Archive regions: 2->2
[2022-09-21T11:22:56.796+0700][gc,heap     ] GC(23) Humongous regions: 129->129
[2022-09-21T11:22:56.796+0700][gc,metaspace] GC(23) Metaspace: 42490K(43008K)->42490K(43008K) NonClass: 37387K(37632K)->37387K(37632K) Class: 5102K(5376K)->5102K(5376K)
[2022-09-21T11:22:56.796+0700][gc          ] GC(23) Pause Young (Normal) (G1 Evacuation Pause) 385M->148M(1024M) 14.173ms
[2022-09-21T11:22:56.796+0700][gc,cpu      ] GC(23) User=0.02s Sys=0.04s Real=0.01s
[2022-09-21T15:34:11.457+0700][gc,start    ] GC(24) Pause Young (Normal) (G1 Evacuation Pause)
[2022-09-21T15:34:11.458+0700][gc,task     ] GC(24) Using 10 workers of 10 for evacuation
[2022-09-21T15:34:11.497+0700][gc,mmu      ] GC(24) MMU target violated: 21.0ms (20.0ms/21.0ms)
[2022-09-21T15:34:11.497+0700][gc,phases   ] GC(24)   Pre Evacuate Collection Set: 3.3ms
[2022-09-21T15:34:11.497+0700][gc,phases   ] GC(24)   Merge Heap Roots: 1.7ms
[2022-09-21T15:34:11.497+0700][gc,phases   ] GC(24)   Evacuate Collection Set: 26.8ms
[2022-09-21T15:34:11.497+0700][gc,phases   ] GC(24)   Post Evacuate Collection Set: 2.8ms
[2022-09-21T15:34:11.497+0700][gc,phases   ] GC(24)   Other: 6.1ms
[2022-09-21T15:34:11.497+0700][gc,heap     ] GC(24) Eden regions: 610->0(611)
[2022-09-21T15:34:11.497+0700][gc,heap     ] GC(24) Survivor regions: 4->3(77)
[2022-09-21T15:34:11.497+0700][gc,heap     ] GC(24) Old regions: 16->16
[2022-09-21T15:34:11.497+0700][gc,heap     ] GC(24) Archive regions: 2->2
[2022-09-21T15:34:11.497+0700][gc,heap     ] GC(24) Humongous regions: 129->129
[2022-09-21T15:34:11.497+0700][gc,metaspace] GC(24) Metaspace: 42528K(43136K)->42528K(43136K) NonClass: 37425K(37760K)->37425K(37760K) Class: 5102K(5376K)->5102K(5376K)
[2022-09-21T15:34:11.497+0700][gc          ] GC(24) Pause Young (Normal) (G1 Evacuation Pause) 758M->147M(1024M) 39.842ms
[2022-09-21T15:34:11.497+0700][gc,cpu      ] GC(24) User=0.03s Sys=0.08s Real=0.04s
[2022-09-21T18:02:15.338+0700][gc,start    ] GC(25) Pause Young (Normal) (G1 Evacuation Pause)
[2022-09-21T18:02:15.339+0700][gc,task     ] GC(25) Using 10 workers of 10 for evacuation
[2022-09-21T18:02:15.399+0700][gc,mmu      ] GC(25) MMU target violated: 21.0ms (20.0ms/21.0ms)
[2022-09-21T18:02:15.399+0700][gc,phases   ] GC(25)   Pre Evacuate Collection Set: 2.1ms
[2022-09-21T18:02:15.399+0700][gc,phases   ] GC(25)   Merge Heap Roots: 1.5ms
[2022-09-21T18:02:15.399+0700][gc,phases   ] GC(25)   Evacuate Collection Set: 50.8ms
[2022-09-21T18:02:15.399+0700][gc,phases   ] GC(25)   Post Evacuate Collection Set: 5.4ms
[2022-09-21T18:02:15.399+0700][gc,phases   ] GC(25)   Other: 1.7ms
[2022-09-21T18:02:15.399+0700][gc,heap     ] GC(25) Eden regions: 611->0(47)
[2022-09-21T18:02:15.399+0700][gc,heap     ] GC(25) Survivor regions: 3->4(77)
[2022-09-21T18:02:15.399+0700][gc,heap     ] GC(25) Old regions: 16->16
[2022-09-21T18:02:15.399+0700][gc,heap     ] GC(25) Archive regions: 2->2
[2022-09-21T18:02:15.399+0700][gc,heap     ] GC(25) Humongous regions: 129->129
[2022-09-21T18:02:15.399+0700][gc,metaspace] GC(25) Metaspace: 43240K(43840K)->43240K(43840K) NonClass: 37998K(38336K)->37998K(38336K) Class: 5242K(5504K)->5242K(5504K)
[2022-09-21T18:02:15.399+0700][gc          ] GC(25) Pause Young (Normal) (G1 Evacuation Pause) 758M->148M(1024M) 61.175ms
[2022-09-21T18:02:15.399+0700][gc,cpu      ] GC(25) User=0.04s Sys=0.22s Real=0.06s
[2022-09-21T18:02:15.771+0700][gc,heap,exit] Heap
[2022-09-21T18:02:15.771+0700][gc,heap,exit]  garbage-first heap   total 1048576K, used 155999K [0x00000007c0000000, 0x0000000800000000)
[2022-09-21T18:02:15.771+0700][gc,heap,exit]   region size 1024K, 8 young (8192K), 4 survivors (4096K)
[2022-09-21T18:02:15.771+0700][gc,heap,exit]  Metaspace       used 43325K, committed 43904K, reserved 1089536K
[2022-09-21T18:02:15.771+0700][gc,heap,exit]   class space    used 5263K, committed 5504K, reserved 1048576K
