[2022-09-20T17:51:50.947+0700][gc] Using G1
[2022-09-20T17:51:50.954+0700][gc,init] Version: 17.0.4.1+1-LTS-2 (release)
[2022-09-20T17:51:50.954+0700][gc,init] CPUs: 12 total, 12 available
[2022-09-20T17:51:50.954+0700][gc,init] Memory: 16384M
[2022-09-20T17:51:50.954+0700][gc,init] Large Page Support: Disabled
[2022-09-20T17:51:50.954+0700][gc,init] NUMA Support: Disabled
[2022-09-20T17:51:50.954+0700][gc,init] Compressed Oops: Enabled (Zero based)
[2022-09-20T17:51:50.954+0700][gc,init] Heap Region Size: 1M
[2022-09-20T17:51:50.954+0700][gc,init] Heap Min Capacity: 1G
[2022-09-20T17:51:50.954+0700][gc,init] Heap Initial Capacity: 1G
[2022-09-20T17:51:50.954+0700][gc,init] Heap Max Capacity: 1G
[2022-09-20T17:51:50.954+0700][gc,init] Pre-touch: Disabled
[2022-09-20T17:51:50.954+0700][gc,init] Parallel Workers: 10
[2022-09-20T17:51:50.954+0700][gc,init] Concurrent Workers: 3
[2022-09-20T17:51:50.954+0700][gc,init] Concurrent Refinement Workers: 10
[2022-09-20T17:51:50.954+0700][gc,init] Periodic GC: Disabled
[2022-09-20T17:51:50.954+0700][gc,metaspace] CDS archive(s) mapped at: [0x0000000800000000-0x0000000800bd8000-0x0000000800bd8000), size 12419072, SharedBaseAddress: 0x0000000800000000, ArchiveRelocationMode: 0.
[2022-09-20T17:51:50.954+0700][gc,metaspace] Compressed class space mapped at: 0x0000000800c00000-0x0000000840c00000, reserved size: 1073741824
[2022-09-20T17:51:50.954+0700][gc,metaspace] Narrow klass base: 0x0000000800000000, Narrow klass shift: 0, Narrow klass range: 0x100000000
[2022-09-20T17:51:52.235+0700][gc,start    ] GC(0) Pause Young (Normal) (G1 Evacuation Pause)
[2022-09-20T17:51:52.236+0700][gc,task     ] GC(0) Using 10 workers of 10 for evacuation
[2022-09-20T17:51:52.240+0700][gc,phases   ] GC(0)   Pre Evacuate Collection Set: 0.1ms
[2022-09-20T17:51:52.240+0700][gc,phases   ] GC(0)   Merge Heap Roots: 0.1ms
[2022-09-20T17:51:52.240+0700][gc,phases   ] GC(0)   Evacuate Collection Set: 4.0ms
[2022-09-20T17:51:52.240+0700][gc,phases   ] GC(0)   Post Evacuate Collection Set: 0.5ms
[2022-09-20T17:51:52.240+0700][gc,phases   ] GC(0)   Other: 0.6ms
[2022-09-20T17:51:52.240+0700][gc,heap     ] GC(0) Eden regions: 51->0(44)
[2022-09-20T17:51:52.240+0700][gc,heap     ] GC(0) Survivor regions: 0->7(7)
[2022-09-20T17:51:52.240+0700][gc,heap     ] GC(0) Old regions: 0->0
[2022-09-20T17:51:52.240+0700][gc,heap     ] GC(0) Archive regions: 2->2
[2022-09-20T17:51:52.240+0700][gc,heap     ] GC(0) Humongous regions: 0->0
[2022-09-20T17:51:52.241+0700][gc,metaspace] GC(0) Metaspace: 18752K(18944K)->18752K(18944K) NonClass: 16484K(16576K)->16484K(16576K) Class: 2267K(2368K)->2267K(2368K)
[2022-09-20T17:51:52.241+0700][gc          ] GC(0) Pause Young (Normal) (G1 Evacuation Pause) 51M->7M(1024M) 5.504ms
[2022-09-20T17:51:52.241+0700][gc,cpu      ] GC(0) User=0.03s Sys=0.01s Real=0.01s
[2022-09-20T17:51:52.540+0700][gc,start    ] GC(1) Pause Young (Concurrent Start) (Metadata GC Threshold)
[2022-09-20T17:51:52.540+0700][gc,task     ] GC(1) Using 10 workers of 10 for evacuation
[2022-09-20T17:51:52.548+0700][gc,phases   ] GC(1)   Pre Evacuate Collection Set: 0.1ms
[2022-09-20T17:51:52.548+0700][gc,phases   ] GC(1)   Merge Heap Roots: 0.1ms
[2022-09-20T17:51:52.548+0700][gc,phases   ] GC(1)   Evacuate Collection Set: 6.7ms
[2022-09-20T17:51:52.548+0700][gc,phases   ] GC(1)   Post Evacuate Collection Set: 0.5ms
[2022-09-20T17:51:52.548+0700][gc,phases   ] GC(1)   Other: 0.2ms
[2022-09-20T17:51:52.548+0700][gc,heap     ] GC(1) Eden regions: 12->0(49)
[2022-09-20T17:51:52.548+0700][gc,heap     ] GC(1) Survivor regions: 7->2(7)
[2022-09-20T17:51:52.548+0700][gc,heap     ] GC(1) Old regions: 0->8
[2022-09-20T17:51:52.548+0700][gc,heap     ] GC(1) Archive regions: 2->2
[2022-09-20T17:51:52.548+0700][gc,heap     ] GC(1) Humongous regions: 129->129
[2022-09-20T17:51:52.548+0700][gc,metaspace] GC(1) Metaspace: 21247K(21504K)->21247K(21504K) NonClass: 18648K(18752K)->18648K(18752K) Class: 2598K(2752K)->2598K(2752K)
[2022-09-20T17:51:52.548+0700][gc          ] GC(1) Pause Young (Concurrent Start) (Metadata GC Threshold) 148M->138M(1024M) 7.817ms
[2022-09-20T17:51:52.548+0700][gc,cpu      ] GC(1) User=0.03s Sys=0.02s Real=0.00s
[2022-09-20T17:51:52.548+0700][gc          ] GC(2) Concurrent Mark Cycle
[2022-09-20T17:51:52.548+0700][gc,marking  ] GC(2) Concurrent Clear Claimed Marks
[2022-09-20T17:51:52.548+0700][gc,marking  ] GC(2) Concurrent Clear Claimed Marks 0.023ms
[2022-09-20T17:51:52.548+0700][gc,marking  ] GC(2) Concurrent Scan Root Regions
[2022-09-20T17:51:52.551+0700][gc,marking  ] GC(2) Concurrent Scan Root Regions 3.142ms
[2022-09-20T17:51:52.551+0700][gc,marking  ] GC(2) Concurrent Mark
[2022-09-20T17:51:52.551+0700][gc,marking  ] GC(2) Concurrent Mark From Roots
[2022-09-20T17:51:52.552+0700][gc,task     ] GC(2) Using 3 workers of 3 for marking
[2022-09-20T17:51:52.553+0700][gc,marking  ] GC(2) Concurrent Mark From Roots 1.448ms
[2022-09-20T17:51:52.553+0700][gc,marking  ] GC(2) Concurrent Preclean
[2022-09-20T17:51:52.553+0700][gc,marking  ] GC(2) Concurrent Preclean 0.043ms
[2022-09-20T17:51:52.553+0700][gc,start    ] GC(2) Pause Remark
[2022-09-20T17:51:52.555+0700][gc          ] GC(2) Pause Remark 139M->139M(1024M) 1.427ms
[2022-09-20T17:51:52.555+0700][gc,cpu      ] GC(2) User=0.01s Sys=0.00s Real=0.00s
[2022-09-20T17:51:52.555+0700][gc,marking  ] GC(2) Concurrent Mark 3.203ms
[2022-09-20T17:51:52.555+0700][gc,marking  ] GC(2) Concurrent Rebuild Remembered Sets
[2022-09-20T17:51:52.557+0700][gc,marking  ] GC(2) Concurrent Rebuild Remembered Sets 2.180ms
[2022-09-20T17:51:52.557+0700][gc,start    ] GC(2) Pause Cleanup
[2022-09-20T17:51:52.557+0700][gc          ] GC(2) Pause Cleanup 139M->139M(1024M) 0.148ms
[2022-09-20T17:51:52.557+0700][gc,cpu      ] GC(2) User=0.00s Sys=0.00s Real=0.00s
[2022-09-20T17:51:52.557+0700][gc,marking  ] GC(2) Concurrent Cleanup for Next Mark
[2022-09-20T17:51:52.563+0700][gc,marking  ] GC(2) Concurrent Cleanup for Next Mark 6.010ms
[2022-09-20T17:51:52.563+0700][gc          ] GC(2) Concurrent Mark Cycle 15.105ms
[2022-09-20T17:51:53.290+0700][gc,start    ] GC(3) Pause Young (Normal) (G1 Evacuation Pause)
[2022-09-20T17:51:53.290+0700][gc,task     ] GC(3) Using 10 workers of 10 for evacuation
[2022-09-20T17:51:53.293+0700][gc,phases   ] GC(3)   Pre Evacuate Collection Set: 0.1ms
[2022-09-20T17:51:53.293+0700][gc,phases   ] GC(3)   Merge Heap Roots: 0.1ms
[2022-09-20T17:51:53.293+0700][gc,phases   ] GC(3)   Evacuate Collection Set: 2.8ms
[2022-09-20T17:51:53.293+0700][gc,phases   ] GC(3)   Post Evacuate Collection Set: 0.4ms
[2022-09-20T17:51:53.293+0700][gc,phases   ] GC(3)   Other: 0.1ms
[2022-09-20T17:51:53.293+0700][gc,heap     ] GC(3) Eden regions: 49->0(45)
[2022-09-20T17:51:53.294+0700][gc,heap     ] GC(3) Survivor regions: 2->6(7)
[2022-09-20T17:51:53.294+0700][gc,heap     ] GC(3) Old regions: 8->8
[2022-09-20T17:51:53.294+0700][gc,heap     ] GC(3) Archive regions: 2->2
[2022-09-20T17:51:53.294+0700][gc,heap     ] GC(3) Humongous regions: 129->129
[2022-09-20T17:51:53.294+0700][gc,metaspace] GC(3) Metaspace: 33011K(33280K)->33011K(33280K) NonClass: 29278K(29440K)->29278K(29440K) Class: 3732K(3840K)->3732K(3840K)
[2022-09-20T17:51:53.294+0700][gc          ] GC(3) Pause Young (Normal) (G1 Evacuation Pause) 187M->142M(1024M) 3.675ms
[2022-09-20T17:51:53.294+0700][gc,cpu      ] GC(3) User=0.02s Sys=0.00s Real=0.00s
[2022-09-20T18:03:05.402+0700][gc,start    ] GC(4) Pause Young (Concurrent Start) (Metadata GC Threshold)
[2022-09-20T18:03:05.402+0700][gc,task     ] GC(4) Using 10 workers of 10 for evacuation
[2022-09-20T18:03:05.410+0700][gc,phases   ] GC(4)   Pre Evacuate Collection Set: 0.5ms
[2022-09-20T18:03:05.425+0700][gc,phases   ] GC(4)   Merge Heap Roots: 0.1ms
[2022-09-20T18:03:05.425+0700][gc,phases   ] GC(4)   Evacuate Collection Set: 6.6ms
[2022-09-20T18:03:05.425+0700][gc,phases   ] GC(4)   Post Evacuate Collection Set: 0.6ms
[2022-09-20T18:03:05.425+0700][gc,phases   ] GC(4)   Other: 0.4ms
[2022-09-20T18:03:05.425+0700][gc,heap     ] GC(4) Eden regions: 18->0(49)
[2022-09-20T18:03:05.425+0700][gc,heap     ] GC(4) Survivor regions: 6->2(7)
[2022-09-20T18:03:05.425+0700][gc,heap     ] GC(4) Old regions: 8->13
[2022-09-20T18:03:05.425+0700][gc,heap     ] GC(4) Archive regions: 2->2
[2022-09-20T18:03:05.425+0700][gc,heap     ] GC(4) Humongous regions: 129->129
[2022-09-20T18:03:05.425+0700][gc,metaspace] GC(4) Metaspace: 35818K(36096K)->35818K(36096K) NonClass: 31690K(31872K)->31690K(31872K) Class: 4128K(4224K)->4128K(4224K)
[2022-09-20T18:03:05.425+0700][gc          ] GC(4) Pause Young (Concurrent Start) (Metadata GC Threshold) 160M->143M(1024M) 22.881ms
[2022-09-20T18:03:05.425+0700][gc,cpu      ] GC(4) User=0.03s Sys=0.01s Real=0.02s
[2022-09-20T18:03:05.425+0700][gc          ] GC(5) Concurrent Mark Cycle
[2022-09-20T18:03:05.425+0700][gc,marking  ] GC(5) Concurrent Clear Claimed Marks
[2022-09-20T18:03:05.425+0700][gc,marking  ] GC(5) Concurrent Clear Claimed Marks 0.036ms
[2022-09-20T18:03:05.425+0700][gc,marking  ] GC(5) Concurrent Scan Root Regions
[2022-09-20T18:03:05.430+0700][gc,marking  ] GC(5) Concurrent Scan Root Regions 4.853ms
[2022-09-20T18:03:05.430+0700][gc,marking  ] GC(5) Concurrent Mark
[2022-09-20T18:03:05.430+0700][gc,marking  ] GC(5) Concurrent Mark From Roots
[2022-09-20T18:03:05.430+0700][gc,task     ] GC(5) Using 3 workers of 3 for marking
[2022-09-20T18:03:05.439+0700][gc,marking  ] GC(5) Concurrent Mark From Roots 9.081ms
[2022-09-20T18:03:05.454+0700][gc,marking  ] GC(5) Concurrent Preclean
[2022-09-20T18:03:05.454+0700][gc,marking  ] GC(5) Concurrent Preclean 0.218ms
[2022-09-20T18:03:05.456+0700][gc,start    ] GC(5) Pause Remark
[2022-09-20T18:03:05.460+0700][gc          ] GC(5) Pause Remark 146M->146M(1024M) 4.407ms
[2022-09-20T18:03:05.461+0700][gc,cpu      ] GC(5) User=0.01s Sys=0.01s Real=0.01s
[2022-09-20T18:03:05.464+0700][gc,marking  ] GC(5) Concurrent Mark 33.589ms
[2022-09-20T18:03:05.464+0700][gc,marking  ] GC(5) Concurrent Rebuild Remembered Sets
[2022-09-20T18:03:05.471+0700][gc,marking  ] GC(5) Concurrent Rebuild Remembered Sets 6.759ms
[2022-09-20T18:03:05.471+0700][gc,start    ] GC(5) Pause Cleanup
[2022-09-20T18:03:05.471+0700][gc          ] GC(5) Pause Cleanup 146M->146M(1024M) 0.305ms
[2022-09-20T18:03:05.471+0700][gc,cpu      ] GC(5) User=0.00s Sys=0.00s Real=0.00s
[2022-09-20T18:03:05.472+0700][gc,marking  ] GC(5) Concurrent Cleanup for Next Mark
[2022-09-20T18:03:05.484+0700][gc,marking  ] GC(5) Concurrent Cleanup for Next Mark 12.555ms
[2022-09-20T18:03:05.484+0700][gc          ] GC(5) Concurrent Mark Cycle 59.002ms
[2022-09-20T18:08:31.609+0700][gc,start    ] GC(6) Pause Young (Concurrent Start) (G1 Evacuation Pause)
[2022-09-20T18:08:31.609+0700][gc,task     ] GC(6) Using 10 workers of 10 for evacuation
[2022-09-20T18:08:31.624+0700][gc,phases   ] GC(6)   Pre Evacuate Collection Set: 0.8ms
[2022-09-20T18:08:31.624+0700][gc,phases   ] GC(6)   Merge Heap Roots: 0.2ms
[2022-09-20T18:08:31.624+0700][gc,phases   ] GC(6)   Evacuate Collection Set: 12.8ms
[2022-09-20T18:08:31.624+0700][gc,phases   ] GC(6)   Post Evacuate Collection Set: 0.4ms
[2022-09-20T18:08:31.624+0700][gc,phases   ] GC(6)   Other: 0.5ms
[2022-09-20T18:08:31.624+0700][gc,heap     ] GC(6) Eden regions: 49->0(48)
[2022-09-20T18:08:31.624+0700][gc,heap     ] GC(6) Survivor regions: 2->3(7)
[2022-09-20T18:08:31.624+0700][gc,heap     ] GC(6) Old regions: 13->13
[2022-09-20T18:08:31.624+0700][gc,heap     ] GC(6) Archive regions: 2->2
[2022-09-20T18:08:31.624+0700][gc,heap     ] GC(6) Humongous regions: 129->129
[2022-09-20T18:08:31.624+0700][gc,metaspace] GC(6) Metaspace: 38904K(39424K)->38904K(39424K) NonClass: 34434K(34688K)->34434K(34688K) Class: 4469K(4736K)->4469K(4736K)
[2022-09-20T18:08:31.624+0700][gc          ] GC(6) Pause Young (Concurrent Start) (G1 Evacuation Pause) 192M->145M(1024M) 14.755ms
[2022-09-20T18:08:31.624+0700][gc,cpu      ] GC(6) User=0.02s Sys=0.05s Real=0.02s
[2022-09-20T18:08:31.624+0700][gc          ] GC(7) Concurrent Mark Cycle
[2022-09-20T18:08:31.624+0700][gc,marking  ] GC(7) Concurrent Clear Claimed Marks
[2022-09-20T18:08:31.624+0700][gc,marking  ] GC(7) Concurrent Clear Claimed Marks 0.048ms
[2022-09-20T18:08:31.624+0700][gc,marking  ] GC(7) Concurrent Scan Root Regions
[2022-09-20T18:08:31.626+0700][gc,marking  ] GC(7) Concurrent Scan Root Regions 1.923ms
[2022-09-20T18:08:31.626+0700][gc,marking  ] GC(7) Concurrent Mark
[2022-09-20T18:08:31.626+0700][gc,marking  ] GC(7) Concurrent Mark From Roots
[2022-09-20T18:08:31.626+0700][gc,task     ] GC(7) Using 3 workers of 3 for marking
[2022-09-20T18:08:31.634+0700][gc,marking  ] GC(7) Concurrent Mark From Roots 8.017ms
[2022-09-20T18:08:31.634+0700][gc,marking  ] GC(7) Concurrent Preclean
[2022-09-20T18:08:31.634+0700][gc,marking  ] GC(7) Concurrent Preclean 0.177ms
[2022-09-20T18:08:31.634+0700][gc,start    ] GC(7) Pause Remark
[2022-09-20T18:08:31.651+0700][gc          ] GC(7) Pause Remark 145M->145M(1024M) 16.344ms
[2022-09-20T18:08:31.651+0700][gc,cpu      ] GC(7) User=0.02s Sys=0.08s Real=0.02s
[2022-09-20T18:08:31.651+0700][gc,marking  ] GC(7) Concurrent Mark 24.772ms
[2022-09-20T18:08:31.651+0700][gc,marking  ] GC(7) Concurrent Rebuild Remembered Sets
[2022-09-20T18:08:31.654+0700][gc,marking  ] GC(7) Concurrent Rebuild Remembered Sets 3.323ms
[2022-09-20T18:08:31.654+0700][gc,start    ] GC(7) Pause Cleanup
[2022-09-20T18:08:31.654+0700][gc          ] GC(7) Pause Cleanup 145M->145M(1024M) 0.100ms
[2022-09-20T18:08:31.654+0700][gc,cpu      ] GC(7) User=0.00s Sys=0.00s Real=0.00s
[2022-09-20T18:08:31.655+0700][gc,marking  ] GC(7) Concurrent Cleanup for Next Mark
[2022-09-20T18:08:31.661+0700][gc,marking  ] GC(7) Concurrent Cleanup for Next Mark 6.255ms
[2022-09-20T18:08:31.661+0700][gc          ] GC(7) Concurrent Mark Cycle 36.890ms
[2022-09-20T18:14:35.938+0700][gc,start    ] GC(8) Pause Young (Normal) (G1 Evacuation Pause)
[2022-09-20T18:14:35.939+0700][gc,task     ] GC(8) Using 10 workers of 10 for evacuation
[2022-09-20T18:14:35.944+0700][gc,phases   ] GC(8)   Pre Evacuate Collection Set: 0.1ms
[2022-09-20T18:14:35.957+0700][gc,phases   ] GC(8)   Merge Heap Roots: 0.1ms
[2022-09-20T18:14:35.957+0700][gc,phases   ] GC(8)   Evacuate Collection Set: 4.7ms
[2022-09-20T18:14:35.957+0700][gc,phases   ] GC(8)   Post Evacuate Collection Set: 0.5ms
[2022-09-20T18:14:35.957+0700][gc,phases   ] GC(8)   Other: 0.5ms
[2022-09-20T18:14:35.957+0700][gc,heap     ] GC(8) Eden regions: 48->0(47)
[2022-09-20T18:14:35.957+0700][gc,heap     ] GC(8) Survivor regions: 3->4(7)
[2022-09-20T18:14:35.957+0700][gc,heap     ] GC(8) Old regions: 13->13
[2022-09-20T18:14:35.957+0700][gc,heap     ] GC(8) Archive regions: 2->2
[2022-09-20T18:14:35.957+0700][gc,heap     ] GC(8) Humongous regions: 129->129
[2022-09-20T18:14:35.957+0700][gc,metaspace] GC(8) Metaspace: 39366K(39808K)->39366K(39808K) NonClass: 34843K(35072K)->34843K(35072K) Class: 4522K(4736K)->4522K(4736K)
[2022-09-20T18:14:35.957+0700][gc          ] GC(8) Pause Young (Normal) (G1 Evacuation Pause) 193M->146M(1024M) 19.287ms
[2022-09-20T18:14:35.958+0700][gc,cpu      ] GC(8) User=0.02s Sys=0.01s Real=0.02s
[2022-09-20T18:22:34.084+0700][gc,start    ] GC(9) Pause Young (Normal) (G1 Evacuation Pause)
[2022-09-20T18:22:34.086+0700][gc,task     ] GC(9) Using 10 workers of 10 for evacuation
[2022-09-20T18:22:34.091+0700][gc,phases   ] GC(9)   Pre Evacuate Collection Set: 0.9ms
[2022-09-20T18:22:34.091+0700][gc,phases   ] GC(9)   Merge Heap Roots: 0.1ms
[2022-09-20T18:22:34.091+0700][gc,phases   ] GC(9)   Evacuate Collection Set: 3.0ms
[2022-09-20T18:22:34.091+0700][gc,phases   ] GC(9)   Post Evacuate Collection Set: 1.3ms
[2022-09-20T18:22:34.091+0700][gc,phases   ] GC(9)   Other: 1.3ms
[2022-09-20T18:22:34.091+0700][gc,heap     ] GC(9) Eden regions: 47->0(47)
[2022-09-20T18:22:34.091+0700][gc,heap     ] GC(9) Survivor regions: 4->4(7)
[2022-09-20T18:22:34.091+0700][gc,heap     ] GC(9) Old regions: 13->14
[2022-09-20T18:22:34.091+0700][gc,heap     ] GC(9) Archive regions: 2->2
[2022-09-20T18:22:34.091+0700][gc,heap     ] GC(9) Humongous regions: 129->129
[2022-09-20T18:22:34.091+0700][gc,metaspace] GC(9) Metaspace: 39427K(39872K)->39427K(39872K) NonClass: 34904K(35136K)->34904K(35136K) Class: 4522K(4736K)->4522K(4736K)
[2022-09-20T18:22:34.091+0700][gc          ] GC(9) Pause Young (Normal) (G1 Evacuation Pause) 193M->146M(1024M) 6.919ms
[2022-09-20T18:22:34.091+0700][gc,cpu      ] GC(9) User=0.03s Sys=0.00s Real=0.01s
[2022-09-20T18:31:02.242+0700][gc,start    ] GC(10) Pause Young (Normal) (G1 Evacuation Pause)
[2022-09-20T18:31:02.243+0700][gc,task     ] GC(10) Using 10 workers of 10 for evacuation
[2022-09-20T18:31:02.285+0700][gc,mmu      ] GC(10) MMU target violated: 21.0ms (20.0ms/21.0ms)
[2022-09-20T18:31:02.285+0700][gc,phases   ] GC(10)   Pre Evacuate Collection Set: 7.2ms
[2022-09-20T18:31:02.285+0700][gc,phases   ] GC(10)   Merge Heap Roots: 2.3ms
[2022-09-20T18:31:02.285+0700][gc,phases   ] GC(10)   Evacuate Collection Set: 30.7ms
[2022-09-20T18:31:02.285+0700][gc,phases   ] GC(10)   Post Evacuate Collection Set: 1.1ms
[2022-09-20T18:31:02.285+0700][gc,phases   ] GC(10)   Other: 2.1ms
[2022-09-20T18:31:02.285+0700][gc,heap     ] GC(10) Eden regions: 47->0(47)
[2022-09-20T18:31:02.285+0700][gc,heap     ] GC(10) Survivor regions: 4->4(7)
[2022-09-20T18:31:02.285+0700][gc,heap     ] GC(10) Old regions: 14->14
[2022-09-20T18:31:02.285+0700][gc,heap     ] GC(10) Archive regions: 2->2
[2022-09-20T18:31:02.285+0700][gc,heap     ] GC(10) Humongous regions: 129->129
[2022-09-20T18:31:02.285+0700][gc,metaspace] GC(10) Metaspace: 39473K(39936K)->39473K(39936K) NonClass: 34950K(35200K)->34950K(35200K) Class: 4522K(4736K)->4522K(4736K)
[2022-09-20T18:31:02.285+0700][gc          ] GC(10) Pause Young (Normal) (G1 Evacuation Pause) 193M->146M(1024M) 42.818ms
[2022-09-20T18:31:02.285+0700][gc,cpu      ] GC(10) User=0.04s Sys=0.11s Real=0.04s
[2022-09-20T18:39:50.037+0700][gc,start    ] GC(11) Pause Young (Normal) (G1 Evacuation Pause)
[2022-09-20T18:39:50.038+0700][gc,task     ] GC(11) Using 10 workers of 10 for evacuation
[2022-09-20T18:39:50.060+0700][gc,mmu      ] GC(11) MMU target violated: 21.0ms (20.0ms/21.0ms)
[2022-09-20T18:39:50.060+0700][gc,phases   ] GC(11)   Pre Evacuate Collection Set: 3.4ms
[2022-09-20T18:39:50.060+0700][gc,phases   ] GC(11)   Merge Heap Roots: 0.3ms
[2022-09-20T18:39:50.060+0700][gc,phases   ] GC(11)   Evacuate Collection Set: 16.8ms
[2022-09-20T18:39:50.060+0700][gc,phases   ] GC(11)   Post Evacuate Collection Set: 0.7ms
[2022-09-20T18:39:50.060+0700][gc,phases   ] GC(11)   Other: 2.5ms
[2022-09-20T18:39:50.060+0700][gc,heap     ] GC(11) Eden regions: 47->0(47)
[2022-09-20T18:39:50.060+0700][gc,heap     ] GC(11) Survivor regions: 4->4(7)
[2022-09-20T18:39:50.060+0700][gc,heap     ] GC(11) Old regions: 14->14
[2022-09-20T18:39:50.060+0700][gc,heap     ] GC(11) Archive regions: 2->2
[2022-09-20T18:39:50.060+0700][gc,heap     ] GC(11) Humongous regions: 129->129
[2022-09-20T18:39:50.060+0700][gc,metaspace] GC(11) Metaspace: 39498K(39936K)->39498K(39936K) NonClass: 34975K(35200K)->34975K(35200K) Class: 4522K(4736K)->4522K(4736K)
[2022-09-20T18:39:50.060+0700][gc          ] GC(11) Pause Young (Normal) (G1 Evacuation Pause) 193M->146M(1024M) 22.656ms
[2022-09-20T18:39:50.060+0700][gc,cpu      ] GC(11) User=0.02s Sys=0.08s Real=0.03s
[2022-09-20T18:48:35.559+0700][gc,start    ] GC(12) Pause Young (Normal) (G1 Evacuation Pause)
[2022-09-20T18:48:35.560+0700][gc,task     ] GC(12) Using 10 workers of 10 for evacuation
[2022-09-20T18:48:35.578+0700][gc,phases   ] GC(12)   Pre Evacuate Collection Set: 1.2ms
[2022-09-20T18:48:35.578+0700][gc,phases   ] GC(12)   Merge Heap Roots: 0.4ms
[2022-09-20T18:48:35.578+0700][gc,phases   ] GC(12)   Evacuate Collection Set: 15.3ms
[2022-09-20T18:48:35.578+0700][gc,phases   ] GC(12)   Post Evacuate Collection Set: 0.7ms
[2022-09-20T18:48:35.578+0700][gc,phases   ] GC(12)   Other: 1.0ms
[2022-09-20T18:48:35.578+0700][gc,heap     ] GC(12) Eden regions: 47->0(47)
[2022-09-20T18:48:35.578+0700][gc,heap     ] GC(12) Survivor regions: 4->4(7)
[2022-09-20T18:48:35.578+0700][gc,heap     ] GC(12) Old regions: 14->14
[2022-09-20T18:48:35.578+0700][gc,heap     ] GC(12) Archive regions: 2->2
[2022-09-20T18:48:35.578+0700][gc,heap     ] GC(12) Humongous regions: 129->129
[2022-09-20T18:48:35.578+0700][gc,metaspace] GC(12) Metaspace: 39518K(40000K)->39518K(40000K) NonClass: 34995K(35264K)->34995K(35264K) Class: 4522K(4736K)->4522K(4736K)
[2022-09-20T18:48:35.578+0700][gc          ] GC(12) Pause Young (Normal) (G1 Evacuation Pause) 193M->146M(1024M) 18.659ms
[2022-09-20T18:48:35.578+0700][gc,cpu      ] GC(12) User=0.03s Sys=0.08s Real=0.02s
[2022-09-20T18:56:56.994+0700][gc,start    ] GC(13) Pause Young (Normal) (G1 Evacuation Pause)
[2022-09-20T18:56:56.994+0700][gc,task     ] GC(13) Using 10 workers of 10 for evacuation
[2022-09-20T18:56:57.067+0700][gc,mmu      ] GC(13) MMU target violated: 21.0ms (20.0ms/21.0ms)
[2022-09-20T18:56:57.067+0700][gc,phases   ] GC(13)   Pre Evacuate Collection Set: 4.9ms
[2022-09-20T18:56:57.067+0700][gc,phases   ] GC(13)   Merge Heap Roots: 1.9ms
[2022-09-20T18:56:57.067+0700][gc,phases   ] GC(13)   Evacuate Collection Set: 62.9ms
[2022-09-20T18:56:57.067+0700][gc,phases   ] GC(13)   Post Evacuate Collection Set: 0.9ms
[2022-09-20T18:56:57.067+0700][gc,phases   ] GC(13)   Other: 4.4ms
[2022-09-20T18:56:57.067+0700][gc,heap     ] GC(13) Eden regions: 47->0(47)
[2022-09-20T18:56:57.067+0700][gc,heap     ] GC(13) Survivor regions: 4->4(7)
[2022-09-20T18:56:57.067+0700][gc,heap     ] GC(13) Old regions: 14->14
[2022-09-20T18:56:57.067+0700][gc,heap     ] GC(13) Archive regions: 2->2
[2022-09-20T18:56:57.067+0700][gc,heap     ] GC(13) Humongous regions: 129->129
[2022-09-20T18:56:57.067+0700][gc,metaspace] GC(13) Metaspace: 39588K(40064K)->39588K(40064K) NonClass: 35062K(35328K)->35062K(35328K) Class: 4526K(4736K)->4526K(4736K)
[2022-09-20T18:56:57.067+0700][gc          ] GC(13) Pause Young (Normal) (G1 Evacuation Pause) 193M->146M(1024M) 73.846ms
[2022-09-20T18:56:57.067+0700][gc,cpu      ] GC(13) User=0.06s Sys=0.19s Real=0.07s
[2022-09-20T19:05:43.887+0700][gc,start    ] GC(14) Pause Young (Normal) (G1 Evacuation Pause)
[2022-09-20T19:05:43.888+0700][gc,task     ] GC(14) Using 10 workers of 10 for evacuation
[2022-09-20T19:05:44.010+0700][gc,mmu      ] GC(14) MMU target violated: 21.0ms (20.0ms/21.0ms)
[2022-09-20T19:05:44.010+0700][gc,phases   ] GC(14)   Pre Evacuate Collection Set: 6.3ms
[2022-09-20T19:05:44.011+0700][gc,phases   ] GC(14)   Merge Heap Roots: 0.9ms
[2022-09-20T19:05:44.011+0700][gc,phases   ] GC(14)   Evacuate Collection Set: 111.9ms
[2022-09-20T19:05:44.011+0700][gc,phases   ] GC(14)   Post Evacuate Collection Set: 1.8ms
[2022-09-20T19:05:44.011+0700][gc,phases   ] GC(14)   Other: 2.6ms
[2022-09-20T19:05:44.011+0700][gc,heap     ] GC(14) Eden regions: 47->0(47)
[2022-09-20T19:05:44.011+0700][gc,heap     ] GC(14) Survivor regions: 4->4(7)
[2022-09-20T19:05:44.011+0700][gc,heap     ] GC(14) Old regions: 14->14
[2022-09-20T19:05:44.011+0700][gc,heap     ] GC(14) Archive regions: 2->2
[2022-09-20T19:05:44.011+0700][gc,heap     ] GC(14) Humongous regions: 129->129
[2022-09-20T19:05:44.011+0700][gc,metaspace] GC(14) Metaspace: 39590K(40064K)->39590K(40064K) NonClass: 35064K(35328K)->35064K(35328K) Class: 4526K(4736K)->4526K(4736K)
[2022-09-20T19:05:44.011+0700][gc          ] GC(14) Pause Young (Normal) (G1 Evacuation Pause) 193M->147M(1024M) 123.571ms
[2022-09-20T19:05:44.011+0700][gc,cpu      ] GC(14) User=0.05s Sys=0.17s Real=0.13s
[2022-09-21T09:32:52.554+0700][gc,start    ] GC(15) Pause Young (Normal) (G1 Evacuation Pause)
[2022-09-21T09:32:52.554+0700][gc,task     ] GC(15) Using 10 workers of 10 for evacuation
[2022-09-21T09:32:52.586+0700][gc,mmu      ] GC(15) MMU target violated: 21.0ms (20.0ms/21.0ms)
[2022-09-21T09:32:52.586+0700][gc,phases   ] GC(15)   Pre Evacuate Collection Set: 2.4ms
[2022-09-21T09:32:52.586+0700][gc,phases   ] GC(15)   Merge Heap Roots: 0.6ms
[2022-09-21T09:32:52.586+0700][gc,phases   ] GC(15)   Evacuate Collection Set: 28.0ms
[2022-09-21T09:32:52.586+0700][gc,phases   ] GC(15)   Post Evacuate Collection Set: 1.1ms
[2022-09-21T09:32:52.586+0700][gc,phases   ] GC(15)   Other: 0.6ms
[2022-09-21T09:32:52.586+0700][gc,heap     ] GC(15) Eden regions: 47->0(47)
[2022-09-21T09:32:52.586+0700][gc,heap     ] GC(15) Survivor regions: 4->4(7)
[2022-09-21T09:32:52.586+0700][gc,heap     ] GC(15) Old regions: 14->14
[2022-09-21T09:32:52.586+0700][gc,heap     ] GC(15) Archive regions: 2->2
[2022-09-21T09:32:52.586+0700][gc,heap     ] GC(15) Humongous regions: 129->129
[2022-09-21T09:32:52.586+0700][gc,metaspace] GC(15) Metaspace: 39737K(40256K)->39737K(40256K) NonClass: 35183K(35456K)->35183K(35456K) Class: 4553K(4800K)->4553K(4800K)
[2022-09-21T09:32:52.587+0700][gc          ] GC(15) Pause Young (Normal) (G1 Evacuation Pause) 194M->146M(1024M) 32.793ms
[2022-09-21T09:32:52.587+0700][gc,cpu      ] GC(15) User=0.02s Sys=0.14s Real=0.03s
[2022-09-21T09:41:11.552+0700][gc,start    ] GC(16) Pause Young (Normal) (G1 Evacuation Pause)
[2022-09-21T09:41:11.552+0700][gc,task     ] GC(16) Using 10 workers of 10 for evacuation
[2022-09-21T09:41:11.568+0700][gc,phases   ] GC(16)   Pre Evacuate Collection Set: 0.1ms
[2022-09-21T09:41:11.568+0700][gc,phases   ] GC(16)   Merge Heap Roots: 0.5ms
[2022-09-21T09:41:11.568+0700][gc,phases   ] GC(16)   Evacuate Collection Set: 14.3ms
[2022-09-21T09:41:11.568+0700][gc,phases   ] GC(16)   Post Evacuate Collection Set: 1.0ms
[2022-09-21T09:41:11.568+0700][gc,phases   ] GC(16)   Other: 0.7ms
[2022-09-21T09:41:11.568+0700][gc,heap     ] GC(16) Eden regions: 47->0(47)
[2022-09-21T09:41:11.568+0700][gc,heap     ] GC(16) Survivor regions: 4->4(7)
[2022-09-21T09:41:11.568+0700][gc,heap     ] GC(16) Old regions: 14->14
[2022-09-21T09:41:11.568+0700][gc,heap     ] GC(16) Archive regions: 2->2
[2022-09-21T09:41:11.568+0700][gc,heap     ] GC(16) Humongous regions: 129->129
[2022-09-21T09:41:11.568+0700][gc,metaspace] GC(16) Metaspace: 39753K(40256K)->39753K(40256K) NonClass: 35199K(35456K)->35199K(35456K) Class: 4553K(4800K)->4553K(4800K)
[2022-09-21T09:41:11.568+0700][gc          ] GC(16) Pause Young (Normal) (G1 Evacuation Pause) 193M->147M(1024M) 16.723ms
[2022-09-21T09:41:11.568+0700][gc,cpu      ] GC(16) User=0.01s Sys=0.04s Real=0.01s
[2022-09-21T09:49:45.109+0700][gc,start    ] GC(17) Pause Young (Normal) (G1 Evacuation Pause)
[2022-09-21T09:49:45.110+0700][gc,task     ] GC(17) Using 10 workers of 10 for evacuation
[2022-09-21T09:49:45.117+0700][gc,phases   ] GC(17)   Pre Evacuate Collection Set: 1.0ms
[2022-09-21T09:49:45.117+0700][gc,phases   ] GC(17)   Merge Heap Roots: 0.1ms
[2022-09-21T09:49:45.117+0700][gc,phases   ] GC(17)   Evacuate Collection Set: 4.8ms
[2022-09-21T09:49:45.117+0700][gc,phases   ] GC(17)   Post Evacuate Collection Set: 0.5ms
[2022-09-21T09:49:45.117+0700][gc,phases   ] GC(17)   Other: 1.1ms
[2022-09-21T09:49:45.117+0700][gc,heap     ] GC(17) Eden regions: 47->0(47)
[2022-09-21T09:49:45.117+0700][gc,heap     ] GC(17) Survivor regions: 4->4(7)
[2022-09-21T09:49:45.117+0700][gc,heap     ] GC(17) Old regions: 14->14
[2022-09-21T09:49:45.117+0700][gc,heap     ] GC(17) Archive regions: 2->2
[2022-09-21T09:49:45.117+0700][gc,heap     ] GC(17) Humongous regions: 129->129
[2022-09-21T09:49:45.117+0700][gc,metaspace] GC(17) Metaspace: 39769K(40256K)->39769K(40256K) NonClass: 35216K(35456K)->35216K(35456K) Class: 4553K(4800K)->4553K(4800K)
[2022-09-21T09:49:45.118+0700][gc          ] GC(17) Pause Young (Normal) (G1 Evacuation Pause) 194M->147M(1024M) 8.214ms
[2022-09-21T09:49:45.118+0700][gc,cpu      ] GC(17) User=0.03s Sys=0.01s Real=0.01s
[2022-09-21T09:58:25.065+0700][gc,start    ] GC(18) Pause Young (Normal) (G1 Evacuation Pause)
[2022-09-21T09:58:25.068+0700][gc,task     ] GC(18) Using 10 workers of 10 for evacuation
[2022-09-21T09:58:25.100+0700][gc,mmu      ] GC(18) MMU target violated: 21.0ms (20.0ms/21.0ms)
[2022-09-21T09:58:25.100+0700][gc,phases   ] GC(18)   Pre Evacuate Collection Set: 1.4ms
[2022-09-21T09:58:25.100+0700][gc,phases   ] GC(18)   Merge Heap Roots: 0.3ms
[2022-09-21T09:58:25.100+0700][gc,phases   ] GC(18)   Evacuate Collection Set: 29.1ms
[2022-09-21T09:58:25.100+0700][gc,phases   ] GC(18)   Post Evacuate Collection Set: 1.2ms
[2022-09-21T09:58:25.100+0700][gc,phases   ] GC(18)   Other: 3.6ms
[2022-09-21T09:58:25.100+0700][gc,heap     ] GC(18) Eden regions: 47->0(46)
[2022-09-21T09:58:25.100+0700][gc,heap     ] GC(18) Survivor regions: 4->5(7)
[2022-09-21T09:58:25.100+0700][gc,heap     ] GC(18) Old regions: 14->14
[2022-09-21T09:58:25.100+0700][gc,heap     ] GC(18) Archive regions: 2->2
[2022-09-21T09:58:25.100+0700][gc,heap     ] GC(18) Humongous regions: 129->129
[2022-09-21T09:58:25.100+0700][gc,metaspace] GC(18) Metaspace: 39774K(40256K)->39774K(40256K) NonClass: 35220K(35456K)->35220K(35456K) Class: 4553K(4800K)->4553K(4800K)
[2022-09-21T09:58:25.100+0700][gc          ] GC(18) Pause Young (Normal) (G1 Evacuation Pause) 194M->147M(1024M) 35.698ms
[2022-09-21T09:58:25.100+0700][gc,cpu      ] GC(18) User=0.03s Sys=0.11s Real=0.04s
[2022-09-21T10:06:59.779+0700][gc,start    ] GC(19) Pause Young (Normal) (G1 Evacuation Pause)
[2022-09-21T10:06:59.779+0700][gc,task     ] GC(19) Using 10 workers of 10 for evacuation
[2022-09-21T10:06:59.784+0700][gc,phases   ] GC(19)   Pre Evacuate Collection Set: 0.6ms
[2022-09-21T10:06:59.784+0700][gc,phases   ] GC(19)   Merge Heap Roots: 0.1ms
[2022-09-21T10:06:59.784+0700][gc,phases   ] GC(19)   Evacuate Collection Set: 4.0ms
[2022-09-21T10:06:59.784+0700][gc,phases   ] GC(19)   Post Evacuate Collection Set: 0.5ms
[2022-09-21T10:06:59.784+0700][gc,phases   ] GC(19)   Other: 0.4ms
[2022-09-21T10:06:59.784+0700][gc,heap     ] GC(19) Eden regions: 46->0(47)
[2022-09-21T10:06:59.784+0700][gc,heap     ] GC(19) Survivor regions: 5->4(7)
[2022-09-21T10:06:59.784+0700][gc,heap     ] GC(19) Old regions: 14->14
[2022-09-21T10:06:59.784+0700][gc,heap     ] GC(19) Archive regions: 2->2
[2022-09-21T10:06:59.784+0700][gc,heap     ] GC(19) Humongous regions: 129->129
[2022-09-21T10:06:59.785+0700][gc,metaspace] GC(19) Metaspace: 39774K(40256K)->39774K(40256K) NonClass: 35220K(35456K)->35220K(35456K) Class: 4553K(4800K)->4553K(4800K)
[2022-09-21T10:06:59.785+0700][gc          ] GC(19) Pause Young (Normal) (G1 Evacuation Pause) 193M->147M(1024M) 5.838ms
[2022-09-21T10:06:59.785+0700][gc,cpu      ] GC(19) User=0.02s Sys=0.01s Real=0.01s
[2022-09-21T10:30:59.137+0700][gc,start    ] GC(20) Pause Young (Normal) (G1 Evacuation Pause)
[2022-09-21T10:30:59.138+0700][gc,task     ] GC(20) Using 10 workers of 10 for evacuation
[2022-09-21T10:30:59.146+0700][gc,phases   ] GC(20)   Pre Evacuate Collection Set: 0.2ms
[2022-09-21T10:30:59.146+0700][gc,phases   ] GC(20)   Merge Heap Roots: 0.1ms
[2022-09-21T10:30:59.146+0700][gc,phases   ] GC(20)   Evacuate Collection Set: 7.7ms
[2022-09-21T10:30:59.146+0700][gc,phases   ] GC(20)   Post Evacuate Collection Set: 0.4ms
[2022-09-21T10:30:59.146+0700][gc,phases   ] GC(20)   Other: 0.5ms
[2022-09-21T10:30:59.146+0700][gc,heap     ] GC(20) Eden regions: 47->0(47)
[2022-09-21T10:30:59.146+0700][gc,heap     ] GC(20) Survivor regions: 4->4(7)
[2022-09-21T10:30:59.146+0700][gc,heap     ] GC(20) Old regions: 14->14
[2022-09-21T10:30:59.146+0700][gc,heap     ] GC(20) Archive regions: 2->2
[2022-09-21T10:30:59.146+0700][gc,heap     ] GC(20) Humongous regions: 129->129
[2022-09-21T10:30:59.146+0700][gc,metaspace] GC(20) Metaspace: 39774K(40256K)->39774K(40256K) NonClass: 35220K(35456K)->35220K(35456K) Class: 4553K(4800K)->4553K(4800K)
[2022-09-21T10:30:59.146+0700][gc          ] GC(20) Pause Young (Normal) (G1 Evacuation Pause) 194M->147M(1024M) 9.022ms
[2022-09-21T10:30:59.147+0700][gc,cpu      ] GC(20) User=0.02s Sys=0.02s Real=0.01s
[2022-09-21T10:39:17.872+0700][gc,start    ] GC(21) Pause Young (Normal) (G1 Evacuation Pause)
[2022-09-21T10:39:17.872+0700][gc,task     ] GC(21) Using 10 workers of 10 for evacuation
[2022-09-21T10:39:17.875+0700][gc,phases   ] GC(21)   Pre Evacuate Collection Set: 0.1ms
[2022-09-21T10:39:17.875+0700][gc,phases   ] GC(21)   Merge Heap Roots: 0.0ms
[2022-09-21T10:39:17.875+0700][gc,phases   ] GC(21)   Evacuate Collection Set: 2.2ms
[2022-09-21T10:39:17.875+0700][gc,phases   ] GC(21)   Post Evacuate Collection Set: 0.3ms
[2022-09-21T10:39:17.875+0700][gc,phases   ] GC(21)   Other: 1.1ms
[2022-09-21T10:39:17.875+0700][gc,heap     ] GC(21) Eden regions: 47->0(92)
[2022-09-21T10:39:17.875+0700][gc,heap     ] GC(21) Survivor regions: 4->4(7)
[2022-09-21T10:39:17.875+0700][gc,heap     ] GC(21) Old regions: 14->14
[2022-09-21T10:39:17.875+0700][gc,heap     ] GC(21) Archive regions: 2->2
[2022-09-21T10:39:17.875+0700][gc,heap     ] GC(21) Humongous regions: 129->129
[2022-09-21T10:39:17.875+0700][gc,metaspace] GC(21) Metaspace: 39786K(40256K)->39786K(40256K) NonClass: 35233K(35456K)->35233K(35456K) Class: 4553K(4800K)->4553K(4800K)
[2022-09-21T10:39:17.875+0700][gc          ] GC(21) Pause Young (Normal) (G1 Evacuation Pause) 194M->147M(1024M) 3.022ms
[2022-09-21T10:39:17.875+0700][gc,cpu      ] GC(21) User=0.02s Sys=0.00s Real=0.00s
[2022-09-21T10:55:44.497+0700][gc,start    ] GC(22) Pause Young (Normal) (G1 Evacuation Pause)
[2022-09-21T10:55:44.499+0700][gc,task     ] GC(22) Using 10 workers of 10 for evacuation
[2022-09-21T10:55:44.504+0700][gc,phases   ] GC(22)   Pre Evacuate Collection Set: 0.3ms
[2022-09-21T10:55:44.504+0700][gc,phases   ] GC(22)   Merge Heap Roots: 0.1ms
[2022-09-21T10:55:44.504+0700][gc,phases   ] GC(22)   Evacuate Collection Set: 3.7ms
[2022-09-21T10:55:44.504+0700][gc,phases   ] GC(22)   Post Evacuate Collection Set: 1.3ms
[2022-09-21T10:55:44.504+0700][gc,phases   ] GC(22)   Other: 1.9ms
[2022-09-21T10:55:44.504+0700][gc,heap     ] GC(22) Eden regions: 92->0(611)
[2022-09-21T10:55:44.504+0700][gc,heap     ] GC(22) Survivor regions: 4->3(12)
[2022-09-21T10:55:44.504+0700][gc,heap     ] GC(22) Old regions: 14->14
[2022-09-21T10:55:44.504+0700][gc,heap     ] GC(22) Archive regions: 2->2
[2022-09-21T10:55:44.504+0700][gc,heap     ] GC(22) Humongous regions: 129->129
[2022-09-21T10:55:44.504+0700][gc,metaspace] GC(22) Metaspace: 39792K(40256K)->39792K(40256K) NonClass: 35239K(35456K)->35239K(35456K) Class: 4553K(4800K)->4553K(4800K)
[2022-09-21T10:55:44.504+0700][gc          ] GC(22) Pause Young (Normal) (G1 Evacuation Pause) 239M->146M(1024M) 7.450ms
[2022-09-21T10:55:44.504+0700][gc,cpu      ] GC(22) User=0.03s Sys=0.01s Real=0.01s
[2022-09-21T15:20:14.891+0700][gc,start    ] GC(23) Pause Young (Normal) (G1 Evacuation Pause)
[2022-09-21T15:20:14.892+0700][gc,task     ] GC(23) Using 10 workers of 10 for evacuation
[2022-09-21T15:20:14.926+0700][gc,mmu      ] GC(23) MMU target violated: 21.0ms (20.0ms/21.0ms)
[2022-09-21T15:20:14.926+0700][gc,phases   ] GC(23)   Pre Evacuate Collection Set: 7.6ms
[2022-09-21T15:20:14.926+0700][gc,phases   ] GC(23)   Merge Heap Roots: 1.4ms
[2022-09-21T15:20:14.926+0700][gc,phases   ] GC(23)   Evacuate Collection Set: 20.4ms
[2022-09-21T15:20:14.926+0700][gc,phases   ] GC(23)   Post Evacuate Collection Set: 3.5ms
[2022-09-21T15:20:14.926+0700][gc,phases   ] GC(23)   Other: 2.8ms
[2022-09-21T15:20:14.926+0700][gc,heap     ] GC(23) Eden regions: 611->0(612)
[2022-09-21T15:20:14.926+0700][gc,heap     ] GC(23) Survivor regions: 3->2(77)
[2022-09-21T15:20:14.926+0700][gc,heap     ] GC(23) Old regions: 14->15
[2022-09-21T15:20:14.926+0700][gc,heap     ] GC(23) Archive regions: 2->2
[2022-09-21T15:20:14.926+0700][gc,heap     ] GC(23) Humongous regions: 129->129
[2022-09-21T15:20:14.926+0700][gc,metaspace] GC(23) Metaspace: 39819K(40256K)->39819K(40256K) NonClass: 35265K(35456K)->35265K(35456K) Class: 4553K(4800K)->4553K(4800K)
[2022-09-21T15:20:14.926+0700][gc          ] GC(23) Pause Young (Normal) (G1 Evacuation Pause) 757M->145M(1024M) 35.081ms
[2022-09-21T15:20:14.926+0700][gc,cpu      ] GC(23) User=0.02s Sys=0.06s Real=0.03s
[2022-09-21T16:55:36.753+0700][gc,heap,exit] Heap
[2022-09-21T16:55:36.753+0700][gc,heap,exit]  garbage-first heap   total 1048576K, used 703374K [0x00000007c0000000, 0x0000000800000000)
[2022-09-21T16:55:36.753+0700][gc,heap,exit]   region size 1024K, 543 young (556032K), 2 survivors (2048K)
[2022-09-21T16:55:36.753+0700][gc,heap,exit]  Metaspace       used 40452K, committed 40960K, reserved 1089536K
[2022-09-21T16:55:36.754+0700][gc,heap,exit]   class space    used 4693K, committed 4928K, reserved 1048576K
