[2022-09-19T15:20:56.023+0700][gc] Using G1
[2022-09-19T15:20:56.025+0700][gc,init] Version: 17.0.4.1+1-LTS-2 (release)
[2022-09-19T15:20:56.026+0700][gc,init] CPUs: 12 total, 12 available
[2022-09-19T15:20:56.026+0700][gc,init] Memory: 16384M
[2022-09-19T15:20:56.026+0700][gc,init] Large Page Support: Disabled
[2022-09-19T15:20:56.026+0700][gc,init] NUMA Support: Disabled
[2022-09-19T15:20:56.026+0700][gc,init] Compressed Oops: Enabled (Zero based)
[2022-09-19T15:20:56.026+0700][gc,init] Heap Region Size: 1M
[2022-09-19T15:20:56.026+0700][gc,init] Heap Min Capacity: 512M
[2022-09-19T15:20:56.026+0700][gc,init] Heap Initial Capacity: 512M
[2022-09-19T15:20:56.026+0700][gc,init] Heap Max Capacity: 512M
[2022-09-19T15:20:56.026+0700][gc,init] Pre-touch: Disabled
[2022-09-19T15:20:56.026+0700][gc,init] Parallel Workers: 10
[2022-09-19T15:20:56.026+0700][gc,init] Concurrent Workers: 3
[2022-09-19T15:20:56.026+0700][gc,init] Concurrent Refinement Workers: 10
[2022-09-19T15:20:56.026+0700][gc,init] Periodic GC: Disabled
[2022-09-19T15:20:56.026+0700][gc,metaspace] CDS archive(s) mapped at: [0x0000000800000000-0x0000000800bd8000-0x0000000800bd8000), size 12419072, SharedBaseAddress: 0x0000000800000000, ArchiveRelocationMode: 0.
[2022-09-19T15:20:56.026+0700][gc,metaspace] Compressed class space mapped at: 0x0000000800c00000-0x0000000840c00000, reserved size: 1073741824
[2022-09-19T15:20:56.026+0700][gc,metaspace] Narrow klass base: 0x0000000800000000, Narrow klass shift: 0, Narrow klass range: 0x100000000
[2022-09-19T15:21:45.468+0700][gc,start    ] GC(0) Pause Young (Normal) (G1 Evacuation Pause)
[2022-09-19T15:21:45.469+0700][gc,task     ] GC(0) Using 10 workers of 10 for evacuation
[2022-09-19T15:21:45.473+0700][gc,phases   ] GC(0)   Pre Evacuate Collection Set: 0.1ms
[2022-09-19T15:21:45.474+0700][gc,phases   ] GC(0)   Merge Heap Roots: 0.2ms
[2022-09-19T15:21:45.474+0700][gc,phases   ] GC(0)   Evacuate Collection Set: 3.8ms
[2022-09-19T15:21:45.474+0700][gc,phases   ] GC(0)   Post Evacuate Collection Set: 0.4ms
[2022-09-19T15:21:45.474+0700][gc,phases   ] GC(0)   Other: 0.9ms
[2022-09-19T15:21:45.474+0700][gc,heap     ] GC(0) Eden regions: 25->0(21)
[2022-09-19T15:21:45.474+0700][gc,heap     ] GC(0) Survivor regions: 0->4(4)
[2022-09-19T15:21:45.474+0700][gc,heap     ] GC(0) Old regions: 0->4
[2022-09-19T15:21:45.474+0700][gc,heap     ] GC(0) Archive regions: 2->2
[2022-09-19T15:21:45.474+0700][gc,heap     ] GC(0) Humongous regions: 0->0
[2022-09-19T15:21:45.474+0700][gc,metaspace] GC(0) Metaspace: 7784K(7936K)->7784K(7936K) NonClass: 6900K(6976K)->6900K(6976K) Class: 884K(960K)->884K(960K)
[2022-09-19T15:21:45.474+0700][gc          ] GC(0) Pause Young (Normal) (G1 Evacuation Pause) 25M->8M(512M) 5.612ms
[2022-09-19T15:21:45.474+0700][gc,cpu      ] GC(0) User=0.03s Sys=0.01s Real=0.01s
[2022-09-19T17:03:22.715+0700][gc,heap,exit] Heap
[2022-09-19T17:03:22.715+0700][gc,heap,exit]  garbage-first heap   total 524288K, used 21667K [0x00000007e0000000, 0x0000000800000000)
[2022-09-19T17:03:22.715+0700][gc,heap,exit]   region size 1024K, 18 young (18432K), 4 survivors (4096K)
[2022-09-19T17:03:22.715+0700][gc,heap,exit]  Metaspace       used 8508K, committed 8704K, reserved 1064960K
[2022-09-19T17:03:22.715+0700][gc,heap,exit]   class space    used 908K, committed 1024K, reserved 1048576K
