[2022-09-21T18:02:13.374+0700][gc] Using G1
[2022-09-21T18:02:13.378+0700][gc,init] Version: 17.0.4.1+1-LTS-2 (release)
[2022-09-21T18:02:13.378+0700][gc,init] CPUs: 12 total, 12 available
[2022-09-21T18:02:13.378+0700][gc,init] Memory: 16384M
[2022-09-21T18:02:13.378+0700][gc,init] Large Page Support: Disabled
[2022-09-21T18:02:13.378+0700][gc,init] NUMA Support: Disabled
[2022-09-21T18:02:13.378+0700][gc,init] Compressed Oops: Enabled (Zero based)
[2022-09-21T18:02:13.378+0700][gc,init] Heap Region Size: 1M
[2022-09-21T18:02:13.378+0700][gc,init] Heap Min Capacity: 512M
[2022-09-21T18:02:13.378+0700][gc,init] Heap Initial Capacity: 512M
[2022-09-21T18:02:13.378+0700][gc,init] Heap Max Capacity: 512M
[2022-09-21T18:02:13.378+0700][gc,init] Pre-touch: Disabled
[2022-09-21T18:02:13.378+0700][gc,init] Parallel Workers: 10
[2022-09-21T18:02:13.378+0700][gc,init] Concurrent Workers: 3
[2022-09-21T18:02:13.378+0700][gc,init] Concurrent Refinement Workers: 10
[2022-09-21T18:02:13.378+0700][gc,init] Periodic GC: Disabled
[2022-09-21T18:02:13.378+0700][gc,metaspace] CDS archive(s) mapped at: [0x0000000800000000-0x0000000800bd8000-0x0000000800bd8000), size 12419072, SharedBaseAddress: 0x0000000800000000, ArchiveRelocationMode: 0.
[2022-09-21T18:02:13.378+0700][gc,metaspace] Compressed class space mapped at: 0x0000000800c00000-0x0000000840c00000, reserved size: 1073741824
[2022-09-21T18:02:13.378+0700][gc,metaspace] Narrow klass base: 0x0000000800000000, Narrow klass shift: 0, Narrow klass range: 0x100000000
[2022-09-21T18:02:15.049+0700][gc,start    ] GC(0) Pause Young (Normal) (G1 Evacuation Pause)
[2022-09-21T18:02:15.050+0700][gc,task     ] GC(0) Using 10 workers of 10 for evacuation
[2022-09-21T18:02:15.054+0700][gc,phases   ] GC(0)   Pre Evacuate Collection Set: 0.1ms
[2022-09-21T18:02:15.054+0700][gc,phases   ] GC(0)   Merge Heap Roots: 0.1ms
[2022-09-21T18:02:15.054+0700][gc,phases   ] GC(0)   Evacuate Collection Set: 3.8ms
[2022-09-21T18:02:15.054+0700][gc,phases   ] GC(0)   Post Evacuate Collection Set: 0.4ms
[2022-09-21T18:02:15.054+0700][gc,phases   ] GC(0)   Other: 0.6ms
[2022-09-21T18:02:15.054+0700][gc,heap     ] GC(0) Eden regions: 25->0(21)
[2022-09-21T18:02:15.054+0700][gc,heap     ] GC(0) Survivor regions: 0->4(4)
[2022-09-21T18:02:15.054+0700][gc,heap     ] GC(0) Old regions: 0->4
[2022-09-21T18:02:15.054+0700][gc,heap     ] GC(0) Archive regions: 2->2
[2022-09-21T18:02:15.054+0700][gc,heap     ] GC(0) Humongous regions: 0->0
[2022-09-21T18:02:15.054+0700][gc,metaspace] GC(0) Metaspace: 7816K(8000K)->7816K(8000K) NonClass: 6939K(7040K)->6939K(7040K) Class: 877K(960K)->877K(960K)
[2022-09-21T18:02:15.054+0700][gc          ] GC(0) Pause Young (Normal) (G1 Evacuation Pause) 25M->8M(512M) 5.092ms
[2022-09-21T18:02:15.054+0700][gc,cpu      ] GC(0) User=0.02s Sys=0.01s Real=0.01s
[2022-09-21T18:38:21.400+0700][gc,heap,exit] Heap
[2022-09-21T18:38:21.400+0700][gc,heap,exit]  garbage-first heap   total 524288K, used 12343K [0x00000007e0000000, 0x0000000800000000)
[2022-09-21T18:38:21.400+0700][gc,heap,exit]   region size 1024K, 8 young (8192K), 4 survivors (4096K)
[2022-09-21T18:38:21.400+0700][gc,heap,exit]  Metaspace       used 7991K, committed 8192K, reserved 1056768K
[2022-09-21T18:38:21.400+0700][gc,heap,exit]   class space    used 894K, committed 960K, reserved 1048576K
