[2022-09-20T17:49:57.890+0700][gc] Using G1
[2022-09-20T17:49:57.893+0700][gc,init] Version: 17.0.4.1+1-LTS-2 (release)
[2022-09-20T17:49:57.893+0700][gc,init] CPUs: 12 total, 12 available
[2022-09-20T17:49:57.893+0700][gc,init] Memory: 16384M
[2022-09-20T17:49:57.893+0700][gc,init] Large Page Support: Disabled
[2022-09-20T17:49:57.893+0700][gc,init] NUMA Support: Disabled
[2022-09-20T17:49:57.893+0700][gc,init] Compressed Oops: Enabled (Zero based)
[2022-09-20T17:49:57.893+0700][gc,init] Heap Region Size: 1M
[2022-09-20T17:49:57.893+0700][gc,init] Heap Min Capacity: 512M
[2022-09-20T17:49:57.893+0700][gc,init] Heap Initial Capacity: 512M
[2022-09-20T17:49:57.893+0700][gc,init] Heap Max Capacity: 512M
[2022-09-20T17:49:57.893+0700][gc,init] Pre-touch: Disabled
[2022-09-20T17:49:57.893+0700][gc,init] Parallel Workers: 10
[2022-09-20T17:49:57.893+0700][gc,init] Concurrent Workers: 3
[2022-09-20T17:49:57.893+0700][gc,init] Concurrent Refinement Workers: 10
[2022-09-20T17:49:57.893+0700][gc,init] Periodic GC: Disabled
[2022-09-20T17:49:57.894+0700][gc,metaspace] CDS archive(s) mapped at: [0x0000000800000000-0x0000000800bd8000-0x0000000800bd8000), size 12419072, SharedBaseAddress: 0x0000000800000000, ArchiveRelocationMode: 0.
[2022-09-20T17:49:57.894+0700][gc,metaspace] Compressed class space mapped at: 0x0000000800c00000-0x0000000840c00000, reserved size: 1073741824
[2022-09-20T17:49:57.894+0700][gc,metaspace] Narrow klass base: 0x0000000800000000, Narrow klass shift: 0, Narrow klass range: 0x100000000
[2022-09-20T17:50:32.536+0700][gc,start    ] GC(0) Pause Young (Normal) (G1 Evacuation Pause)
[2022-09-20T17:50:32.537+0700][gc,task     ] GC(0) Using 10 workers of 10 for evacuation
[2022-09-20T17:50:32.544+0700][gc,phases   ] GC(0)   Pre Evacuate Collection Set: 0.1ms
[2022-09-20T17:50:32.544+0700][gc,phases   ] GC(0)   Merge Heap Roots: 0.4ms
[2022-09-20T17:50:32.544+0700][gc,phases   ] GC(0)   Evacuate Collection Set: 3.7ms
[2022-09-20T17:50:32.544+0700][gc,phases   ] GC(0)   Post Evacuate Collection Set: 1.3ms
[2022-09-20T17:50:32.544+0700][gc,phases   ] GC(0)   Other: 1.9ms
[2022-09-20T17:50:32.544+0700][gc,heap     ] GC(0) Eden regions: 25->0(21)
[2022-09-20T17:50:32.544+0700][gc,heap     ] GC(0) Survivor regions: 0->4(4)
[2022-09-20T17:50:32.544+0700][gc,heap     ] GC(0) Old regions: 0->4
[2022-09-20T17:50:32.544+0700][gc,heap     ] GC(0) Archive regions: 2->2
[2022-09-20T17:50:32.544+0700][gc,heap     ] GC(0) Humongous regions: 0->0
[2022-09-20T17:50:32.544+0700][gc,metaspace] GC(0) Metaspace: 7893K(8000K)->7893K(8000K) NonClass: 7005K(7040K)->7005K(7040K) Class: 887K(960K)->887K(960K)
[2022-09-20T17:50:32.544+0700][gc          ] GC(0) Pause Young (Normal) (G1 Evacuation Pause) 25M->8M(512M) 8.227ms
[2022-09-20T17:50:32.544+0700][gc,cpu      ] GC(0) User=0.02s Sys=0.02s Real=0.01s
[2022-09-21T03:23:54.655+0700][gc,start    ] GC(1) Pause Young (Normal) (G1 Evacuation Pause)
[2022-09-21T03:23:54.662+0700][gc,task     ] GC(1) Using 10 workers of 10 for evacuation
[2022-09-21T03:23:54.681+0700][gc,phases   ] GC(1)   Pre Evacuate Collection Set: 0.6ms
[2022-09-21T03:23:54.688+0700][gc,phases   ] GC(1)   Merge Heap Roots: 0.1ms
[2022-09-21T03:23:54.688+0700][gc,phases   ] GC(1)   Evacuate Collection Set: 17.2ms
[2022-09-21T03:23:54.708+0700][gc,phases   ] GC(1)   Post Evacuate Collection Set: 0.4ms
[2022-09-21T03:23:54.708+0700][gc,phases   ] GC(1)   Other: 8.1ms
[2022-09-21T03:23:54.728+0700][gc,heap     ] GC(1) Eden regions: 21->0(24)
[2022-09-21T03:23:54.728+0700][gc,heap     ] GC(1) Survivor regions: 4->1(4)
[2022-09-21T03:23:54.728+0700][gc,heap     ] GC(1) Old regions: 4->8
[2022-09-21T03:23:54.728+0700][gc,heap     ] GC(1) Archive regions: 2->2
[2022-09-21T03:23:54.728+0700][gc,heap     ] GC(1) Humongous regions: 0->0
[2022-09-21T03:23:54.747+0700][gc,metaspace] GC(1) Metaspace: 8586K(8832K)->8586K(8832K) NonClass: 7677K(7808K)->7677K(7808K) Class: 909K(1024K)->909K(1024K)
[2022-09-21T03:23:54.747+0700][gc          ] GC(1) Pause Young (Normal) (G1 Evacuation Pause) 29M->9M(512M) 91.709ms
[2022-09-21T03:23:54.747+0700][gc,cpu      ] GC(1) User=0.02s Sys=0.07s Real=0.09s
[2022-09-21T14:38:17.325+0700][gc,start    ] GC(2) Pause Young (Normal) (G1 Evacuation Pause)
[2022-09-21T14:38:17.330+0700][gc,task     ] GC(2) Using 10 workers of 10 for evacuation
[2022-09-21T14:38:17.380+0700][gc,mmu      ] GC(2) MMU target violated: 21.0ms (20.0ms/21.0ms)
[2022-09-21T14:38:17.380+0700][gc,phases   ] GC(2)   Pre Evacuate Collection Set: 5.3ms
[2022-09-21T14:38:17.380+0700][gc,phases   ] GC(2)   Merge Heap Roots: 2.8ms
[2022-09-21T14:38:17.380+0700][gc,phases   ] GC(2)   Evacuate Collection Set: 40.2ms
[2022-09-21T14:38:17.380+0700][gc,phases   ] GC(2)   Post Evacuate Collection Set: 0.8ms
[2022-09-21T14:38:17.380+0700][gc,phases   ] GC(2)   Other: 6.9ms
[2022-09-21T14:38:17.380+0700][gc,heap     ] GC(2) Eden regions: 24->0(24)
[2022-09-21T14:38:17.380+0700][gc,heap     ] GC(2) Survivor regions: 1->1(4)
[2022-09-21T14:38:17.380+0700][gc,heap     ] GC(2) Old regions: 8->8
[2022-09-21T14:38:17.380+0700][gc,heap     ] GC(2) Archive regions: 2->2
[2022-09-21T14:38:17.380+0700][gc,heap     ] GC(2) Humongous regions: 0->0
[2022-09-21T14:38:17.380+0700][gc,metaspace] GC(2) Metaspace: 8652K(8832K)->8652K(8832K) NonClass: 7742K(7808K)->7742K(7808K) Class: 909K(1024K)->909K(1024K)
[2022-09-21T14:38:17.380+0700][gc          ] GC(2) Pause Young (Normal) (G1 Evacuation Pause) 33M->8M(512M) 54.542ms
[2022-09-21T14:38:17.380+0700][gc,cpu      ] GC(2) User=0.01s Sys=0.15s Real=0.06s
[2022-09-21T16:53:54.314+0700][gc,heap,exit] Heap
[2022-09-21T16:53:54.316+0700][gc,heap,exit]  garbage-first heap   total 524288K, used 29689K [0x00000007e0000000, 0x0000000800000000)
[2022-09-21T16:53:54.316+0700][gc,heap,exit]   region size 1024K, 22 young (22528K), 1 survivors (1024K)
[2022-09-21T16:53:54.316+0700][gc,heap,exit]  Metaspace       used 8655K, committed 8832K, reserved 1064960K
[2022-09-21T16:53:54.316+0700][gc,heap,exit]   class space    used 910K, committed 1024K, reserved 1048576K
